Open Watcom Linker Version 1.6
Portions Copyright (c) 1985-2002 Sybase, Inc. All Rights Reserved.
Created on:       08/09/15 22:46:03
Executable Image: eCSBall.dll
creating an OS/2 and eComStation dynamic link library
symbol __set_commode_ removed
symbol _heapenable_ removed
symbol __set_handles_ removed
symbol _grow_handles_ removed


                        +------------+
                        |   Groups   |
                        +------------+

Group                           Address              Size
=====                           =======              ====

DGROUP                          0003:00000000        000013c0



                        +--------------+
                        |   Segments   |
                        +--------------+

Segment                Class          Group          Address         Size
=======                =====          =====          =======         ====

_TEXT16                CODE           AUTO           0001:00000000   00000068
BEGTEXT                CODE           AUTO           0002:00000000   00000007
_TEXT                  CODE           AUTO           0002:00000010   00009d4b
_NULL                  BEGDATA        DGROUP         0003:00000000   00000004
_AFTERNULL             BEGDATA        DGROUP         0003:00000004   00000000
CONST                  DATA           DGROUP         0003:00000004   00000114
CONST2                 DATA           DGROUP         0003:00000118   00000000
_DATA                  DATA           DGROUP         0003:00000118   00000674
XIB                    DATA           DGROUP         0003:0000078c   00000000
XI                     DATA           DGROUP         0003:0000078c   00000036
XIE                    DATA           DGROUP         0003:000007c2   00000000
YIB                    DATA           DGROUP         0003:000007c2   00000000
YI                     DATA           DGROUP         0003:000007c2   0000001e
YIE                    DATA           DGROUP         0003:000007e0   00000000
TIB                    DATA           DGROUP         0003:000007e0   00000000
TI                     DATA           DGROUP         0003:000007e0   00000000
TIE                    DATA           DGROUP         0003:000007e0   00000000
DATA                   DATA           DGROUP         0003:000007e0   00000000
_BSS                   BSS            DGROUP         0003:000007e0   00000bd4
STACK                  STACK          DGROUP         0003:000013c0   00000000


                        +----------------+
                        |   Memory Map   |
                        +----------------+

* = unreferenced symbol
+ = symbol only referenced locally

Address        Symbol
=======        ======

Module: eCSBall.obj(D:\WATCOM\Projects\SSaver\Modules\eCSBall\eCSBall.c)
0003:000007e0+ _sizImageDestSize
0003:000007e8+ _ampMP2
0003:000008e8+ _ampMP1
0003:000009e8+ _ptlImageDestPos
0003:000009f0+ _sizImageSize
0003:000009f8+ _ulAnimationTimerID
0003:000009fc+ _hmqSaverThreadMsgQueue
0003:00000a00+ _hbmImage
0003:00000a04+ _ulAutoHiderTimerID
0003:00000a08+ _bOnlyPreviewMode
0003:00000a0c+ _apchNLSText
0003:00000a30+ _iNumEventsInRecord
0003:00000a34+ _bImagePositionValid
0003:00000a38+ _hmtxUseNLSTextArray
0003:00000a3c+ _hwndSaverWindow
0003:00000a40+ _hpsImage
0003:00000a44+ _hdcImage
0003:00000a48+ _iSaverThreadState
0003:00000a4c+ _tidSaverThread
0002:00000650+ fnAutoHiderDlgProc
0002:00000710+ internal_LoadBitmapResource_
0002:00000870+ internal_DestroyBitmapResource_
0002:000008e0+ internal_CalculateDestImageSize_
0002:000009e0+ internal_MakeRandomImagePosition_
0002:00000a80+ fnSaverWindowProc
0002:000010c0+ fnSaverThread_
0002:000014a0+ SSModule_GetModuleDesc
0002:00001570+ SSModule_Configure
0002:00001580+ SSModule_StartSaving
0002:00001600+ SSModule_StopSaving
0002:00001660+ SSModule_AskUserForPassword
0002:000016a0+ SSModule_ShowWrongPasswordNotification
0002:000016d0+ SSModule_PauseSaving
0002:00001700+ SSModule_ResumeSaving
0002:00001730+ SSModule_SetNLSText
0002:00001800+ SSModule_SetCommonSetting
0002:00001820  LibMain
0003:00000118+ _bFirstKeyGoesToPwdWindow
0003:00000a50+ _bRunning
0003:00000a54+ _hmodOurDLLHandle
Module: msgx.obj(D:\WATCOM\Projects\SSaver\Modules\eCSBall\msgx.c)
0002:000018d0  fopenMessageFile_
0002:00001950* vfyMemMessageFile_
0002:00001970  sprintmsg_
0002:00001cd0* sprintmemmsg_
0002:00002020+ _getMessage_
0002:000020f0+ _getMemMessage_
0002:000021e0+ memread_
0002:000021f0+ _insertstring_
0002:00002250+ _deletestring_
0002:00002290+ _scrubfmt_
0002:00002330+ _scrubprecent_
0002:00002370+ _isfmtchar_
0002:00002570+ _findSubstitute_
Module: D:\watcom/lib386/os2\clib3r.lib(time)
0002:000025d0  time_
Module: D:\watcom/lib386/os2\clib3r.lib(localtim)
0002:00002610+ _localtime_
0002:00002670  localtime_
Module: D:\watcom/lib386/os2\clib3r.lib(i8m)
0002:00002688  __I8M
0002:00002688* __U8M
Module: D:\watcom/lib386/os2\clib3r.lib(i8d)
0002:000026a4  __I8D
0002:000026f9* __U8D
Module: D:\watcom/lib386/os2\clib3r.lib(rand)
0002:00002790  rand_
0002:000027c0  srand_
Module: D:\watcom/lib386/os2\clib3r.lib(register)
0002:000027f0  __initthread_
0002:00002800  _beginthread_
0002:00002810  _endthread_
0002:00002820* __RegisterThreadData_
Module: D:\watcom/lib386/os2\clib3r.lib(nmalloc)
0002:00002870  malloc_
0002:00002880  _nmalloc_
0003:00000128  ___nheapbeg
0003:0000012c  ___MiniHeapRover
0003:00000130  ___LargestSizeB4MiniHeapRover
Module: D:\watcom/lib386/os2\clib3r.lib(strncpy)
0002:00002980  strncpy_
Module: D:\watcom/lib386/os2\clib3r.lib(sprintf)
0002:000029c0  sprintf_
Module: D:\watcom/lib386/os2\clib3r.lib(nfree)
0002:000029f0  free_
0002:00002a00  _nfree_
0003:00000a58  ___MiniHeapFreeRover
Module: D:\watcom/lib386/os2\clib3r.lib(fclose)
0002:00002b10  __doclose_
0002:00002bb0  __shutdown_stream_
0002:00002bd0  fclose_
0003:00000a5c+ ___RmTmpFileFn
Module: D:\watcom/lib386/os2\clib3r.lib(dstrt386)
0002:00002c12  __DLLstart_
0002:00002c12* __DLLstartw_
Module: D:\watcom/lib386/os2\clib3r.lib(fopen)
0002:00002c70+ __open_flags_
0002:00002eb0+ _fsopen_
0002:00002f00  fopen_
0002:00002f90* freopen_
Module: D:\watcom/lib386/os2\clib3r.lib(fread)
0002:00003000  fread_
Module: D:\watcom/lib386/os2\clib3r.lib(_strcmp)
0002:00003230  strcmp_
Module: D:\watcom/lib386/os2\clib3r.lib(rewind)
0002:00003370  rewind_
Module: D:\watcom/lib386/os2\clib3r.lib(fseek)
0002:000033f0  fseek_
Module: D:\watcom/lib386/os2\clib3r.lib(strnicmp)
0002:00003520  strnicmp_
Module: D:\watcom/lib386/os2\clib3r.lib(memmove)
0002:00003570  memmove_
Module: D:\watcom/lib386/os2\clib3r.lib(fltused)
0003:00000134  _fltused_
Module: D:\watcom/lib386/os2\emu387.lib(386)
0002:000035c4  __init_387_emulator
0002:000035c5* __fini_387_emulator
Module: D:\watcom/lib386/os2\clib3r.lib(_8087)
0003:00000138  __8087
0003:00000139  __real87
Module: D:\watcom/lib386/os2\clib3r.lib(gtctmos2)
0002:000035d0  __getctime_
Module: D:\watcom/lib386/os2\clib3r.lib(mktime)
0002:00003640  mktime_
Module: D:\watcom/lib386/os2\clib3r.lib(tzset)
0003:0000013c  ___start_dst
0003:00000160  ___end_dst
0003:00000288* _tzname
0003:00000290  _timezone
0003:00000294  _daylight
0003:00000298  ___dst_adjust
0002:000036e0* __DontCacheOSTZ_
0002:00003700* __CacheOSTZ_
0002:00003970+ __parse_tz_
0002:00003ae0  tzset_
Module: D:\watcom/lib386/os2\clib3r.lib(gmtime)
0002:00003b70  __brktime_
0002:00003c70+ _gmtime_
0002:00003c90* gmtime_
Module: D:\watcom/lib386/os2\clib3r.lib(timeutil)
0002:00003df0  __isindst_
Module: D:\watcom/lib386/os2\clib3r.lib(maino32)
0003:000002a0  ___FirstThreadData
0003:000002a4  ___GetThreadPtr
0003:000002a8  __AccessFileH
0003:000002ac  __ReleaseFileH
0003:000002b0  __AccessIOB
0003:000002b4  __ReleaseIOB
0003:000002b8  __AccessNHeap
0003:000002bc  __AccessFHeap
0003:000002c0  __ReleaseNHeap
0003:000002c4  __ReleaseFHeap
0002:0000415a  __threadstack_
0002:00004161  __threadid_
0002:0000416a* __OS2MainInit_
0002:000041d9  __OS2Init_
0002:00004217  __OS2Fini_
0002:00004222  __shutdown_stack_checking_
0002:00004237  __exit_
0003:000002c8  __AccessTDList
0003:000002cc  __ReleaseTDList
0003:000002d0  ___sig_init_rtn
0003:000002d4  ___sig_fini_rtn
0003:000002d8  __threadstksize
0003:000002dc+ ___process_fini
0003:00000a60  ___Is_DLL
0003:00000a64+ ___saved_CS
Module: D:\watcom/lib386/os2\clib3r.lib(thredo32)
0002:00004320  __CBeginThread_
0002:000043c0  __CEndThread_
Module: D:\watcom/lib386/os2\clib3r.lib(nmemneed)
0002:000043e0  __nmemneed_
Module: D:\watcom/lib386/os2\clib3r.lib(mem)
0002:000043f0  __MemAllocator
0002:000044b0  __MemFree
Module: D:\watcom/lib386/os2\clib3r.lib(grownear)
0002:00004770  __ExpandDGROUP_
Module: D:\watcom/lib386/os2\clib3r.lib(vsprintf)
0002:000047b0  vsprintf_
Module: D:\watcom/lib386/os2\clib3r.lib(lseekos2)
0002:000047d0  __lseek_
Module: D:\watcom/lib386/os2\clib3r.lib(_clseos2)
0002:00004810  __close_
Module: D:\watcom/lib386/os2\clib3r.lib(flush)
0002:00004850  __flush_
Module: D:\watcom/lib386/os2\clib3r.lib(freefp)
0002:00004960  __freefp_
0002:000049b0  __purgefp_
Module: D:\watcom/lib386/os2\clib3r.lib(iob)
0003:000002e0  ___iob
0003:000004e8  __fmode
0003:00000b68  ___OpenStreams
0003:00000b6c  ___ClosedStreams
Module: D:\watcom/lib386/os2\clib3r.lib(dmaino32)
0002:000049de  __LibMain
Module: D:\watcom/lib386/os2\clib3r.lib(segdefns)
0002:00000003  ___begtext
0003:00000000* __nullarea
0003:0000078c  __Start_XI
0003:000007c2  __End_XI
0003:000007c2  __Start_YI
0003:000007e0  __End_YI
Module: D:\watcom/lib386/os2\clib3r.lib(comtflag)
0003:000004ec  __commode
Module: D:\watcom/lib386/os2\clib3r.lib(seterrno)
0002:00004c0a  __set_errno_
0002:00004c18* __set_EDOM_
0002:00004c26  __set_ERANGE_
0002:00004c34* __set_EINVAL_
0002:00004c47  __set_doserrno_
Module: D:\watcom/lib386/os2\clib3r.lib(tolower)
0002:00004c60  tolower_
Module: D:\watcom/lib386/os2\clib3r.lib(openos2)
0002:00004e00* open_
0002:00004e20  sopen_
Module: D:\watcom/lib386/os2\clib3r.lib(chktty)
0002:00004e50  __chktty_
Module: D:\watcom/lib386/os2\clib3r.lib(allocfp)
0002:00004e90  __allocfp_
Module: D:\watcom/lib386/os2\clib3r.lib(qread)
0002:00004f60  __qread_
Module: D:\watcom/lib386/os2\clib3r.lib(ioalloc)
0002:00004f90  __ioalloc_
Module: D:\watcom/lib386/os2\clib3r.lib(fgetc)
0002:00005030  __fill_buffer_
0002:00005110+ __filbuf_
0002:00005140* fgetc_
Module: D:\watcom/lib386/os2\clib3r.lib(lseek)
0002:00005210  lseek_
Module: D:\watcom/lib386/os2\clib3r.lib(tellos2)
0002:00005240  tell_
Module: D:\watcom/lib386/os2\clib3r.lib(setefg)
0002:00005280  __setEFGfmt_
Module: D:\watcom/lib386/os2\clib3r.lib(chk8087)
0002:000052a0  _fpreset_
0002:000052c0* __init_8087_
0002:000052e0  __chk8087_
Module: D:\watcom/lib386/os2\clib3r.lib(crwdata)
0003:00000534  __osmajor
0003:00000535  __osminor
0003:000004f8  __LpCmdLine
0003:000004fc  __LpPgmName
0003:00000500  __LpDllName
0003:00000504  __LpwCmdLine
0003:00000508  __LpwPgmName
0003:0000050c  __LpwDllName
0003:000004f0* __dynend
0003:000004f4  __curbrk
0003:00000510* __STACKLOW
0003:00000514* __STACKTOP
0003:00000518  __ASTACKSIZ
0003:0000051c  __ASTACKPTR
0003:00000520  __cbyte
0003:00000524  __cbyte2
0003:00000528* __child
0003:0000052e  __Envptr
0003:00000532* __Envseg
0003:0000052c  __no87
0003:00000536* ___FPE_handler
Module: D:\watcom/lib386/os2\clib3r.lib(locmktim)
0002:00005340  __local_mktime_
Module: D:\watcom/lib386/os2\clib3r.lib(getenv)
0002:000054a0  getenv_
Module: D:\watcom/lib386/os2\clib3r.lib(leapyear)
0002:00005530  __leapyear_
0003:000000bc  ___diyr
0003:000000d6  ___dilyr
Module: D:\watcom/lib386/os2\clib3r.lib(cinit)
0002:00005570  __CommonInit_
0003:00000e80  ___hmodule
Module: D:\watcom/lib386/os2\clib3r.lib(initrtns)
0002:00005590  __InitRtns
0002:000055e0  __FiniRtns
Module: D:\watcom/lib386/os2\clib3r.lib(mthrdini)
0002:00005640  __InitThreadData_
0003:0000053c  ___ThreadDataSize
Module: D:\watcom/lib386/os2\clib3r.lib(memset)
0002:00005660  memset_
Module: D:\watcom/lib386/os2\clib3r.lib(mthread)
0002:000056d0+ __CloseSemaphore_
0002:00005710+ __AccessSemaphore_
0002:00005770+ __ReleaseSemaphore_
0002:000057d0+ __AccessIOB_
0002:000057e0+ __ReleaseIOB_
0002:000057f0+ __AccessFileH_
0002:00005800+ __ReleaseFileH_
0002:00005810+ __AccessNHeap_
0002:00005820+ __ReleaseNHeap_
0002:00005830+ __AccessFHeap_
0002:00005840+ __ReleaseFHeap_
0002:00005850+ __AccessTDList_
0002:00005860+ __ReleaseTDList_
0002:00005870+ __MultipleThread_
0002:000058c0  __AllocInitThreadData_
0002:00005910  __FreeInitThreadData_
0002:00005920  __OS2AddThread_
0002:00005990  __OS2RemoveThread_
0002:000059e0  __InitMultipleThread_
0003:00000540+ ___AccessSema4
0003:00000544+ ___ReleaseSema4
0003:00000548+ ___CloseSema4
Module: D:\watcom/lib386/os2\clib3r.lib(trdalloc)
0002:00005b80  __InitThreadProcessing_
0002:00005ba0  __FiniThreadProcessing_
0003:00000fd4  ___ThreadData
Module: D:\watcom/lib386/os2\clib3r.lib(amblksiz)
0003:0000054c  __amblksiz
Module: D:\watcom/lib386/os2\clib3r.lib(heapen)
0003:00000550  ___heap_enabled
Module: D:\watcom/lib386/os2\clib3r.lib(nheapmin)
0002:00005c00  _heapshrink_
0002:00005c10* _heapmin_
0002:00005c20* _nheapmin_
0002:00005ce0  _nheapshrink_
Module: D:\watcom/lib386/os2\clib3r.lib(prtf)
0002:00005d20  __prtf_
Module: D:\watcom/lib386/os2\clib3r.lib(dosret)
0002:00006a20* _dosretax_
0002:00006a30* _dosret0_
0002:00006a40  __set_errno_dos_
Module: D:\watcom/lib386/os2\clib3r.lib(iomode)
0002:00006a70  __GetIOMode_
0002:00006a90  __SetIOMode_nogrow_
0003:00000658  ___NFiles
0003:0000065c  ___init_mode
0003:000006ac  ___io_mode
Module: D:\watcom/lib386/os2\clib3r.lib(fsync)
0002:00006ab0  fsync_
Module: D:\watcom/lib386/os2\clib3r.lib(qwrit)
0002:00006ae0  __qwrite_
Module: D:\watcom/lib386/os2\clib3r.lib(initfile)
0002:00006bb0  __InitFiles_
Module: D:\watcom/lib386/os2\clib3r.lib(ioexit)
0002:00006cb0* fcloseall_
0002:00006cc0  __full_io_exit_
Module: D:\watcom/lib386/os2\clib3r.lib(ddgrpo32)
0002:00006da0  __disallow_single_dgroup_
Module: D:\watcom/lib386/os2\clib3r.lib(atouni)
0002:00006ff0  _atouni_
Module: D:\watcom/lib386/os2\clib3r.lib(maxthrds)
0003:000006b0  ___MaxThreads
Module: D:\watcom/lib386/os2\clib3r.lib(dosseg)
0000:00001234  __DOSseg__
Module: D:\watcom/lib386/os2\clib3r.lib(umaskval)
0003:000006b4  ___umaskval
Module: D:\watcom/lib386/os2\clib3r.lib(isattos2)
0002:00007030  isatty_
Module: D:\watcom/lib386/os2\clib3r.lib(stiomode)
0002:00007060  __grow_iomode_
0002:00007130+ __shrink_iomode_
0002:000071c0  __SetIOMode_
Module: D:\watcom/lib386/os2\clib3r.lib(flushall)
0002:00007230  __flushall_
0002:00007270* flushall_
Module: D:\watcom/lib386/os2\clib3r.lib(gtcheos2)
0002:00007280  getche_
Module: D:\watcom/lib386\math387r.lib(efgfmt)
0002:000072a7  _EFG_Format_
Module: D:\watcom/lib386\math387r.lib(cnvs2d)
0002:0000740c  __cnvs2d_
Module: D:\watcom/lib386/os2\clib3r.lib(noefgfmt)
0003:000006b8  ___EFG_printf
0003:000006bc  ___EFG_scanf
Module: D:\watcom/lib386/os2\clib3r.lib(8087cw)
0003:000006c0  __8087cw
Module: D:\watcom/lib386/os2\clib3r.lib(init8087)
0002:00007464  __x87id
Module: D:\watcom/lib386/os2\clib3r.lib(environ)
0003:00001298  ___env_mask
0003:0000129c  _environ
0003:000012a0* __wenviron
Module: D:\watcom/lib386/os2\clib3r.lib(mbterm)
0002:000074a0  _mbterm_
Module: D:\watcom/lib386/os2\clib3r.lib(mbsnextc)
0002:000074e0  _mbsnextc_
Module: D:\watcom/lib386/os2\clib3r.lib(mbcupper)
0002:00007520  _mbctoupper_
Module: D:\watcom/lib386/os2\clib3r.lib(mbsinc)
0002:00007540  _mbsinc_
Module: D:\watcom/lib386/os2\clib3r.lib(__stos)
0002:00007570  __STOSB
0002:000075a7* __STOSD
Module: D:\watcom/lib386/os2\clib3r.lib(xmsgo32)
0002:00007620+ __exit_with_msg_
0002:00007650  __fatal_runtime_error_
Module: D:\watcom/lib386/os2\clib3r.lib(trdlist)
0002:000076c0  __GetThreadData_
0002:000077e0  __ReallocThreadData_
0002:00007950  __AddThreadData_
0002:000079d0  __RemoveThreadData_
0002:00007a30* __ResizeThreadDataList_
0002:00007a80  __FreeThreadDataList_
0002:00007ab0* __ActiveThreads_
Module: D:\watcom/lib386/os2\clib3r.lib(calloc)
0002:00007ad0  calloc_
Module: D:\watcom/lib386/os2\clib3r.lib(thrdmax)
0002:00007af0  __GETMAXTHREADS
Module: D:\watcom/lib386/os2\clib3r.lib(wctomb)
0002:00007b00  wctomb_
Module: D:\watcom/lib386/os2\clib3r.lib(itoa)
0002:00007b30+ utoa_
0002:00007b80  itoa_
Module: D:\watcom/lib386/os2\clib3r.lib(strupr)
0002:00007bb0  strupr_
Module: D:\watcom/lib386/os2\clib3r.lib(lltoa)
0002:00007bd0  ulltoa_
0002:00007c40* lltoa_
Module: D:\watcom/lib386/os2\clib3r.lib(ltoa)
0002:00007c70  ultoa_
0002:00007cc0* ltoa_
Module: D:\watcom/lib386/os2\clib3r.lib(mbisdbcs)
0003:000012a8  ___IsDBCS
Module: D:\watcom/lib386/os2\clib3r.lib(mbislead)
0002:00007cf0* _ismbblead_
0003:000012ac  ___MBCSIsTable
Module: D:\watcom/lib386/os2\clib3r.lib(nrealloc)
0002:00007d10  realloc_
0002:00007d20+ _nrealloc_
Module: D:\watcom/lib386/os2\clib3r.lib(hdlman)
0003:000006c4  ___NHandles
Module: D:\watcom/lib386/os2\clib3r.lib(iomodtty)
0002:00007da0  __ChkTTYIOMode_
0002:00007df0* __IOMode_
Module: D:\watcom/lib386/os2\clib3r.lib(getchos2)
0002:00007e10  getch_
Module: D:\watcom/lib386/os2\clib3r.lib(putchos2)
0002:00007ed0  putch_
Module: D:\watcom/lib386\math387r.lib(ldcvt)
0002:00008008  _LDScale10x_
0002:0000863b  __LDcvt_
Module: D:\watcom/lib386\math387r.lib(strtod)
0002:0000900e+ __Strtold_
0002:0000917d  strtod_
Module: D:\watcom/lib386/os2\clib3r.lib(setenvp)
0002:000092d0  __setenvp_
0002:00009390  __freeenvp_
Module: D:\watcom/lib386/os2\clib3r.lib(toupper)
0002:000093f0  toupper_
Module: D:\watcom/lib386/os2\clib3r.lib(mbinit)
0002:00009440  __mbinit_
0003:00000770  ___MBCodePage
Module: D:\watcom/lib386/os2\clib3r.lib(mbdtoupp)
0002:00009540  _mbdtoupper_
Module: D:\watcom/lib386/os2\clib3r.lib(enterdb)
0002:00009560  __EnterWVIDEO_
0003:00000774+ ___WD_Present
Module: D:\watcom/lib386/os2\clib3r.lib(alphabet)
0003:000000f0  ___Alphabet
Module: D:\watcom/lib386/os2\clib3r.lib(nmsize)
0002:00009590* _msize_
0002:000095a0  _nmsize_
Module: D:\watcom/lib386/os2\clib3r.lib(nexpand)
0002:000095b0* _expand_
0002:000095c0+ __HeapManager_expand_
0002:00009780  _nexpand_
Module: D:\watcom/lib386/os2\clib3r.lib(thunk)
0002:000097dc  __TNK
0002:000097c8* __TNC
Module: D:\watcom/lib386/os2\clib3r.lib(far16fun)
0002:0000982c  __Far16Func2
0002:00009875* __Far16Func
0002:000098c3* __Far16Pascal2
0002:0000990a* __Far16Pascal
0002:00009956* __Far16Cdecl2
0002:000099a4* __Far16Cdecl
0002:000099f7  __FlatToFar16
0002:00009a00* __Far16ToFlat
Module: D:\watcom/lib386\math387r.lib(ldclass)
0002:00009a09  __LDClass_
0002:00009a59* _FLClass_
Module: D:\watcom/lib386/os2\clib3r.lib(istable)
0002:00009a70  __IsTable
Module: D:\watcom/lib386/os2\clib3r.lib(bufld386)
0002:00009b74  __ZBuf2LD
Module: D:\watcom/lib386\math387r.lib(inf_nan)
0002:00009c17* ___f_infinity
0002:00009c1b* ___f_posqnan
0002:00009c1f  ___d_infinity
0002:00009c27  ___d_posqnan
0002:00009c2f* ___ld_infinity
0002:00009c37* ___ld_posqnan
Module: D:\watcom/lib386/os2\clib3r.lib(hugeval)
0002:00009c40  __HugeValue
Module: D:\watcom/lib386/os2\clib3r.lib(clearenv)
0002:00009c50  clearenv_
Module: D:\watcom/lib386/os2\clib3r.lib(stk)
0002:00009cf5  __STK
0002:00009ce5* __CHK
0002:00009d24* __GRO
0002:00009d14* __STKOVERFLOW_
Module: D:\watcom/lib386/os2\clib3r.lib(itsto32)
0002:00009d50  __init_threadstksize_


                        +----------------------+
                        |   Imported Symbols   |
                        +----------------------+

Symbol                              Module
======                              ======

WinQueryFocus                       PMWIN
WinPostMsg                          PMWIN
WinQueryDlgItemText                 PMWIN
WinWindowFromID                     PMWIN
WinGetPS                            PMWIN
GpiQueryTextBox                     PMGPI
WinReleasePS                        PMWIN
DosRequestMutexSem                  DOSCALLS
WinSetDlgItemText                   PMWIN
DosReleaseMutexSem                  DOSCALLS
WinSetWindowText                    PMWIN
WinQuerySysValue                    PMWIN
WinSetWindowPos                     PMWIN
WinQueryWindowPos                   PMWIN
WinSetPresParam                     PMWIN
WinBeginEnumWindows                 PMWIN
WinGetNextWindow                    PMWIN
WinEndEnumWindows                   PMWIN
WinDismissDlg                       PMWIN
WinDefDlgProc                       PMWIN
WinQueryAnchorBlock                 PMWIN
WinStopTimer                        PMWIN
WinStartTimer                       PMWIN
DevOpenDC                           PMGPI
GpiCreatePS                         PMGPI
GpiLoadBitmap                       PMGPI
GpiSetBitmap                        PMGPI
DevCloseDC                          PMGPI
GpiDeleteBitmap                     PMGPI
GpiDestroyPS                        PMGPI
GpiQueryBitmapInfoHeader            PMGPI
WinShowPointer                      PMWIN
WinDefWindowProc                    PMWIN
WinLoadDlg                          PMWIN
WinSetWindowBits                    PMWIN
WinBeginPaint                       PMWIN
WinQueryWindowRect                  PMWIN
WinFillRect                         PMWIN
WinDrawBitmap                       PMWIN
WinEndPaint                         PMWIN
WinInvalidateRect                   PMWIN
WinSendDlgItemMsg                   PMWIN
WinProcessDlg                       PMWIN
WinDestroyWindow                    PMWIN
DosSetPriority                      DOSCALLS
WinInitialize                       PMWIN
WinCreateMsgQueue                   PMWIN
WinSubclassWindow                   PMWIN
WinSendMsg                          PMWIN
WinGetMsg                           PMWIN
WinDispatchMsg                      PMWIN
WinDestroyMsgQueue                  PMWIN
WinTerminate                        PMWIN
WinRegisterClass                    PMWIN
WinCreateWindow                     PMWIN
WinQuerySysModalWindow              PMWIN
WinSetSysModalWindow                PMWIN
WinSetFocus                         PMWIN
DosScanEnv                          DOSCALLS
DosSleep                            DOSCALLS
DosWaitThread                       DOSCALLS
WinPostQueueMsg                     PMWIN
DosCloseMutexSem                    DOSCALLS
DosCreateMutexSem                   DOSCALLS
DosGetDateTime                      DOSCALLS
DosQuerySysInfo                     DOSCALLS
DosExit                             DOSCALLS
DosPostEventSem                     DOSCALLS
DosCreateEventSem                   DOSCALLS
DosCreateThread                     DOSCALLS
DosCloseEventSem                    DOSCALLS
DosWaitEventSem                     DOSCALLS
DosAllocMem                         DOSCALLS
DosSetFilePtr                       DOSCALLS
DosClose                            DOSCALLS
DosGetInfoBlocks                    DOSCALLS
DosQueryModuleName                  DOSCALLS
DosOpen                             DOSCALLS
DosRead                             DOSCALLS
DosDevConfig                        DOSCALLS
DosFreeMem                          DOSCALLS
DosResetBuffer                      DOSCALLS
DosWrite                            DOSCALLS
DosLoadModule                       DOSCALLS
DosQueryProcAddr                    DOSCALLS
DosQueryHType                       DOSCALLS
DosSetRelMaxFH                      DOSCALLS
KBD16CHARIN                         KBDCALLS
VIO16WRTTTY                         VIOCALLS
DosQueryDBCSEnv                     NLS
DosQueryCp                          DOSCALLS
DosFlatToSel                        DOSCALLS
DosSelToFlat                        DOSCALLS


                        +--------------------+
                        |   Libraries Used   |
                        +--------------------+

D:\watcom/lib386/os2\clib3r.lib
D:\watcom/lib386\math387r.lib
D:\watcom/lib386/os2\emu387.lib
D:\os2tk45\lib\os2386.lib


                        +-----------------------+
                        |   Linker Statistics   |
                        +-----------------------+

Stack size:  0000 (0.)
Memory size:  b183 (45443.)
Link time: 00:00.49
