Open Watcom Linker Version 1.6
Portions Copyright (c) 1985-2002 Sybase, Inc. All Rights Reserved.
Created on:       08/09/15 22:46:21
Executable Image: ShowImg.dll
creating an OS/2 and eComStation dynamic link library
symbol __set_commode_ removed
symbol _heapenable_ removed
symbol __set_handles_ removed
symbol _grow_handles_ removed


                        +------------+
                        |   Groups   |
                        +------------+

Group                           Address              Size
=====                           =======              ====

DGROUP                          0003:00000000        000028d0



                        +--------------+
                        |   Segments   |
                        +--------------+

Segment                Class          Group          Address         Size
=======                =====          =====          =======         ====

_TEXT16                CODE           AUTO           0001:00000000   00000068
BEGTEXT                CODE           AUTO           0002:00000000   00000007
_TEXT                  CODE           AUTO           0002:00000010   0000b12b
_NULL                  BEGDATA        DGROUP         0003:00000000   00000004
_AFTERNULL             BEGDATA        DGROUP         0003:00000004   00000000
CONST                  DATA           DGROUP         0003:00000004   0000036c
CONST2                 DATA           DGROUP         0003:00000370   00000000
_DATA                  DATA           DGROUP         0003:00000370   0000062c
XIB                    DATA           DGROUP         0003:0000099c   00000000
XI                     DATA           DGROUP         0003:0000099c   00000036
XIE                    DATA           DGROUP         0003:000009d2   00000000
YIB                    DATA           DGROUP         0003:000009d2   00000000
YI                     DATA           DGROUP         0003:000009d2   0000001e
YIE                    DATA           DGROUP         0003:000009f0   00000000
TIB                    DATA           DGROUP         0003:000009f0   00000000
TI                     DATA           DGROUP         0003:000009f0   00000000
TIE                    DATA           DGROUP         0003:000009f0   00000000
DATA                   DATA           DGROUP         0003:000009f0   00000000
_BSS                   BSS            DGROUP         0003:000009f0   00001ed4
STACK                  STACK          DGROUP         0003:000028d0   00000000


                        +----------------+
                        |   Memory Map   |
                        +----------------+

* = unreferenced symbol
+ = symbol only referenced locally

Address        Symbol
=======        ======

Module: ShowImg.obj(D:\WATCOM\Projects\SSaver\Modules\ShowImage\ShowImg.c)
0003:000009f0+ _ampMP2
0003:00000af0+ _ampMP1
0003:00000bf0+ _CfgDlgInit
0003:00001400+ _ulAutoHiderTimerID
0003:00001404+ _apchNLSText
0003:00001428+ _iNumEventsInRecord
0003:0000142c+ _hmtxUseNLSTextArray
0003:00001430+ _hmqSaverThreadMsgQueue
0003:00001434+ _ulBlankTimerID
0003:00001438+ _iSaverThreadState
0002:000006c0+ fnAutoHiderDlgProc
0002:00000780+ fnSaverWindowProc
0002:000014c0+ fnSaverThread_
0002:000018a0+ SSModule_GetModuleDesc
0002:00001960+ SSModule_Configure
0002:00001ba0+ SSModule_StartSaving
0002:00001c30+ SSModule_StopSaving
0002:00001ca0+ SSModule_AskUserForPassword
0002:00001ce0+ SSModule_ShowWrongPasswordNotification
0002:00001d10+ SSModule_SetNLSText
0002:00001de0+ SSModule_SetCommonSetting
0002:00001e00  LibMain
0002:00001eb0+ fnConfigDialogProc
0002:000025a0+ readConfig_
0003:00000370+ _bFirstKeyGoesToPwdWindow
0003:0000143c+ _bOnlyPreviewMode
0003:00001440+ _tidSaverThread
0003:00001444+ _bRunning
0003:00001448+ _hwndSaverWindow
0003:0000144c+ _hmodOurDLLHandle
Module: msgx.obj(D:\WATCOM\Projects\SSaver\Modules\ShowImage\msgx.c)
0002:00003070  fopenMessageFile_
0002:000030f0* vfyMemMessageFile_
0002:00003110  sprintmsg_
0002:00003470* sprintmemmsg_
0002:000037c0+ _getMessage_
0002:00003890+ _getMemMessage_
0002:00003970+ memread_
0002:00003980+ _insertstring_
0002:000039e0+ _deletestring_
0002:00003a20+ _scrubfmt_
0002:00003ac0+ _scrubprecent_
0002:00003b00+ _isfmtchar_
0002:00003d00+ _findSubstitute_
Module: gbmfunc.obj(D:\WATCOM\Projects\SSaver\Modules\ShowImage\gbmfunc.c)
0002:00004000  IsGbmAvailable_
0002:00004020  LoadBitmap_
0002:000041a0  MakeBitmap_
Module: D:\watcom/lib386/os2\clib3r.lib(nfree)
0002:00004350  free_
0002:00004360  _nfree_
0003:00001f68  ___MiniHeapFreeRover
Module: D:\watcom/lib386/os2\clib3r.lib(_strcmp)
0002:00004470  strcmp_
Module: D:\watcom/lib386\math387r.lib(fchop)
0002:000045b0  __CHP
Module: D:\watcom/lib386/os2\clib3r.lib(register)
0002:000045e0  __initthread_
0002:000045f0  _beginthread_
0002:00004600  _endthread_
0002:00004610* __RegisterThreadData_
Module: D:\watcom/lib386/os2\clib3r.lib(nmalloc)
0002:00004660  malloc_
0002:00004670  _nmalloc_
0003:0000049c  ___nheapbeg
0003:000004a0  ___MiniHeapRover
0003:000004a4  ___LargestSizeB4MiniHeapRover
Module: D:\watcom/lib386/os2\clib3r.lib(strncpy)
0002:00004770  strncpy_
Module: D:\watcom/lib386/os2\clib3r.lib(sprintf)
0002:000047b0  sprintf_
Module: D:\watcom/lib386/os2\clib3r.lib(fclose)
0002:000047e0  __doclose_
0002:00004880  __shutdown_stream_
0002:000048a0  fclose_
0003:00001f6c+ ___RmTmpFileFn
Module: D:\watcom/lib386/os2\clib3r.lib(stk)
0002:000048f5  __STK
0002:000048e5* __CHK
0002:00004924  __GRO
0002:00004914* __STKOVERFLOW_
Module: D:\watcom/lib386/os2\clib3r.lib(memset)
0002:00004950  memset_
Module: D:\watcom/lib386/os2\clib3r.lib(getenv)
0002:00004970  getenv_
Module: D:\watcom/lib386/os2\clib3r.lib(snprintf)
0002:00004a40+ vsnprintf_
0002:00004aa0  snprintf_
Module: D:\watcom/lib386/os2\clib3r.lib(strncat)
0002:00004ad0  strncat_
Module: D:\watcom/lib386/os2\clib3r.lib(fopen)
0002:00004b10+ __open_flags_
0002:00004d50+ _fsopen_
0002:00004da0  fopen_
0002:00004e30* freopen_
Module: D:\watcom/lib386/os2\clib3r.lib(fwrite)
0002:00004ea0  fwrite_
Module: D:\watcom/lib386/os2\clib3r.lib(calloc)
0002:000050d0  calloc_
Module: D:\watcom/lib386/os2\clib3r.lib(atol)
0002:000050f0  atol_
Module: D:\watcom/lib386/os2\clib3r.lib(strrchr)
0002:00005140  strrchr_
Module: D:\watcom/lib386/os2\clib3r.lib(fread)
0002:00005160  fread_
Module: D:\watcom/lib386/os2\clib3r.lib(strstr)
0002:00005390  strstr_
Module: D:\watcom/lib386/os2\clib3r.lib(dstrt386)
0002:0000543c  __DLLstart_
0002:0000543c* __DLLstartw_
Module: D:\watcom/lib386/os2\emu387.lib(386)
0002:00005498  __init_387_emulator
0002:00005499* __fini_387_emulator
Module: D:\watcom/lib386/os2\clib3r.lib(_8087)
0003:000004bc  __8087
0003:000004bd  __real87
Module: D:\watcom/lib386/os2\clib3r.lib(rewind)
0002:000054a0  rewind_
Module: D:\watcom/lib386/os2\clib3r.lib(fseek)
0002:00005520  fseek_
Module: D:\watcom/lib386/os2\clib3r.lib(strnicmp)
0002:00005650  strnicmp_
Module: D:\watcom/lib386/os2\clib3r.lib(memmove)
0002:000056a0  memmove_
Module: D:\watcom/lib386/os2\clib3r.lib(fltused)
0003:000004c0  _fltused_
Module: D:\watcom/lib386/os2\clib3r.lib(maino32)
0003:000004c4  ___FirstThreadData
0003:000004c8  ___GetThreadPtr
0003:000004cc  __AccessFileH
0003:000004d0  __ReleaseFileH
0003:000004d4  __AccessIOB
0003:000004d8  __ReleaseIOB
0003:000004dc  __AccessNHeap
0003:000004e0  __AccessFHeap
0003:000004e4  __ReleaseNHeap
0003:000004e8  __ReleaseFHeap
0002:000056fd  __threadstack_
0002:00005704  __threadid_
0002:0000570d* __OS2MainInit_
0002:0000577c  __OS2Init_
0002:000057ba  __OS2Fini_
0002:000057c5  __shutdown_stack_checking_
0002:000057da  __exit_
0003:000004ec  __AccessTDList
0003:000004f0  __ReleaseTDList
0003:000004f4  ___sig_init_rtn
0003:000004f8  ___sig_fini_rtn
0003:000004fc  __threadstksize
0003:00000500+ ___process_fini
0003:00001f70  ___Is_DLL
0003:00001f74+ ___saved_CS
Module: D:\watcom/lib386/os2\clib3r.lib(mem)
0002:00005830  __MemAllocator
0002:000058f0  __MemFree
Module: D:\watcom/lib386/os2\clib3r.lib(thredo32)
0002:00005ae0  __CBeginThread_
0002:00005b80  __CEndThread_
Module: D:\watcom/lib386/os2\clib3r.lib(nmemneed)
0002:00005ba0  __nmemneed_
Module: D:\watcom/lib386/os2\clib3r.lib(grownear)
0002:00005d20  __ExpandDGROUP_
Module: D:\watcom/lib386/os2\clib3r.lib(vsprintf)
0002:00005d60  vsprintf_
Module: D:\watcom/lib386/os2\clib3r.lib(lseekos2)
0002:00005d80  __lseek_
Module: D:\watcom/lib386/os2\clib3r.lib(_clseos2)
0002:00005dc0  __close_
Module: D:\watcom/lib386/os2\clib3r.lib(flush)
0002:00005e00  __flush_
Module: D:\watcom/lib386/os2\clib3r.lib(freefp)
0002:00005f10  __freefp_
0002:00005f60  __purgefp_
Module: D:\watcom/lib386/os2\clib3r.lib(iob)
0003:00000504  ___iob
0003:0000070c  __fmode
0003:00002078  ___OpenStreams
0003:0000207c  ___ClosedStreams
Module: D:\watcom/lib386/os2\clib3r.lib(xmsgo32)
0002:00005f90+ __exit_with_msg_
0002:00005fc0  __fatal_runtime_error_
Module: D:\watcom/lib386/os2\clib3r.lib(__stos)
0002:00005fe0  __STOSB
0002:00006017* __STOSD
Module: D:\watcom/lib386/os2\clib3r.lib(environ)
0003:00002080  ___env_mask
0003:00002084  _environ
0003:00002088* __wenviron
Module: D:\watcom/lib386/os2\clib3r.lib(mbterm)
0002:00006090  _mbterm_
Module: D:\watcom/lib386/os2\clib3r.lib(mbsnextc)
0002:000060d0  _mbsnextc_
Module: D:\watcom/lib386/os2\clib3r.lib(mbcupper)
0002:00006110  _mbctoupper_
Module: D:\watcom/lib386/os2\clib3r.lib(mbsinc)
0002:00006130  _mbsinc_
Module: D:\watcom/lib386/os2\clib3r.lib(prtf)
0002:00006160  __prtf_
Module: D:\watcom/lib386/os2\clib3r.lib(comtflag)
0003:00000710  __commode
Module: D:\watcom/lib386/os2\clib3r.lib(seterrno)
0002:00006e5b  __set_errno_
0002:00006e69* __set_EDOM_
0002:00006e77  __set_ERANGE_
0002:00006e85* __set_EINVAL_
0002:00006e98  __set_doserrno_
Module: D:\watcom/lib386/os2\clib3r.lib(tolower)
0002:00006eb0  tolower_
Module: D:\watcom/lib386/os2\clib3r.lib(openos2)
0002:00007050* open_
0002:00007070  sopen_
Module: D:\watcom/lib386/os2\clib3r.lib(chktty)
0002:000070a0  __chktty_
Module: D:\watcom/lib386/os2\clib3r.lib(allocfp)
0002:000070e0  __allocfp_
Module: D:\watcom/lib386/os2\clib3r.lib(qwrit)
0002:000071b0  __qwrite_
Module: D:\watcom/lib386/os2\clib3r.lib(ioalloc)
0002:00007250  __ioalloc_
Module: D:\watcom/lib386/os2\clib3r.lib(fputc)
0002:000072f0  fputc_
Module: D:\watcom/lib386/os2\clib3r.lib(istable)
0002:000073e0  __IsTable
Module: D:\watcom/lib386/os2\clib3r.lib(qread)
0002:000074f0  __qread_
Module: D:\watcom/lib386/os2\clib3r.lib(fgetc)
0002:00007520  __fill_buffer_
0002:00007600+ __filbuf_
0002:00007630* fgetc_
Module: D:\watcom/lib386/os2\clib3r.lib(dmaino32)
0002:000076f3  __LibMain
Module: D:\watcom/lib386/os2\clib3r.lib(segdefns)
0002:00000003  ___begtext
0003:00000000* __nullarea
0003:0000099c  __Start_XI
0003:000009d2  __End_XI
0003:000009d2  __Start_YI
0003:000009f0  __End_YI
Module: D:\watcom/lib386/os2\clib3r.lib(chk8087)
0002:00007920  _fpreset_
0002:00007940* __init_8087_
0002:00007960  __chk8087_
Module: D:\watcom/lib386/os2\clib3r.lib(crwdata)
0003:00000758  __osmajor
0003:00000759  __osminor
0003:0000071c  __LpCmdLine
0003:00000720  __LpPgmName
0003:00000724  __LpDllName
0003:00000728  __LpwCmdLine
0003:0000072c  __LpwPgmName
0003:00000730  __LpwDllName
0003:00000714* __dynend
0003:00000718  __curbrk
0003:00000734* __STACKLOW
0003:00000738* __STACKTOP
0003:0000073c  __ASTACKSIZ
0003:00000740  __ASTACKPTR
0003:00000744  __cbyte
0003:00000748  __cbyte2
0003:0000074c* __child
0003:00000752  __Envptr
0003:00000756* __Envseg
0003:00000750  __no87
0003:0000075a* ___FPE_handler
Module: D:\watcom/lib386/os2\clib3r.lib(lseek)
0002:000079c0  lseek_
Module: D:\watcom/lib386/os2\clib3r.lib(tellos2)
0002:000079f0  tell_
Module: D:\watcom/lib386/os2\clib3r.lib(setefg)
0002:00007a30  __setEFGfmt_
Module: D:\watcom/lib386/os2\clib3r.lib(cinit)
0002:00007a50  __CommonInit_
0003:0000239c  ___hmodule
Module: D:\watcom/lib386/os2\clib3r.lib(initrtns)
0002:00007a70  __InitRtns
0002:00007ac0  __FiniRtns
Module: D:\watcom/lib386/os2\clib3r.lib(mthrdini)
0002:00007b20  __InitThreadData_
0003:00000760  ___ThreadDataSize
Module: D:\watcom/lib386/os2\clib3r.lib(mthread)
0002:00007b90+ __CloseSemaphore_
0002:00007bd0+ __AccessSemaphore_
0002:00007c30+ __ReleaseSemaphore_
0002:00007c90+ __AccessIOB_
0002:00007ca0+ __ReleaseIOB_
0002:00007cb0+ __AccessFileH_
0002:00007cc0+ __ReleaseFileH_
0002:00007cd0+ __AccessNHeap_
0002:00007ce0+ __ReleaseNHeap_
0002:00007cf0+ __AccessFHeap_
0002:00007d00+ __ReleaseFHeap_
0002:00007d10+ __AccessTDList_
0002:00007d20+ __ReleaseTDList_
0002:00007d30+ __MultipleThread_
0002:00007d80  __AllocInitThreadData_
0002:00007dd0  __FreeInitThreadData_
0002:00007de0  __OS2AddThread_
0002:00007e50  __OS2RemoveThread_
0002:00007ea0  __InitMultipleThread_
0003:00000764+ ___AccessSema4
0003:00000768+ ___ReleaseSema4
0003:0000076c+ ___CloseSema4
Module: D:\watcom/lib386/os2\clib3r.lib(trdalloc)
0002:00008040  __InitThreadProcessing_
0002:00008060  __FiniThreadProcessing_
0003:000024f0  ___ThreadData
Module: D:\watcom/lib386/os2\clib3r.lib(amblksiz)
0003:00000770  __amblksiz
Module: D:\watcom/lib386/os2\clib3r.lib(heapen)
0003:00000774  ___heap_enabled
Module: D:\watcom/lib386/os2\clib3r.lib(nheapmin)
0002:000080c0  _heapshrink_
0002:000080d0* _heapmin_
0002:000080e0* _nheapmin_
0002:000081a0  _nheapshrink_
Module: D:\watcom/lib386/os2\clib3r.lib(dosret)
0002:000081e0* _dosretax_
0002:000081f0* _dosret0_
0002:00008200  __set_errno_dos_
Module: D:\watcom/lib386/os2\clib3r.lib(iomode)
0002:00008230  __GetIOMode_
0002:00008250  __SetIOMode_nogrow_
0003:0000087c  ___NFiles
0003:00000880  ___init_mode
0003:000008d0  ___io_mode
Module: D:\watcom/lib386/os2\clib3r.lib(fsync)
0002:00008270  fsync_
Module: D:\watcom/lib386/os2\clib3r.lib(initfile)
0002:000082d0  __InitFiles_
Module: D:\watcom/lib386/os2\clib3r.lib(ioexit)
0002:000083d0* fcloseall_
0002:000083e0  __full_io_exit_
Module: D:\watcom/lib386/os2\clib3r.lib(enterdb)
0002:000083f0  __EnterWVIDEO_
0003:000008d4+ ___WD_Present
Module: D:\watcom/lib386/os2\clib3r.lib(setenvp)
0002:00008420  __setenvp_
0002:000084e0  __freeenvp_
Module: D:\watcom/lib386/os2\clib3r.lib(mbisdbcs)
0003:000024f8  ___IsDBCS
Module: D:\watcom/lib386/os2\clib3r.lib(mbislead)
0002:00008540* _ismbblead_
0003:000024fc  ___MBCSIsTable
Module: D:\watcom/lib386/os2\clib3r.lib(toupper)
0002:00008560  toupper_
Module: D:\watcom/lib386/os2\clib3r.lib(mbinit)
0002:000085b0  __mbinit_
0003:000008d8  ___MBCodePage
Module: D:\watcom/lib386/os2\clib3r.lib(mbdtoupp)
0002:000086b0  _mbdtoupper_
Module: D:\watcom/lib386/os2\clib3r.lib(wctomb)
0002:000086d0  wctomb_
Module: D:\watcom/lib386/os2\clib3r.lib(itoa)
0002:00008700+ utoa_
0002:00008750  itoa_
Module: D:\watcom/lib386/os2\clib3r.lib(strupr)
0002:00008780  strupr_
Module: D:\watcom/lib386/os2\clib3r.lib(noefgfmt)
0003:000008dc  ___EFG_printf
0003:000008e0  ___EFG_scanf
Module: D:\watcom/lib386/os2\clib3r.lib(lltoa)
0002:000087f0  ulltoa_
0002:00008860* lltoa_
Module: D:\watcom/lib386/os2\clib3r.lib(ltoa)
0002:00008890  ultoa_
0002:000088e0* ltoa_
Module: D:\watcom/lib386/os2\clib3r.lib(umaskval)
0003:000008e4  ___umaskval
Module: D:\watcom/lib386/os2\clib3r.lib(isattos2)
0002:00008910  isatty_
Module: D:\watcom/lib386/os2\clib3r.lib(stiomode)
0002:00008940  __grow_iomode_
0002:00008a10+ __shrink_iomode_
0002:00008aa0  __SetIOMode_
Module: D:\watcom/lib386/os2\clib3r.lib(flushall)
0002:00008b10  __flushall_
0002:00008b50* flushall_
Module: D:\watcom/lib386/os2\clib3r.lib(gtcheos2)
0002:00008b60  getche_
Module: D:\watcom/lib386/os2\clib3r.lib(ddgrpo32)
0002:00008c60  __disallow_single_dgroup_
Module: D:\watcom/lib386/os2\clib3r.lib(atouni)
0002:00008eb0  _atouni_
Module: D:\watcom/lib386/os2\clib3r.lib(maxthrds)
0003:000008e8  ___MaxThreads
Module: D:\watcom/lib386/os2\clib3r.lib(dosseg)
0000:00001234  __DOSseg__
Module: D:\watcom/lib386/os2\clib3r.lib(8087cw)
0003:000008ec  __8087cw
Module: D:\watcom/lib386/os2\clib3r.lib(init8087)
0002:00008eec  __x87id
Module: D:\watcom/lib386\math387r.lib(efgfmt)
0002:00008f1f  _EFG_Format_
Module: D:\watcom/lib386\math387r.lib(cnvs2d)
0002:00009084  __cnvs2d_
Module: D:\watcom/lib386/os2\clib3r.lib(trdlist)
0002:000090f0  __GetThreadData_
0002:00009210  __ReallocThreadData_
0002:00009380  __AddThreadData_
0002:00009400  __RemoveThreadData_
0002:00009460* __ResizeThreadDataList_
0002:000094b0  __FreeThreadDataList_
0002:000094e0* __ActiveThreads_
Module: D:\watcom/lib386/os2\clib3r.lib(thrdmax)
0002:00009500  __GETMAXTHREADS
Module: D:\watcom/lib386/os2\clib3r.lib(clearenv)
0002:00009510  clearenv_
Module: D:\watcom/lib386/os2\clib3r.lib(alphabet)
0003:00000348  ___Alphabet
Module: D:\watcom/lib386/os2\clib3r.lib(nrealloc)
0002:000095b0  realloc_
0002:000095c0+ _nrealloc_
Module: D:\watcom/lib386/os2\clib3r.lib(hdlman)
0003:000008f0  ___NHandles
Module: D:\watcom/lib386/os2\clib3r.lib(iomodtty)
0002:00009640  __ChkTTYIOMode_
0002:00009690* __IOMode_
Module: D:\watcom/lib386/os2\clib3r.lib(getchos2)
0002:000096b0  getch_
Module: D:\watcom/lib386/os2\clib3r.lib(putchos2)
0002:00009770  putch_
Module: D:\watcom/lib386\math387r.lib(ldcvt)
0002:000098a8  _LDScale10x_
0002:00009edb  __LDcvt_
Module: D:\watcom/lib386\math387r.lib(strtod)
0002:0000a8ae+ __Strtold_
0002:0000aa1d  strtod_
Module: D:\watcom/lib386/os2\clib3r.lib(nmsize)
0002:0000ab70* _msize_
0002:0000ab80  _nmsize_
Module: D:\watcom/lib386/os2\clib3r.lib(nexpand)
0002:0000ab90* _expand_
0002:0000aba0+ __HeapManager_expand_
0002:0000ad60  _nexpand_
Module: D:\watcom/lib386/os2\clib3r.lib(thunk)
0002:0000adbc  __TNK
0002:0000ada8* __TNC
Module: D:\watcom/lib386/os2\clib3r.lib(far16fun)
0002:0000ae0c  __Far16Func2
0002:0000ae55* __Far16Func
0002:0000aea3* __Far16Pascal2
0002:0000aeea* __Far16Pascal
0002:0000af36* __Far16Cdecl2
0002:0000af84* __Far16Cdecl
0002:0000afd7  __FlatToFar16
0002:0000afe0* __Far16ToFlat
Module: D:\watcom/lib386\math387r.lib(ldclass)
0002:0000afe9  __LDClass_
0002:0000b039* _FLClass_
Module: D:\watcom/lib386/os2\clib3r.lib(bufld386)
0002:0000b048  __ZBuf2LD
Module: D:\watcom/lib386\math387r.lib(inf_nan)
0002:0000b0eb* ___f_infinity
0002:0000b0ef* ___f_posqnan
0002:0000b0f3  ___d_infinity
0002:0000b0fb  ___d_posqnan
0002:0000b103* ___ld_infinity
0002:0000b10b* ___ld_posqnan
Module: D:\watcom/lib386/os2\clib3r.lib(hugeval)
0002:0000b120  __HugeValue
Module: D:\watcom/lib386/os2\clib3r.lib(itsto32)
0002:0000b130  __init_threadstksize_


                        +----------------------+
                        |   Imported Symbols   |
                        +----------------------+

Symbol                              Module
======                              ======

WinQueryFocus                       PMWIN
WinPostMsg                          PMWIN
WinQueryDlgItemText                 PMWIN
WinWindowFromID                     PMWIN
WinGetPS                            PMWIN
GpiQueryTextBox                     PMGPI
WinReleasePS                        PMWIN
DosRequestMutexSem                  DOSCALLS
WinSetDlgItemText                   PMWIN
DosReleaseMutexSem                  DOSCALLS
WinSetWindowText                    PMWIN
WinQuerySysValue                    PMWIN
WinSetWindowPos                     PMWIN
WinQueryWindowPos                   PMWIN
WinSetPresParam                     PMWIN
WinBeginEnumWindows                 PMWIN
WinGetNextWindow                    PMWIN
WinEndEnumWindows                   PMWIN
WinDismissDlg                       PMWIN
WinDefDlgProc                       PMWIN
WinQueryAnchorBlock                 PMWIN
WinStopTimer                        PMWIN
WinStartTimer                       PMWIN
GpiQueryDevice                      PMGPI
DevQueryCaps                        PMGPI
WinShowPointer                      PMWIN
WinDefWindowProc                    PMWIN
WinInvalidateRect                   PMWIN
WinLoadDlg                          PMWIN
WinSetWindowBits                    PMWIN
WinBeginPaint                       PMWIN
DevOpenDC                           PMGPI
GpiCreatePS                         PMGPI
WinQueryWindowRect                  PMWIN
WinFillRect                         PMWIN
GpiQueryBitmapParameters            PMGPI
GpiSetBitmap                        PMGPI
GpiCreateLogColorTable              PMGPI
GpiBitBlt                           PMGPI
GpiDestroyPS                        PMGPI
DevCloseDC                          PMGPI
WinEndPaint                         PMWIN
WinSendDlgItemMsg                   PMWIN
WinProcessDlg                       PMWIN
WinDestroyWindow                    PMWIN
GpiDeleteBitmap                     PMGPI
WinDrawText                         PMWIN
DosSetPriority                      DOSCALLS
WinInitialize                       PMWIN
WinCreateMsgQueue                   PMWIN
WinSubclassWindow                   PMWIN
WinSendMsg                          PMWIN
WinGetMsg                           PMWIN
WinDispatchMsg                      PMWIN
WinDestroyMsgQueue                  PMWIN
WinTerminate                        PMWIN
WinRegisterClass                    PMWIN
WinCreateWindow                     PMWIN
WinQuerySysModalWindow              PMWIN
WinSetSysModalWindow                PMWIN
WinSetFocus                         PMWIN
DosScanEnv                          DOSCALLS
DosSleep                            DOSCALLS
DosWaitThread                       DOSCALLS
WinPostQueueMsg                     PMWIN
DosCloseMutexSem                    DOSCALLS
DosCreateMutexSem                   DOSCALLS
WinQueryWindowULong                 PMWIN
WinQueryWindowText                  PMWIN
WinSetWindowULong                   PMWIN
WinQueryWindow                      PMWIN
WinMapWindowPoints                  PMWIN
DosQueryPathInfo                    DOSCALLS
WinFileDlg                          PMCTLS
DosLoadModule                       DOSCALLS
DosQueryProcAddr                    DOSCALLS
DosFreeModule                       DOSCALLS
GpiCreateBitmap                     PMGPI
DosQuerySysInfo                     DOSCALLS
DosExit                             DOSCALLS
DosPostEventSem                     DOSCALLS
DosCreateEventSem                   DOSCALLS
DosCreateThread                     DOSCALLS
DosCloseEventSem                    DOSCALLS
DosWaitEventSem                     DOSCALLS
DosAllocMem                         DOSCALLS
DosSetFilePtr                       DOSCALLS
DosClose                            DOSCALLS
DosWrite                            DOSCALLS
DosOpen                             DOSCALLS
DosRead                             DOSCALLS
DosGetInfoBlocks                    DOSCALLS
DosQueryModuleName                  DOSCALLS
DosDevConfig                        DOSCALLS
DosFreeMem                          DOSCALLS
DosResetBuffer                      DOSCALLS
DosQueryDBCSEnv                     NLS
DosQueryCp                          DOSCALLS
DosQueryHType                       DOSCALLS
DosSetRelMaxFH                      DOSCALLS
KBD16CHARIN                         KBDCALLS
VIO16WRTTTY                         VIOCALLS
DosFlatToSel                        DOSCALLS
DosSelToFlat                        DOSCALLS


                        +--------------------+
                        |   Libraries Used   |
                        +--------------------+

D:\watcom/lib386/os2\clib3r.lib
D:\watcom/lib386\math387r.lib
D:\watcom/lib386/os2\emu387.lib
D:\watcom/lib386/os2\os2386.lib


                        +-----------------------+
                        |   Linker Statistics   |
                        +-----------------------+

Stack size:  0000 (0.)
Memory size:  da73 (55923.)
Link time: 00:00.21
