Open Watcom Linker Version 1.6
Portions Copyright (c) 1985-2002 Sybase, Inc. All Rights Reserved.
Created on:       08/09/15 22:45:56
Executable Image: CaClock.dll
creating an OS/2 and eComStation dynamic link library
symbol __set_commode_ removed
symbol _heapenable_ removed
symbol __set_handles_ removed
symbol _grow_handles_ removed


                        +------------+
                        |   Groups   |
                        +------------+

Group                           Address              Size
=====                           =======              ====

DGROUP                          0003:00000000        000017a0



                        +--------------+
                        |   Segments   |
                        +--------------+

Segment                Class          Group          Address         Size
=======                =====          =====          =======         ====

_TEXT16                CODE           AUTO           0001:00000000   00000068
BEGTEXT                CODE           AUTO           0002:00000000   00000007
_TEXT                  CODE           AUTO           0002:00000010   0000d39b
_NULL                  BEGDATA        DGROUP         0003:00000000   00000004
_AFTERNULL             BEGDATA        DGROUP         0003:00000004   00000000
CONST                  DATA           DGROUP         0003:00000004   0000026c
CONST2                 DATA           DGROUP         0003:00000270   00000000
_DATA                  DATA           DGROUP         0003:00000270   0000067c
XIB                    DATA           DGROUP         0003:000008ec   00000000
XI                     DATA           DGROUP         0003:000008ec   0000003c
XIE                    DATA           DGROUP         0003:00000928   00000000
YIB                    DATA           DGROUP         0003:00000928   00000000
YI                     DATA           DGROUP         0003:00000928   0000001e
YIE                    DATA           DGROUP         0003:00000946   00000000
TIB                    DATA           DGROUP         0003:00000946   00000000
TI                     DATA           DGROUP         0003:00000946   00000000
TIE                    DATA           DGROUP         0003:00000946   00000000
DATA                   DATA           DGROUP         0003:00000946   00000000
_BSS                   BSS            DGROUP         0003:00000948   00000e50
STACK                  STACK          DGROUP         0003:000017a0   00000000


                        +----------------+
                        |   Memory Map   |
                        +----------------+

* = unreferenced symbol
+ = symbol only referenced locally

Address        Symbol
=======        ======

Module: CaClock.obj(D:\WATCOM\Projects\SSaver\Modules\CairoClock\CaClock.c)
0003:00000948+ _achDateFormatString
0003:000009c8+ _ModuleConfig
0003:000009d8+ _ampMP2
0003:00000ad8+ _ampMP1
0003:00000bd8+ _achUndoBuf
0003:00000dd8+ _ucoTemp
0003:00000ddc+ _loTemp
0003:00000de0+ _bShutdownDrawing
0003:00000de4+ _tidCairoDrawThread
0003:00000de8+ _iNumEventsInRecord
0003:00000dec+ _hmqSaverThreadMsgQueue
0002:00001380+ fnConfigDialogProc
0002:00001630+ fnAutoHiderDlgProc
0002:000016f0+ fnSaverWindowProc
0002:00001b80+ InitLocaleStuff_
0002:00001d00+ GetLocalizedDate_
0002:00001e70+ UninitLocaleStuff_
0002:00001ea0+ CairoDrawLoop_
0002:00002b50+ CairoDrawThread_
0002:00002c20+ fnSaverThread_
0002:00002ea0+ SSModule_GetModuleDesc
0002:00002f70+ SSModule_Configure
0002:00002ff0+ SSModule_StartSaving
0002:000030d0+ SSModule_StopSaving
0002:00003130+ SSModule_AskUserForPassword
0002:00003170+ SSModule_ShowWrongPasswordNotification
0002:000031a0+ SSModule_PauseSaving
0002:000031d0+ SSModule_ResumeSaving
0002:00003200+ SSModule_SetNLSText
0002:000032d0+ SSModule_SetCommonSetting
0002:000032f0  LibMain
0003:00000270+ _bFirstKeyGoesToPwdWindow
0003:00000274+ _pCairoSurface
0003:00000278+ _pCairoHandle
0003:00000df0+ _ulAutoHiderTimerID
0003:00000df4+ _iSaverThreadState
0003:00000df8+ _bOnlyPreviewMode
0003:00000dfc+ _apchNLSText
0003:00000e20+ _tidSaverThread
0003:00000e24+ _bPaused
0003:00000e28+ _bRunning
0003:00000e2c+ _hmtxUseNLSTextArray
0003:00000e30+ _hwndSaverWindow
0003:00000e34+ _hmodOurDLLHandle
Module: MSGX.obj(D:\WATCOM\Projects\SSaver\Modules\CairoClock\MSGX.c)
0002:000033a0  fopenMessageFile_
0002:00003420* vfyMemMessageFile_
0002:00003440  sprintmsg_
0002:000037a0* sprintmemmsg_
0002:00003af0+ _getMessage_
0002:00003bc0+ _getMemMessage_
0002:00003cb0+ memread_
0002:00003cc0+ _insertstring_
0002:00003d20+ _deletestring_
0002:00003d60+ _scrubfmt_
0002:00003e00+ _scrubprecent_
0002:00003e40+ _isfmtchar_
0002:00004040+ _findSubstitute_
Module: D:\watcom\lib386\os2\clib3r.lib(nmalloc)
0002:000040a0  malloc_
0002:000040b0  _nmalloc_
0003:0000027c  ___nheapbeg
0003:00000280  ___MiniHeapRover
0003:00000284  ___LargestSizeB4MiniHeapRover
Module: D:\watcom\lib386\os2\clib3r.lib(strncpy)
0002:000041b0  strncpy_
Module: D:\watcom\lib386\os2\clib3r.lib(sprintf)
0002:000041f0  sprintf_
Module: D:\watcom\lib386\os2\clib3r.lib(nfree)
0002:00004220  free_
0002:00004230  _nfree_
0003:00000e38  ___MiniHeapFreeRover
Module: D:\watcom\lib386\os2\clib3r.lib(getenv)
0002:00004340  getenv_
Module: D:\watcom\lib386\os2\clib3r.lib(snprintf)
0002:00004410+ vsnprintf_
0002:00004470  snprintf_
Module: D:\watcom\lib386\os2\clib3r.lib(fopen)
0002:000044a0+ __open_flags_
0002:000046e0+ _fsopen_
0002:00004730  fopen_
0002:000047c0* freopen_
Module: D:\watcom\lib386\os2\clib3r.lib(strncat)
0002:00004830  strncat_
Module: D:\watcom\lib386\os2\clib3r.lib(fscanf)
0002:000048b0+ vfscanf_
0002:00004920  fscanf_
Module: D:\watcom\lib386\os2\clib3r.lib(fclose)
0002:00004950  __doclose_
0002:000049f0  __shutdown_stream_
0002:00004a10  fclose_
0003:00000e3c+ ___RmTmpFileFn
Module: D:\watcom\lib386\os2\clib3r.lib(mkdiros2)
0002:00004a60  mkdir_
Module: D:\watcom\lib386\os2\clib3r.lib(fprintf)
0002:00004a80  fprintf_
Module: D:\watcom\lib386\os2\clib3r.lib(strftime)
0002:00004d07  strftime_
Module: D:\watcom\lib386\os2\clib3r.lib(clocko32)
0002:0000522c  clock_
Module: D:\watcom\lib386\os2\clib3r.lib(rand)
0002:00005270  rand_
0002:000052a0  srand_
Module: D:\watcom\lib386\os2\clib3r.lib(time)
0002:000052c0  time_
Module: D:\watcom\lib386\os2\clib3r.lib(localtim)
0002:00005300+ _localtime_
0002:00005360  localtime_
Module: D:\watcom\lib386\os2\clib3r.lib(cntrl87)
0002:00005380  _control87_
Module: D:\watcom\lib386\os2\clib3r.lib(register)
0002:000053e0  __initthread_
0002:000053f0  _beginthread_
0002:00005400  _endthread_
0002:00005410* __RegisterThreadData_
Module: D:\watcom\lib386\os2\clib3r.lib(dstrt386)
0002:00005454  __DLLstart_
0002:00005454* __DLLstartw_
Module: D:\watcom\lib386\os2\clib3r.lib(fltused)
0003:00000294  _fltused_
Module: D:\watcom\lib386\os2\emu387.lib(386)
0002:000054b0  __init_387_emulator
0002:000054b1* __fini_387_emulator
Module: D:\watcom\lib386\os2\clib3r.lib(_8087)
0003:00000298  __8087
0003:00000299  __real87
Module: D:\watcom\lib386\os2\clib3r.lib(fread)
0002:000054c0  fread_
Module: D:\watcom\lib386\os2\clib3r.lib(_strcmp)
0002:000056f0  strcmp_
Module: D:\watcom\lib386\os2\clib3r.lib(rewind)
0002:00005830  rewind_
Module: D:\watcom\lib386\os2\clib3r.lib(fseek)
0002:000058b0  fseek_
Module: D:\watcom\lib386\os2\clib3r.lib(strnicmp)
0002:000059e0  strnicmp_
Module: D:\watcom\lib386\os2\clib3r.lib(memmove)
0002:00005a30  memmove_
Module: D:\watcom\lib386\os2\clib3r.lib(maino32)
0003:0000029c  ___FirstThreadData
0003:000002a0  ___GetThreadPtr
0003:000002a4  __AccessFileH
0003:000002a8  __ReleaseFileH
0003:000002ac  __AccessIOB
0003:000002b0  __ReleaseIOB
0003:000002b4  __AccessNHeap
0003:000002b8  __AccessFHeap
0003:000002bc  __ReleaseNHeap
0003:000002c0  __ReleaseFHeap
0002:00005a8d  __threadstack_
0002:00005a94  __threadid_
0002:00005a9d* __OS2MainInit_
0002:00005b0c  __OS2Init_
0002:00005b4a  __OS2Fini_
0002:00005b55  __shutdown_stack_checking_
0002:00005b6a  __exit_
0003:000002c4  __AccessTDList
0003:000002c8  __ReleaseTDList
0003:000002cc  ___sig_init_rtn
0003:000002d0  ___sig_fini_rtn
0003:000002d4  __threadstksize
0003:000002d8+ ___process_fini
0003:00000e44  ___Is_DLL
0003:00000e48+ ___saved_CS
Module: D:\watcom\lib386\os2\clib3r.lib(nmemneed)
0002:00005bc0  __nmemneed_
Module: D:\watcom\lib386\os2\clib3r.lib(mem)
0002:00005bd0  __MemAllocator
0002:00005c90  __MemFree
Module: D:\watcom\lib386\os2\clib3r.lib(grownear)
0002:00005f50  __ExpandDGROUP_
Module: D:\watcom\lib386\os2\clib3r.lib(vsprintf)
0002:00005f90  vsprintf_
Module: D:\watcom\lib386\os2\clib3r.lib(environ)
0003:00000f4c  ___env_mask
0003:00000f50  _environ
0003:00000f54* __wenviron
Module: D:\watcom\lib386\os2\clib3r.lib(mbterm)
0002:00005fb0  _mbterm_
Module: D:\watcom\lib386\os2\clib3r.lib(mbsnextc)
0002:00005ff0  _mbsnextc_
Module: D:\watcom\lib386\os2\clib3r.lib(mbcupper)
0002:00006030  _mbctoupper_
Module: D:\watcom\lib386\os2\clib3r.lib(mbsinc)
0002:00006050  _mbsinc_
Module: D:\watcom\lib386\os2\clib3r.lib(prtf)
0002:00006080  __prtf_
Module: D:\watcom\lib386\os2\clib3r.lib(comtflag)
0003:000002dc  __commode
Module: D:\watcom\lib386\os2\clib3r.lib(iob)
0003:000002e0  ___iob
0003:000004e8  __fmode
0003:00000f58  ___OpenStreams
0003:00000f5c  ___ClosedStreams
Module: D:\watcom\lib386\os2\clib3r.lib(seterrno)
0002:00006d7b  __set_errno_
0002:00006d89* __set_EDOM_
0002:00006d97  __set_ERANGE_
0002:00006da5* __set_EINVAL_
0002:00006db8  __set_doserrno_
Module: D:\watcom\lib386\os2\clib3r.lib(tolower)
0002:00006dd0  tolower_
Module: D:\watcom\lib386\os2\clib3r.lib(openos2)
0002:00006f70* open_
0002:00006f90  sopen_
Module: D:\watcom\lib386\os2\clib3r.lib(chktty)
0002:00006fc0  __chktty_
Module: D:\watcom\lib386\os2\clib3r.lib(freefp)
0002:00007000  __freefp_
0002:00007050  __purgefp_
Module: D:\watcom\lib386\os2\clib3r.lib(allocfp)
0002:00007080  __allocfp_
Module: D:\watcom\lib386\os2\clib3r.lib(fgetc)
0002:00007150  __fill_buffer_
0002:00007230+ __filbuf_
0002:00007260  fgetc_
Module: D:\watcom\lib386\os2\clib3r.lib(ungetc)
0002:00007330  ungetc_
Module: D:\watcom\lib386\os2\clib3r.lib(scnf)
0002:00007fc0  __scnf_
Module: D:\watcom\lib386\os2\clib3r.lib(lseekos2)
0002:00008230  __lseek_
Module: D:\watcom\lib386\os2\clib3r.lib(_clseos2)
0002:00008270  __close_
Module: D:\watcom\lib386\os2\clib3r.lib(flush)
0002:000082b0  __flush_
Module: D:\watcom\lib386\os2\clib3r.lib(dosret)
0002:000083c0* _dosretax_
0002:000083d0* _dosret0_
0002:000083e0  __set_errno_dos_
Module: D:\watcom\lib386\os2\clib3r.lib(fprtf)
0002:00008430  __fprtf_
Module: D:\watcom\lib386\os2\clib3r.lib(itoa)
0002:000084f0+ utoa_
0002:00008540  itoa_
Module: D:\watcom\lib386\os2\clib3r.lib(leapyear)
0002:00008570  __leapyear_
0003:00000214  ___diyr
0003:0000022e  ___dilyr
Module: D:\watcom\lib386\os2\clib3r.lib(tzset)
0003:000005f0  ___start_dst
0003:00000614  ___end_dst
0003:0000073c  _tzname
0003:00000744  _timezone
0003:00000748  _daylight
0003:0000074c  ___dst_adjust
0002:000085c0* __DontCacheOSTZ_
0002:000085e0* __CacheOSTZ_
0002:00008850+ __parse_tz_
0002:000089c0  tzset_
Module: D:\watcom\lib386\os2\clib3r.lib(gtctmos2)
0002:000089f0  __getctime_
Module: D:\watcom\lib386\os2\clib3r.lib(mktime)
0002:00008a60  mktime_
Module: D:\watcom\lib386\os2\clib3r.lib(gmtime)
0002:00008b50  __brktime_
0002:00008c50+ _gmtime_
0002:00008c70* gmtime_
Module: D:\watcom\lib386\os2\clib3r.lib(timeutil)
0002:00008dd0  __isindst_
Module: D:\watcom\lib386\os2\clib3r.lib(thredo32)
0002:000091d0  __CBeginThread_
0002:00009270  __CEndThread_
Module: D:\watcom\lib386\os2\clib3r.lib(dmaino32)
0002:0000928c  __LibMain
Module: D:\watcom\lib386\os2\clib3r.lib(segdefns)
0002:00000003  ___begtext
0003:00000000* __nullarea
0003:000008ec  __Start_XI
0003:00000928  __End_XI
0003:00000928  __Start_YI
0003:00000946  __End_YI
Module: D:\watcom\lib386\os2\clib3r.lib(setefg)
0002:000094c0  __setEFGfmt_
Module: D:\watcom\lib386\os2\clib3r.lib(chk8087)
0002:000094e0  _fpreset_
0002:00009500* __init_8087_
0002:00009520  __chk8087_
Module: D:\watcom\lib386\os2\clib3r.lib(crwdata)
0003:00000798  __osmajor
0003:00000799  __osminor
0003:0000075c  __LpCmdLine
0003:00000760  __LpPgmName
0003:00000764  __LpDllName
0003:00000768  __LpwCmdLine
0003:0000076c  __LpwPgmName
0003:00000770  __LpwDllName
0003:00000754* __dynend
0003:00000758  __curbrk
0003:00000774* __STACKLOW
0003:00000778* __STACKTOP
0003:0000077c  __ASTACKSIZ
0003:00000780  __ASTACKPTR
0003:00000784  __cbyte
0003:00000788  __cbyte2
0003:0000078c* __child
0003:00000792  __Envptr
0003:00000796* __Envseg
0003:00000790  __no87
0003:0000079a* ___FPE_handler
Module: D:\watcom\lib386\os2\clib3r.lib(qread)
0002:00009580  __qread_
Module: D:\watcom\lib386\os2\clib3r.lib(ioalloc)
0002:000095b0  __ioalloc_
Module: D:\watcom\lib386\os2\clib3r.lib(lseek)
0002:00009650  lseek_
Module: D:\watcom\lib386\os2\clib3r.lib(tellos2)
0002:00009680  tell_
Module: D:\watcom\lib386\os2\clib3r.lib(cinit)
0002:000096c0  __CommonInit_
0003:00001270  ___hmodule
Module: D:\watcom\lib386\os2\clib3r.lib(initrtns)
0002:000096e0  __InitRtns
0002:00009730  __FiniRtns
Module: D:\watcom\lib386\os2\clib3r.lib(amblksiz)
0003:000007a0  __amblksiz
Module: D:\watcom\lib386\os2\clib3r.lib(heapen)
0003:000007a4  ___heap_enabled
Module: D:\watcom\lib386\os2\clib3r.lib(nheapmin)
0002:00009790  _heapshrink_
0002:000097a0* _heapmin_
0002:000097b0* _nheapmin_
0002:00009870  _nheapshrink_
Module: D:\watcom\lib386\os2\clib3r.lib(setenvp)
0002:000098b0  __setenvp_
0002:00009970  __freeenvp_
Module: D:\watcom\lib386\os2\clib3r.lib(mbisdbcs)
0003:00001278  ___IsDBCS
Module: D:\watcom\lib386\os2\clib3r.lib(mbislead)
0002:000099d0* _ismbblead_
0003:0000127c  ___MBCSIsTable
Module: D:\watcom\lib386\os2\clib3r.lib(toupper)
0002:000099f0  toupper_
Module: D:\watcom\lib386\os2\clib3r.lib(mbinit)
0002:00009a40  __mbinit_
0003:000007a8  ___MBCodePage
Module: D:\watcom\lib386\os2\clib3r.lib(mbdtoupp)
0002:00009b40  _mbdtoupper_
Module: D:\watcom\lib386\os2\clib3r.lib(wctomb)
0002:00009b60  wctomb_
Module: D:\watcom\lib386\os2\clib3r.lib(strupr)
0002:00009b90  strupr_
Module: D:\watcom\lib386\os2\clib3r.lib(noefgfmt)
0003:000007ac  ___EFG_printf
0003:000007b0  ___EFG_scanf
Module: D:\watcom\lib386\os2\clib3r.lib(lltoa)
0002:00009c00  ulltoa_
0002:00009c70* lltoa_
Module: D:\watcom\lib386\os2\clib3r.lib(ltoa)
0002:00009ca0  ultoa_
0002:00009cf0* ltoa_
Module: D:\watcom\lib386\os2\clib3r.lib(initfile)
0002:00009d50  __InitFiles_
Module: D:\watcom\lib386\os2\clib3r.lib(ioexit)
0002:00009e50* fcloseall_
0002:00009e60  __full_io_exit_
Module: D:\watcom\lib386\os2\clib3r.lib(umaskval)
0003:000007b4  ___umaskval
Module: D:\watcom\lib386\os2\clib3r.lib(iomode)
0002:00009e70  __GetIOMode_
0002:00009e90  __SetIOMode_nogrow_
0003:000007b8  ___NFiles
0003:000007bc  ___init_mode
0003:0000080c  ___io_mode
Module: D:\watcom\lib386\os2\clib3r.lib(isattos2)
0002:00009eb0  isatty_
Module: D:\watcom\lib386\os2\clib3r.lib(stiomode)
0002:00009ee0  __grow_iomode_
0002:00009fb0+ __shrink_iomode_
0002:0000a040  __SetIOMode_
Module: D:\watcom\lib386\os2\clib3r.lib(memset)
0002:0000a0b0  memset_
Module: D:\watcom\lib386\os2\clib3r.lib(flushall)
0002:0000a0d0  __flushall_
0002:0000a110* flushall_
Module: D:\watcom\lib386\os2\clib3r.lib(gtcheos2)
0002:0000a120  getche_
Module: D:\watcom\lib386\os2\clib3r.lib(istable)
0002:0000a150  __IsTable
Module: D:\watcom\lib386\os2\clib3r.lib(mbtowc)
0002:0000a260  mbtowc_
Module: D:\watcom\lib386\os2\clib3r.lib(fdfs386)
0002:0000a31c  __FDFS
Module: D:\watcom\lib386\os2\clib3r.lib(i8m)
0002:0000a368* __I8M
0002:0000a368  __U8M
Module: D:\watcom\lib386\os2\clib3r.lib(fsync)
0002:0000a390  fsync_
Module: D:\watcom\lib386\os2\clib3r.lib(qwrit)
0002:0000a3c0  __qwrite_
Module: D:\watcom\lib386\os2\clib3r.lib(fputc)
0002:0000a460  fputc_
Module: D:\watcom\lib386\os2\clib3r.lib(alphabet)
0003:00000248  ___Alphabet
Module: D:\watcom\lib386\os2\clib3r.lib(locmktim)
0002:0000a550  __local_mktime_
Module: D:\watcom\lib386\os2\clib3r.lib(mthrdini)
0002:0000a6b0  __InitThreadData_
0003:00000810  ___ThreadDataSize
Module: D:\watcom\lib386\os2\clib3r.lib(mthread)
0002:0000a720+ __CloseSemaphore_
0002:0000a760+ __AccessSemaphore_
0002:0000a7c0+ __ReleaseSemaphore_
0002:0000a820+ __AccessIOB_
0002:0000a830+ __ReleaseIOB_
0002:0000a840+ __AccessFileH_
0002:0000a850+ __ReleaseFileH_
0002:0000a860+ __AccessNHeap_
0002:0000a870+ __ReleaseNHeap_
0002:0000a880+ __AccessFHeap_
0002:0000a890+ __ReleaseFHeap_
0002:0000a8a0+ __AccessTDList_
0002:0000a8b0+ __ReleaseTDList_
0002:0000a8c0+ __MultipleThread_
0002:0000a910  __AllocInitThreadData_
0002:0000a960  __FreeInitThreadData_
0002:0000a970  __OS2AddThread_
0002:0000a9e0  __OS2RemoveThread_
0002:0000aa30  __InitMultipleThread_
0003:00000814+ ___AccessSema4
0003:00000818+ ___ReleaseSema4
0003:0000081c+ ___CloseSema4
Module: D:\watcom\lib386\os2\clib3r.lib(trdalloc)
0002:0000abd0  __InitThreadProcessing_
0002:0000abf0  __FiniThreadProcessing_
0003:000014d4  ___ThreadData
Module: D:\watcom\lib386\os2\clib3r.lib(ddgrpo32)
0002:0000ad20  __disallow_single_dgroup_
Module: D:\watcom\lib386\os2\clib3r.lib(atouni)
0002:0000af70  _atouni_
Module: D:\watcom\lib386\os2\clib3r.lib(maxthrds)
0003:00000820  ___MaxThreads
Module: D:\watcom\lib386\os2\clib3r.lib(dosseg)
0000:00001234  __DOSseg__
Module: D:\watcom\lib386\math387r.lib(efgfmt)
0002:0000afaa  _EFG_Format_
Module: D:\watcom\lib386\math387r.lib(cnvs2d)
0002:0000b10f  __cnvs2d_
Module: D:\watcom\lib386\os2\clib3r.lib(8087cw)
0003:00000824  __8087cw
Module: D:\watcom\lib386\os2\clib3r.lib(init8087)
0002:0000b120  __x87id
Module: D:\watcom\lib386\os2\clib3r.lib(clearenv)
0002:0000b160  clearenv_
Module: D:\watcom\lib386\os2\clib3r.lib(xmsgo32)
0002:0000b200+ __exit_with_msg_
0002:0000b230  __fatal_runtime_error_
Module: D:\watcom\lib386\os2\clib3r.lib(nrealloc)
0002:0000b250  realloc_
0002:0000b260+ _nrealloc_
Module: D:\watcom\lib386\os2\clib3r.lib(hdlman)
0003:00000828  ___NHandles
Module: D:\watcom\lib386\os2\clib3r.lib(iomodtty)
0002:0000b2e0  __ChkTTYIOMode_
0002:0000b330* __IOMode_
Module: D:\watcom\lib386\os2\clib3r.lib(__stos)
0002:0000b350  __STOSB
0002:0000b387* __STOSD
Module: D:\watcom\lib386\os2\clib3r.lib(getchos2)
0002:0000b400  getch_
Module: D:\watcom\lib386\os2\clib3r.lib(putchos2)
0002:0000b4c0  putch_
Module: D:\watcom\lib386\os2\clib3r.lib(trdlist)
0002:0000b570  __GetThreadData_
0002:0000b690  __ReallocThreadData_
0002:0000b800  __AddThreadData_
0002:0000b880  __RemoveThreadData_
0002:0000b8e0* __ResizeThreadDataList_
0002:0000b930  __FreeThreadDataList_
0002:0000b960* __ActiveThreads_
Module: D:\watcom\lib386\os2\clib3r.lib(calloc)
0002:0000b980  calloc_
Module: D:\watcom\lib386\os2\clib3r.lib(thrdmax)
0002:0000b9a0  __GETMAXTHREADS
Module: D:\watcom\lib386\math387r.lib(ldcvt)
0002:0000ba8b  _LDScale10x_
0002:0000c0be  __LDcvt_
Module: D:\watcom\lib386\math387r.lib(strtod)
0002:0000ca91+ __Strtold_
0002:0000cc00  strtod_
Module: D:\watcom\lib386\os2\clib3r.lib(enterdb)
0002:0000cd50  __EnterWVIDEO_
0003:000008d4+ ___WD_Present
Module: D:\watcom\lib386\os2\clib3r.lib(nmsize)
0002:0000cd80* _msize_
0002:0000cd90  _nmsize_
Module: D:\watcom\lib386\os2\clib3r.lib(nexpand)
0002:0000cda0* _expand_
0002:0000cdb0+ __HeapManager_expand_
0002:0000cf70  _nexpand_
Module: D:\watcom\lib386\os2\clib3r.lib(thunk)
0002:0000cfcc  __TNK
0002:0000cfb8* __TNC
Module: D:\watcom\lib386\os2\clib3r.lib(far16fun)
0002:0000d01c  __Far16Func2
0002:0000d065* __Far16Func
0002:0000d0b3* __Far16Pascal2
0002:0000d0fa* __Far16Pascal
0002:0000d146* __Far16Cdecl2
0002:0000d194* __Far16Cdecl
0002:0000d1e7  __FlatToFar16
0002:0000d1f0* __Far16ToFlat
Module: D:\watcom\lib386\math387r.lib(ldclass)
0002:0000d1f9  __LDClass_
0002:0000d249* _FLClass_
Module: D:\watcom\lib386\os2\clib3r.lib(bufld386)
0002:0000d258  __ZBuf2LD
Module: D:\watcom\lib386\math387r.lib(inf_nan)
0002:0000d2fb* ___f_infinity
0002:0000d2ff* ___f_posqnan
0002:0000d303  ___d_infinity
0002:0000d30b  ___d_posqnan
0002:0000d313* ___ld_infinity
0002:0000d31b* ___ld_posqnan
Module: D:\watcom\lib386\os2\clib3r.lib(hugeval)
0002:0000d330  __HugeValue
Module: D:\watcom\lib386\os2\clib3r.lib(stk)
0002:0000d349  __STK
0002:0000d339* __CHK
0002:0000d378* __GRO
0002:0000d368* __STKOVERFLOW_
Module: D:\watcom\lib386\os2\clib3r.lib(itsto32)
0002:0000d3a0  __init_threadstksize_


                        +----------------------+
                        |   Imported Symbols   |
                        +----------------------+

Symbol                              Module
======                              ======

WinQueryFocus                       PMWIN
WinPostMsg                          PMWIN
DosRequestMutexSem                  DOSCALLS
DosReleaseMutexSem                  DOSCALLS
DosScanEnv                          DOSCALLS
WinCreateWindow                     PMWIN
WinQueryWindowPos                   PMWIN
WinDestroyWindow                    PMWIN
WinQueryDlgItemText                 PMWIN
WinWindowFromID                     PMWIN
WinGetPS                            PMWIN
GpiQueryTextBox                     PMGPI
WinReleasePS                        PMWIN
WinSetDlgItemText                   PMWIN
WinSetWindowText                    PMWIN
WinQuerySysValue                    PMWIN
WinSetWindowPos                     PMWIN
WinSetPresParam                     PMWIN
WinBeginEnumWindows                 PMWIN
WinGetNextWindow                    PMWIN
WinEndEnumWindows                   PMWIN
WinIsWindowVisible                  PMWIN
WinEnableWindowUpdate               PMWIN
WinSendDlgItemMsg                   PMWIN
WinSetWindowULong                   PMWIN
WinQueryWindow                      PMWIN
WinMapWindowPoints                  PMWIN
WinQueryWindowULong                 PMWIN
WinQueryDlgItemShort                PMWIN
WinDefDlgProc                       PMWIN
WinDismissDlg                       PMWIN
WinQueryAnchorBlock                 PMWIN
WinStopTimer                        PMWIN
WinStartTimer                       PMWIN
WinShowPointer                      PMWIN
WinDefWindowProc                    PMWIN
WinLoadDlg                          PMWIN
WinSetWindowBits                    PMWIN
WinBeginPaint                       PMWIN
cairo_os2_surface_refresh_window    CAIRO124
WinEndPaint                         PMWIN
WinProcessDlg                       PMWIN
WinQueryWindowRect                  PMWIN
WinFillRect                         PMWIN
UniCreateUconvObject                uconv
UniUconvToUcs                       uconv
UniCreateLocaleObject               libuni
UniFreeUconvObject                  uconv
UniStrftime                         libuni
UniStrlen                           libuni
UniUconvFromUcs                     uconv
UniFreeLocaleObject                 libuni
DosSleep                            DOSCALLS
cairo_save                          CAIRO124
cairo_scale                         CAIRO124
cairo_set_source_rgb                CAIRO124
cairo_rectangle                     CAIRO124
cairo_fill                          CAIRO124
cairo_translate                     CAIRO124
cairo_set_line_width                CAIRO124
cairo_move_to                       CAIRO124
cairo_line_to                       CAIRO124
cairo_close_path                    CAIRO124
cairo_stroke                        CAIRO124
cairo_arc                           CAIRO124
cairo_select_font_face              CAIRO124
cairo_set_font_size                 CAIRO124
cairo_text_extents                  CAIRO124
cairo_text_path                     CAIRO124
cairo_set_source_rgba               CAIRO124
cairo_fill_preserve                 CAIRO124
cairo_restore                       CAIRO124
WinInvalidateRect                   PMWIN
cairo_os2_init                      CAIRO124
cairo_os2_surface_create            CAIRO124
cairo_os2_surface_set_hwnd          CAIRO124
cairo_os2_surface_set_manual_window_refresh CAIRO124
cairo_create                        CAIRO124
cairo_destroy                       CAIRO124
cairo_surface_destroy               CAIRO124
cairo_os2_fini                      CAIRO124
DosSetPriority                      DOSCALLS
WinInitialize                       PMWIN
WinCreateMsgQueue                   PMWIN
WinSubclassWindow                   PMWIN
WinSendMsg                          PMWIN
WinGetMsg                           PMWIN
WinDispatchMsg                      PMWIN
DosWaitThread                       DOSCALLS
WinDestroyMsgQueue                  PMWIN
WinTerminate                        PMWIN
WinRegisterClass                    PMWIN
WinQuerySysModalWindow              PMWIN
WinSetSysModalWindow                PMWIN
WinSetFocus                         PMWIN
WinPostQueueMsg                     PMWIN
DosCloseMutexSem                    DOSCALLS
DosCreateMutexSem                   DOSCALLS
DosCreateDir                        DOSCALLS
DosQuerySysInfo                     DOSCALLS
DosExit                             DOSCALLS
DosAllocMem                         DOSCALLS
DosOpen                             DOSCALLS
DosClose                            DOSCALLS
DosSetFilePtr                       DOSCALLS
DosGetDateTime                      DOSCALLS
DosPostEventSem                     DOSCALLS
DosCreateEventSem                   DOSCALLS
DosCreateThread                     DOSCALLS
DosCloseEventSem                    DOSCALLS
DosWaitEventSem                     DOSCALLS
DosGetInfoBlocks                    DOSCALLS
DosQueryModuleName                  DOSCALLS
DosDevConfig                        DOSCALLS
DosRead                             DOSCALLS
DosFreeMem                          DOSCALLS
DosQueryDBCSEnv                     NLS
DosQueryCp                          DOSCALLS
DosQueryHType                       DOSCALLS
DosSetRelMaxFH                      DOSCALLS
DosResetBuffer                      DOSCALLS
DosWrite                            DOSCALLS
DosLoadModule                       DOSCALLS
DosQueryProcAddr                    DOSCALLS
KBD16CHARIN                         KBDCALLS
VIO16WRTTTY                         VIOCALLS
DosFlatToSel                        DOSCALLS
DosSelToFlat                        DOSCALLS


                        +--------------------+
                        |   Libraries Used   |
                        +--------------------+

f:\upload\cairo-1.2.4\cairo-1.2.4-os2-dev\cairo124.lib
D:\os2tk45\lib\libuls.lib
D:\os2tk45\lib\libconv.lib
D:\watcom\lib386\os2\clib3r.lib
D:\watcom\lib386\math387r.lib
D:\watcom\lib386\os2\emu387.lib
D:\os2tk45\lib\os2386.lib


                        +-----------------------+
                        |   Linker Statistics   |
                        +-----------------------+

Stack size:  0000 (0.)
Memory size:  ebb3 (60339.)
Link time: 00:00.97
