Open Watcom Linker Version 1.6
Portions Copyright (c) 1985-2002 Sybase, Inc. All Rights Reserved.
Created on:       08/08/18 02:42:18
Executable Image: SSModWrp.exe
creating an OS/2 and eComStation executable
symbol _heapenable_ removed


                        +------------+
                        |   Groups   |
                        +------------+

Group                           Address              Size
=====                           =======              ====

DGROUP                          0002:00000000        00020850



                        +--------------+
                        |   Segments   |
                        +--------------+

Segment                Class          Group          Address         Size
=======                =====          =====          =======         ====

BEGTEXT                CODE           AUTO           0001:00000000   00000007
_TEXT                  CODE           AUTO           0001:00000010   00002f8c
_NULL                  BEGDATA        DGROUP         0002:00000000   00000004
_AFTERNULL             BEGDATA        DGROUP         0002:00000004   00000000
CONST                  DATA           DGROUP         0002:00000004   0000017c
CONST2                 DATA           DGROUP         0002:00000180   00000000
_DATA                  DATA           DGROUP         0002:00000180   00000438
XIB                    DATA           DGROUP         0002:000005b8   00000000
XI                     DATA           DGROUP         0002:000005b8   00000018
XIE                    DATA           DGROUP         0002:000005d0   00000000
YIB                    DATA           DGROUP         0002:000005d0   00000000
YI                     DATA           DGROUP         0002:000005d0   0000000c
YIE                    DATA           DGROUP         0002:000005dc   00000000
TIB                    DATA           DGROUP         0002:000005dc   00000000
TI                     DATA           DGROUP         0002:000005dc   00000000
TIE                    DATA           DGROUP         0002:000005dc   00000000
DATA                   DATA           DGROUP         0002:000005dc   00000000
_BSS                   BSS            DGROUP         0002:000005dc   00010271
STACK                  STACK          DGROUP         0002:00010850   00010000


                        +----------------+
                        |   Memory Map   |
                        +----------------+

* = unreferenced symbol
+ = symbol only referenced locally

Address        Symbol
=======        ======

Module: SSModWrp.obj(D:\WATCOM\Projects\SSaver\SSModWrp\SSModWrp.c)
0001:00000710  main_
Module: D:\watcom/lib386/os2\clib3r.lib(stk)
0001:0000079d* __STK
0001:0000078d* __CHK
0001:000007cc  __GRO
0001:000007bc* __STKOVERFLOW_
Module: D:\watcom/lib386/os2\clib3r.lib(memset)
0001:000007f0  memset_
Module: D:\watcom/lib386/os2\clib3r.lib(printf)
0001:00000810  printf_
Module: D:\watcom/lib386/os2\clib3r.lib(cstart)
0001:00000832  _cstart_
Module: D:\watcom/lib386/os2\clib3r.lib(argcv)
0002:0001060c  __argc
0002:00010610  __argv
0002:00010614  ___argc
0002:00010618  ___argv
Module: D:\watcom/lib386/os2\clib3r.lib(xmsgo32)
0001:00000890+ __exit_with_msg_
0001:000008c0  __fatal_runtime_error_
Module: D:\watcom/lib386/os2\clib3r.lib(maino32)
0002:00000194+ ___FirstThreadData
0002:00000198  ___GetThreadPtr
0002:0000019c  __AccessFileH
0002:000001a0  __ReleaseFileH
0002:000001a4  __AccessIOB
0002:000001a8  __ReleaseIOB
0002:000001ac  __AccessNHeap
0002:000001b0* __AccessFHeap
0002:000001b4  __ReleaseNHeap
0002:000001b8* __ReleaseFHeap
0001:000008ea  __threadstack_
0001:000008f1* __threadid_
0001:000008fa  __OS2MainInit_
0001:00000969+ __OS2Init_
0001:000009a7* __OS2Fini_
0001:000009b2+ __shutdown_stack_checking_
0001:000009c7  __exit_
0002:000001bc* __AccessTDList
0002:000001c0* __ReleaseTDList
0002:000001c4+ ___sig_init_rtn
0002:000001c8* ___sig_fini_rtn
0002:000001cc* __threadstksize
0002:000001d0  ___process_fini
0002:0001061c  ___Is_DLL
0002:00010620+ ___saved_CS
Module: D:\watcom/lib386/os2\clib3r.lib(__stos)
0001:00000a10  __STOSB
0001:00000a47* __STOSD
Module: D:\watcom/lib386/os2\clib3r.lib(iob)
0002:000001d4  ___iob
0002:000003dc* __fmode
0002:00010724  ___OpenStreams
0002:00010728  ___ClosedStreams
Module: D:\watcom/lib386/os2\clib3r.lib(fprtf)
0001:00000ae0  __fprtf_
Module: D:\watcom/lib386/os2\clib3r.lib(main2o32)
0001:00000ba0  __OS2Main
Module: D:\watcom/lib386/os2\clib3r.lib(segdefns)
0001:00000003  ___begtext
0002:00000000* __nullarea
0002:000005b8  __Start_XI
0002:000005d0  __End_XI
0002:000005d0  __Start_YI
0002:000005dc  __End_YI
Module: D:\watcom/lib386/os2\clib3r.lib(initargv)
0001:00000c10  __Init_Argv_
0001:00000c60+ _getargv_
0001:00000e00  __Fini_Argv_
Module: D:\watcom/lib386/os2\clib3r.lib(enterdb)
0001:00000e20  __EnterWVIDEO_
0002:000003e0+ ___WD_Present
Module: D:\watcom/lib386/os2\clib3r.lib(crwdata)
0002:00000428  __osmajor
0002:00000429  __osminor
0002:000003ec  __LpCmdLine
0002:000003f0  __LpPgmName
0002:000003f4* __LpDllName
0002:000003f8* __LpwCmdLine
0002:000003fc* __LpwPgmName
0002:00000400* __LpwDllName
0002:000003e4* __dynend
0002:000003e8  __curbrk
0002:00000404* __STACKLOW
0002:00000408* __STACKTOP
0002:0000040c  __ASTACKSIZ
0002:00000410  __ASTACKPTR
0002:00000414* __cbyte
0002:00000418* __cbyte2
0002:0000041c* __child
0002:00000422  __Envptr
0002:00000426* __Envseg
0002:00000420* __no87
0002:0000042a* ___FPE_handler
Module: D:\watcom/lib386/os2\clib3r.lib(cinit)
0001:00000e50  __CommonInit_
0002:00010730  ___hmodule
Module: D:\watcom/lib386/os2\clib3r.lib(initrtns)
0001:00000e70  __InitRtns
0001:00000ec0  __FiniRtns
Module: D:\watcom/lib386/os2\clib3r.lib(initfile)
0001:00000f50  __InitFiles_
Module: D:\watcom/lib386/os2\clib3r.lib(ioexit)
0001:00001050* fcloseall_
0001:00001060  __full_io_exit_
Module: D:\watcom/lib386/os2\clib3r.lib(fputc)
0001:00001070  fputc_
Module: D:\watcom/lib386/os2\clib3r.lib(ioalloc)
0001:00001160  __ioalloc_
Module: D:\watcom/lib386/os2\clib3r.lib(prtf)
0001:00001200  __prtf_
Module: D:\watcom/lib386/os2\clib3r.lib(flush)
0001:00001f00  __flush_
Module: D:\watcom/lib386/os2\clib3r.lib(mthrdini)
0001:00002010  __InitThreadData_
0002:00000430  ___ThreadDataSize
Module: D:\watcom/lib386/os2\clib3r.lib(cmain386)
0001:00002030  __CMain
Module: D:\watcom/lib386/os2\clib3r.lib(dosseg)
0000:00001234  __DOSseg__
Module: D:\watcom/lib386/os2\clib3r.lib(histsplt)
0002:00010734  ___historical_splitparms
Module: D:\watcom/lib386/os2\clib3r.lib(___argc)
0002:00010738  ____Argc
0002:0001073c  ____Argv
Module: D:\watcom/lib386/os2\clib3r.lib(nmalloc)
0001:00002070  malloc_
0001:00002080  _nmalloc_
0002:00000434  ___nheapbeg
0002:00000438  ___MiniHeapRover
0002:0000043c  ___LargestSizeB4MiniHeapRover
Module: D:\watcom/lib386/os2\clib3r.lib(nfree)
0001:00002180  free_
0001:00002190  _nfree_
0002:00010740  ___MiniHeapFreeRover
Module: D:\watcom/lib386/os2\clib3r.lib(amblksiz)
0002:00000440  __amblksiz
Module: D:\watcom/lib386/os2\clib3r.lib(fclose)
0001:000022a0+ __doclose_
0001:00002340  __shutdown_stream_
0001:00002360* fclose_
0002:00010744+ ___RmTmpFileFn
Module: D:\watcom/lib386/os2\clib3r.lib(freefp)
0001:000023b0  __freefp_
0001:00002400  __purgefp_
Module: D:\watcom/lib386/os2\clib3r.lib(seterrno)
0001:0000242e  __set_errno_
0001:0000243c* __set_EDOM_
0001:0000244a* __set_ERANGE_
0001:00002458* __set_EINVAL_
0001:0000246b  __set_doserrno_
Module: D:\watcom/lib386/os2\clib3r.lib(chktty)
0001:00002480  __chktty_
Module: D:\watcom/lib386/os2\clib3r.lib(wctomb)
0001:000024c0  wctomb_
Module: D:\watcom/lib386/os2\clib3r.lib(itoa)
0001:000024f0+ utoa_
0001:00002540  itoa_
Module: D:\watcom/lib386/os2\clib3r.lib(strupr)
0001:00002570  strupr_
Module: D:\watcom/lib386/os2\clib3r.lib(noefgfmt)
0002:00000444  ___EFG_printf
0002:00000448* ___EFG_scanf
Module: D:\watcom/lib386/os2\clib3r.lib(lltoa)
0001:000025e0  ulltoa_
0001:00002650* lltoa_
Module: D:\watcom/lib386/os2\clib3r.lib(ltoa)
0001:00002680  ultoa_
0001:000026d0* ltoa_
Module: D:\watcom/lib386/os2\clib3r.lib(mbisdbcs)
0002:00010748  ___IsDBCS
Module: D:\watcom/lib386/os2\clib3r.lib(mbislead)
0001:00002700* _ismbblead_
0002:0001074c  ___MBCSIsTable
Module: D:\watcom/lib386/os2\clib3r.lib(lseekos2)
0001:00002720  __lseek_
Module: D:\watcom/lib386/os2\clib3r.lib(fsync)
0001:00002760  fsync_
Module: D:\watcom/lib386/os2\clib3r.lib(qwrit)
0001:00002790  __qwrite_
Module: D:\watcom/lib386/os2\clib3r.lib(exit)
0001:00002827+ __null_int23_exit_
0001:00002829  exit_
0001:00002879* _exit_
0002:0000044c+ ___int23_exit
0002:00000450+ ___FPE_handler_exit
Module: D:\watcom/lib386/os2\clib3r.lib(nmemneed)
0001:00002890  __nmemneed_
Module: D:\watcom/lib386/os2\clib3r.lib(mem)
0001:000028a0  __MemAllocator
0001:00002960  __MemFree
Module: D:\watcom/lib386/os2\clib3r.lib(grownear)
0001:00002c20  __ExpandDGROUP_
Module: D:\watcom/lib386/os2\clib3r.lib(_clseos2)
0001:00002c40  __close_
Module: D:\watcom/lib386/os2\clib3r.lib(isattos2)
0001:00002c80  isatty_
Module: D:\watcom/lib386/os2\clib3r.lib(alphabet)
0002:00000158  ___Alphabet
Module: D:\watcom/lib386/os2\clib3r.lib(mbinit)
0001:00002cf1  __mbinit_
0002:00000454+ ___MBCodePage
Module: D:\watcom/lib386/os2\clib3r.lib(dosret)
0001:00002df0* _dosretax_
0001:00002e00* _dosret0_
0001:00002e10  __set_errno_dos_
Module: D:\watcom/lib386/os2\clib3r.lib(iomode)
0001:00002e40  __GetIOMode_
0001:00002e60  __SetIOMode_nogrow_
0002:0000055c+ ___NFiles
0002:00000560+ ___init_mode
0002:000005b0+ ___io_mode
Module: D:\watcom/lib386/os2\clib3r.lib(heapen)
0002:000005b4  ___heap_enabled
Module: D:\watcom/lib386/os2\clib3r.lib(nheapmin)
0001:00002e80* _heapshrink_
0001:00002e90* _heapmin_
0001:00002ea0* _nheapmin_
0001:00002f60  _nheapshrink_


                        +----------------------+
                        |   Imported Symbols   |
                        +----------------------+

Symbol                              Module
======                              ======

DosLoadModule                       DOSCALLS
DosQueryProcAddr                    DOSCALLS
DosFreeModule                       DOSCALLS
DosWrite                            DOSCALLS
DosResetBuffer                      DOSCALLS
DosCreateNPipe                      DOSCALLS
DosConnectNPipe                     DOSCALLS
DosClose                            DOSCALLS
DosRead                             DOSCALLS
DosDisConnectNPipe                  DOSCALLS
WinInitialize                       PMWIN
WinCreateMsgQueue                   PMWIN
WinCancelShutdown                   PMWIN
WinDestroyMsgQueue                  PMWIN
WinTerminate                        PMWIN
DosQuerySysInfo                     DOSCALLS
DosExit                             DOSCALLS
DosSetFilePtr                       DOSCALLS
DosAllocMem                         DOSCALLS
DosQueryHType                       DOSCALLS
DosQueryDBCSEnv                     NLS
DosQueryCp                          DOSCALLS
DosFreeMem                          DOSCALLS


                        +--------------------+
                        |   Libraries Used   |
                        +--------------------+

D:\watcom/lib386/os2\clib3r.lib
D:\os2tk45\lib\os2386.lib


                        +-----------------------+
                        |   Linker Statistics   |
                        +-----------------------+

Stack size:  00010000 (65536.)
Memory size:  000237ec (145388.)
Entry point address: 0001:00000832
Link time: 00:00.67
