Open Watcom Linker Version 1.6
Portions Copyright (c) 1985-2002 Sybase, Inc. All Rights Reserved.
Created on:       08/09/15 22:46:19
Executable Image: Snow.dll
creating an OS/2 and eComStation dynamic link library
symbol __set_commode_ removed
symbol _heapenable_ removed
symbol __set_handles_ removed
symbol _grow_handles_ removed


                        +------------+
                        |   Groups   |
                        +------------+

Group                           Address              Size
=====                           =======              ====

DGROUP                          0003:00000000        00049600



                        +--------------+
                        |   Segments   |
                        +--------------+

Segment                Class          Group          Address         Size
=======                =====          =====          =======         ====

_TEXT16                CODE           AUTO           0001:00000000   00000068
BEGTEXT                CODE           AUTO           0002:00000000   00000007
_TEXT                  CODE           AUTO           0002:00000010   0000f49b
_NULL                  BEGDATA        DGROUP         0003:00000000   00000004
_AFTERNULL             BEGDATA        DGROUP         0003:00000004   00000000
CONST                  DATA           DGROUP         0003:00000004   000002a0
CONST2                 DATA           DGROUP         0003:000002a4   00000000
_DATA                  DATA           DGROUP         0003:000002a4   000483f8
XIB                    DATA           DGROUP         0003:0004869c   00000000
XI                     DATA           DGROUP         0003:0004869c   00000036
XIE                    DATA           DGROUP         0003:000486d2   00000000
YIB                    DATA           DGROUP         0003:000486d2   00000000
YI                     DATA           DGROUP         0003:000486d2   0000001e
YIE                    DATA           DGROUP         0003:000486f0   00000000
TIB                    DATA           DGROUP         0003:000486f0   00000000
TI                     DATA           DGROUP         0003:000486f0   00000000
TIE                    DATA           DGROUP         0003:000486f0   00000000
DATA                   DATA           DGROUP         0003:000486f0   00000000
_BSS                   BSS            DGROUP         0003:000486f0   00000f0c
STACK                  STACK          DGROUP         0003:00049600   00000000


                        +----------------+
                        |   Memory Map   |
                        +----------------+

* = unreferenced symbol
+ = symbol only referenced locally

Address        Symbol
=======        ======

Module: Snow.obj(D:\WATCOM\Projects\SSaver\Modules\Snow\Snow.c)
0003:000486f0+ _ObjectStates
0003:00048720+ _ampMP2
0003:00048820+ _ampMP1
0003:00048920+ _DiveCaps
0003:00048958+ _ModuleConfig
0003:00048978+ _achUndoBuf
0003:00048b78+ _pPosDescBuffer
0003:00048b7c+ _AnimationStates
0003:00048b90+ _pchAnims1ConvertedImageData
0003:00048b94+ _pchObjects1ConvertedImageData
0003:00048b98+ _iNumEventsInRecord
0003:00048b9c+ _bHWVideoPresent
0003:00048ba0+ _pfnHWVIDEOSetAttrib
0003:00048ba4+ _OverlayCaps
0003:00048bd8+ _pfnHWVIDEOSetup
0003:00048bdc+ _pfnHWVIDEOBeginUpdate
0003:00048be0+ _pfnHWVIDEOGetAttrib
0003:00048be4+ _pfnHWVIDEOEndUpdate
0003:00048be8+ _pchVRAM
0003:00048bec+ _iBufferXSize
0003:00048bf0+ _iBufferYSize
0003:00048bf4+ _pfnHWVIDEOInit
0003:00048bf8+ _pfnHWVIDEOClose
0003:00048bfc+ _pfnHWVIDEOCaps
0003:00048c00+ _hmodHWVideo
0003:00048c04+ _bScreenShotThreadDone
0003:00048c08+ _fccBufferFormat
0003:00048c0c+ _bUseFrameRegulation
0003:00048c10+ _hevBlitEvent
0003:00048c14+ _iBufferBPP
0003:00048c18+ _bShutdownRequest
0003:00048c1c+ _hDive
0003:00048c20+ _pchScreenShot
0003:00048c24+ _tidBlitterThread
0003:00048c28+ _ulWorkImage
0003:00048c2c+ _bVRNEnabled
0003:00048c30+ _hmtxUseNLSTextArray
0003:00048c34+ _hmtxUseDive
0003:00048c38+ _bScreenCaptured
0003:00048c3c+ _hmqSaverThreadMsgQueue
0003:00048c40+ _ulAutoHiderTimerID
0003:00048c44+ _iSaverThreadState
0003:00048c48+ _bOnlyPreviewMode
0003:00048c4c+ _apchNLSText
0003:00048c70+ _tidSaverThread
0003:00048c74+ _bPaused
0003:00048c78+ _bRunning
0003:000002a4+ _bFirstKeyGoesToPwdWindow
0003:000002a8+ _ulColorKey
0003:000002ac+ _aiCustomResWidth
0003:000002ec+ _aiCustomResHeight
0003:0000032c+ _ulObjects1ImageWidth
0003:00000330+ _ulObjects1ImageHeight
0003:00000334+ _achObjects1ImageData
0003:0002f134+ _ulAnims1ImageWidth
0002:000016f0+ fnConfigDialogProc
0002:00001fb0+ fnAutoHiderDlgProc
0002:00002070+ fnSaverWindowProc
0002:00002de0+ SetupGraphics_
0002:00003440+ ShutdownGraphics_
0002:000034d0+ fnScreenShotThread_
0002:000049e0+ fnBlitterThread_
0002:00005160+ fnSaverThread_
0002:00005670+ SSModule_GetModuleDesc
0002:00005740+ SSModule_Configure
0002:000057c0+ SSModule_StartSaving
0002:00005850+ SSModule_StopSaving
0002:000058b0+ SSModule_AskUserForPassword
0002:000058f0+ SSModule_ShowWrongPasswordNotification
0002:00005920+ SSModule_PauseSaving
0002:00005950+ SSModule_ResumeSaving
0002:00005980+ SSModule_SetNLSText
0002:00005a50+ SSModule_SetCommonSetting
0002:00005a70  LibMain
0003:0002f138+ _ulAnims1ImageHeight
0003:0002f13c+ _achAnims1ImageData
0003:00047fac+ _Objects
0003:0004800c+ _Animations
0003:00048c7c+ _hwndSaverWindow
0003:00048c80+ _hmodOurDLLHandle
Module: FrameRate.obj(D:\WATCOM\Projects\SSaver\Modules\Snow\FrameRate.c)
0002:00005b10* Initialize_ulInitTimeStamp_
0002:00005b30+ FrameRegulator_
0002:00005c30+ SetupFrameRegulation_
0002:00005c70  StartFrameRegulation_
0002:00005cd0  StopFrameRegulation_
0002:00005d10* Initialize_FrameRegulation_
0002:00005d20* Uninitialize_FrameRegulation_
0003:00048c84+ _flFRPollTime
0003:00048c88+ _hevFRBlitNeededEvent
0003:00048c8c+ _FrameRegulatorThread
0003:00048c90+ _ulFRPollStartTime
0003:00048c94+ _fFRShutdown
0003:00048c98+ _ulInitTimeStamp
0003:00048c9c+ _ulCurrTimeStamp
Module: msgx.obj(D:\WATCOM\Projects\SSaver\Modules\Snow\msgx.c)
0002:00005d40  fopenMessageFile_
0002:00005dc0* vfyMemMessageFile_
0002:00005de0  sprintmsg_
0002:00006140* sprintmemmsg_
0002:00006490+ _getMessage_
0002:00006560+ _getMemMessage_
0002:00006650+ memread_
0002:00006660+ _insertstring_
0002:000066c0+ _deletestring_
0002:00006700+ _scrubfmt_
0002:000067a0+ _scrubprecent_
0002:000067e0+ _isfmtchar_
0002:000069e0+ _findSubstitute_
Module: D:\watcom/lib386/os2\clib3r.lib(nmalloc)
0002:00006a40  malloc_
0002:00006a50  _nmalloc_
0003:0004802c  ___nheapbeg
0003:00048030  ___MiniHeapRover
0003:00048034  ___LargestSizeB4MiniHeapRover
Module: D:\watcom/lib386/os2\clib3r.lib(strncpy)
0002:00006b50  strncpy_
Module: D:\watcom/lib386/os2\clib3r.lib(sprintf)
0002:00006b90  sprintf_
Module: D:\watcom/lib386/os2\clib3r.lib(nfree)
0002:00006bc0  free_
0002:00006bd0  _nfree_
0003:00048ca0  ___MiniHeapFreeRover
Module: D:\watcom/lib386/os2\clib3r.lib(getenv)
0002:00006ce0  getenv_
Module: D:\watcom/lib386/os2\clib3r.lib(snprintf)
0002:00006db0+ vsnprintf_
0002:00006e10  snprintf_
Module: D:\watcom/lib386/os2\clib3r.lib(fopen)
0002:00006e40+ __open_flags_
0002:00007080+ _fsopen_
0002:000070d0  fopen_
0002:00007160* freopen_
Module: D:\watcom/lib386/os2\clib3r.lib(strncat)
0002:000071d0  strncat_
Module: D:\watcom/lib386/os2\clib3r.lib(fscanf)
0002:00007250+ vfscanf_
0002:000072c0  fscanf_
Module: D:\watcom/lib386/os2\clib3r.lib(fclose)
0002:000072f0  __doclose_
0002:00007390  __shutdown_stream_
0002:000073b0  fclose_
0003:00048ca4+ ___RmTmpFileFn
Module: D:\watcom/lib386/os2\clib3r.lib(mkdiros2)
0002:00007400  mkdir_
Module: D:\watcom/lib386/os2\clib3r.lib(fprintf)
0002:00007420  fprintf_
Module: D:\watcom/lib386/os2\clib3r.lib(memset)
0002:00007450  memset_
Module: D:\watcom/lib386/os2\clib3r.lib(register)
0002:00007480  __initthread_
0002:00007490  _beginthread_
0002:000074a0  _endthread_
0002:000074b0* __RegisterThreadData_
Module: D:\watcom/lib386/os2\clib3r.lib(rand)
0002:00007500  rand_
0002:00007530  srand_
Module: D:\watcom/lib386/os2\clib3r.lib(time)
0002:00007550  time_
Module: D:\watcom/lib386/os2\clib3r.lib(dstrt386)
0002:00007588  __DLLstart_
0002:00007588* __DLLstartw_
Module: D:\watcom/lib386/os2\clib3r.lib(fltused)
0003:00048044  _fltused_
Module: D:\watcom/lib386/os2\emu387.lib(386)
0002:000075e4  __init_387_emulator
0002:000075e5* __fini_387_emulator
Module: D:\watcom/lib386/os2\clib3r.lib(_8087)
0003:00048048  __8087
0003:00048049  __real87
Module: D:\watcom/lib386/os2\clib3r.lib(fread)
0002:000075f0  fread_
Module: D:\watcom/lib386/os2\clib3r.lib(_strcmp)
0002:00007820  strcmp_
Module: D:\watcom/lib386/os2\clib3r.lib(rewind)
0002:00007960  rewind_
Module: D:\watcom/lib386/os2\clib3r.lib(fseek)
0002:000079e0  fseek_
Module: D:\watcom/lib386/os2\clib3r.lib(strnicmp)
0002:00007b10  strnicmp_
Module: D:\watcom/lib386/os2\clib3r.lib(memmove)
0002:00007b60  memmove_
Module: D:\watcom/lib386/os2\clib3r.lib(maino32)
0003:0004804c  ___FirstThreadData
0003:00048050  ___GetThreadPtr
0003:00048054  __AccessFileH
0003:00048058  __ReleaseFileH
0003:0004805c  __AccessIOB
0003:00048060  __ReleaseIOB
0003:00048064  __AccessNHeap
0003:00048068  __AccessFHeap
0003:0004806c  __ReleaseNHeap
0003:00048070  __ReleaseFHeap
0002:00007bbd  __threadstack_
0002:00007bc4  __threadid_
0002:00007bcd* __OS2MainInit_
0002:00007c3c  __OS2Init_
0002:00007c7a  __OS2Fini_
0002:00007c85  __shutdown_stack_checking_
0002:00007c9a  __exit_
0003:00048074  __AccessTDList
0003:00048078  __ReleaseTDList
0003:0004807c  ___sig_init_rtn
0003:00048080  ___sig_fini_rtn
0003:00048084  __threadstksize
0003:00048088+ ___process_fini
0003:00048ca8  ___Is_DLL
0003:00048cac+ ___saved_CS
Module: D:\watcom/lib386/os2\clib3r.lib(nmemneed)
0002:00007cf0  __nmemneed_
Module: D:\watcom/lib386/os2\clib3r.lib(mem)
0002:00007d00  __MemAllocator
0002:00007dc0  __MemFree
Module: D:\watcom/lib386/os2\clib3r.lib(grownear)
0002:00008080  __ExpandDGROUP_
Module: D:\watcom/lib386/os2\clib3r.lib(vsprintf)
0002:000080c0  vsprintf_
Module: D:\watcom/lib386/os2\clib3r.lib(environ)
0003:00048db0  ___env_mask
0003:00048db4  _environ
0003:00048db8* __wenviron
Module: D:\watcom/lib386/os2\clib3r.lib(mbterm)
0002:000080e0  _mbterm_
Module: D:\watcom/lib386/os2\clib3r.lib(mbsnextc)
0002:00008120  _mbsnextc_
Module: D:\watcom/lib386/os2\clib3r.lib(mbcupper)
0002:00008160  _mbctoupper_
Module: D:\watcom/lib386/os2\clib3r.lib(mbsinc)
0002:00008180  _mbsinc_
Module: D:\watcom/lib386/os2\clib3r.lib(prtf)
0002:000081b0  __prtf_
Module: D:\watcom/lib386/os2\clib3r.lib(comtflag)
0003:0004808c  __commode
Module: D:\watcom/lib386/os2\clib3r.lib(iob)
0003:00048090  ___iob
0003:00048298  __fmode
0003:00048dbc  ___OpenStreams
0003:00048dc0  ___ClosedStreams
Module: D:\watcom/lib386/os2\clib3r.lib(seterrno)
0002:00008eab  __set_errno_
0002:00008eb9* __set_EDOM_
0002:00008ec7  __set_ERANGE_
0002:00008ed5* __set_EINVAL_
0002:00008ee8  __set_doserrno_
Module: D:\watcom/lib386/os2\clib3r.lib(tolower)
0002:00008f00  tolower_
Module: D:\watcom/lib386/os2\clib3r.lib(openos2)
0002:000090a0* open_
0002:000090c0  sopen_
Module: D:\watcom/lib386/os2\clib3r.lib(chktty)
0002:000090f0  __chktty_
Module: D:\watcom/lib386/os2\clib3r.lib(freefp)
0002:00009130  __freefp_
0002:00009180  __purgefp_
Module: D:\watcom/lib386/os2\clib3r.lib(allocfp)
0002:000091b0  __allocfp_
Module: D:\watcom/lib386/os2\clib3r.lib(fgetc)
0002:00009280  __fill_buffer_
0002:00009360+ __filbuf_
0002:00009390  fgetc_
Module: D:\watcom/lib386/os2\clib3r.lib(ungetc)
0002:00009460  ungetc_
Module: D:\watcom/lib386/os2\clib3r.lib(scnf)
0002:0000a0f0  __scnf_
Module: D:\watcom/lib386/os2\clib3r.lib(lseekos2)
0002:0000a360  __lseek_
Module: D:\watcom/lib386/os2\clib3r.lib(_clseos2)
0002:0000a3a0  __close_
Module: D:\watcom/lib386/os2\clib3r.lib(flush)
0002:0000a3e0  __flush_
Module: D:\watcom/lib386/os2\clib3r.lib(dosret)
0002:0000a4f0* _dosretax_
0002:0000a500* _dosret0_
0002:0000a510  __set_errno_dos_
Module: D:\watcom/lib386/os2\clib3r.lib(fprtf)
0002:0000a560  __fprtf_
Module: D:\watcom/lib386/os2\clib3r.lib(__stos)
0002:0000a620  __STOSB
0002:0000a657* __STOSD
Module: D:\watcom/lib386/os2\clib3r.lib(thredo32)
0002:0000a770  __CBeginThread_
0002:0000a810  __CEndThread_
Module: D:\watcom/lib386/os2\clib3r.lib(gtctmos2)
0002:0000a830  __getctime_
Module: D:\watcom/lib386/os2\clib3r.lib(mktime)
0002:0000a8a0  mktime_
Module: D:\watcom/lib386/os2\clib3r.lib(dmaino32)
0002:0000a924  __LibMain
Module: D:\watcom/lib386/os2\clib3r.lib(segdefns)
0002:00000003  ___begtext
0003:00000000* __nullarea
0003:0004869c  __Start_XI
0003:000486d2  __End_XI
0003:000486d2  __Start_YI
0003:000486f0  __End_YI
Module: D:\watcom/lib386/os2\clib3r.lib(setefg)
0002:0000ab50  __setEFGfmt_
Module: D:\watcom/lib386/os2\clib3r.lib(chk8087)
0002:0000ab70  _fpreset_
0002:0000ab90* __init_8087_
0002:0000abb0  __chk8087_
Module: D:\watcom/lib386/os2\clib3r.lib(crwdata)
0003:000483e4  __osmajor
0003:000483e5  __osminor
0003:000483a8  __LpCmdLine
0003:000483ac  __LpPgmName
0003:000483b0  __LpDllName
0003:000483b4  __LpwCmdLine
0003:000483b8  __LpwPgmName
0003:000483bc  __LpwDllName
0003:000483a0* __dynend
0003:000483a4  __curbrk
0003:000483c0* __STACKLOW
0003:000483c4* __STACKTOP
0003:000483c8  __ASTACKSIZ
0003:000483cc  __ASTACKPTR
0003:000483d0  __cbyte
0003:000483d4  __cbyte2
0003:000483d8* __child
0003:000483de  __Envptr
0003:000483e2* __Envseg
0003:000483dc  __no87
0003:000483e6* ___FPE_handler
Module: D:\watcom/lib386/os2\clib3r.lib(qread)
0002:0000ac10  __qread_
Module: D:\watcom/lib386/os2\clib3r.lib(ioalloc)
0002:0000ac40  __ioalloc_
Module: D:\watcom/lib386/os2\clib3r.lib(lseek)
0002:0000ace0  lseek_
Module: D:\watcom/lib386/os2\clib3r.lib(tellos2)
0002:0000ad10  tell_
Module: D:\watcom/lib386/os2\clib3r.lib(cinit)
0002:0000ad50  __CommonInit_
0003:000490d4  ___hmodule
Module: D:\watcom/lib386/os2\clib3r.lib(initrtns)
0002:0000ad70  __InitRtns
0002:0000adc0  __FiniRtns
Module: D:\watcom/lib386/os2\clib3r.lib(amblksiz)
0003:000483ec  __amblksiz
Module: D:\watcom/lib386/os2\clib3r.lib(heapen)
0003:000483f0  ___heap_enabled
Module: D:\watcom/lib386/os2\clib3r.lib(nheapmin)
0002:0000ae20  _heapshrink_
0002:0000ae30* _heapmin_
0002:0000ae40* _nheapmin_
0002:0000af00  _nheapshrink_
Module: D:\watcom/lib386/os2\clib3r.lib(setenvp)
0002:0000af40  __setenvp_
0002:0000b000  __freeenvp_
Module: D:\watcom/lib386/os2\clib3r.lib(mbisdbcs)
0003:000490dc  ___IsDBCS
Module: D:\watcom/lib386/os2\clib3r.lib(mbislead)
0002:0000b060* _ismbblead_
0003:000490e0  ___MBCSIsTable
Module: D:\watcom/lib386/os2\clib3r.lib(toupper)
0002:0000b080  toupper_
Module: D:\watcom/lib386/os2\clib3r.lib(mbinit)
0002:0000b0d0  __mbinit_
0003:000483f4  ___MBCodePage
Module: D:\watcom/lib386/os2\clib3r.lib(mbdtoupp)
0002:0000b1d0  _mbdtoupper_
Module: D:\watcom/lib386/os2\clib3r.lib(wctomb)
0002:0000b1f0  wctomb_
Module: D:\watcom/lib386/os2\clib3r.lib(itoa)
0002:0000b220+ utoa_
0002:0000b270  itoa_
Module: D:\watcom/lib386/os2\clib3r.lib(strupr)
0002:0000b2a0  strupr_
Module: D:\watcom/lib386/os2\clib3r.lib(noefgfmt)
0003:000483f8  ___EFG_printf
0003:000483fc  ___EFG_scanf
Module: D:\watcom/lib386/os2\clib3r.lib(lltoa)
0002:0000b310  ulltoa_
0002:0000b380* lltoa_
Module: D:\watcom/lib386/os2\clib3r.lib(ltoa)
0002:0000b3b0  ultoa_
0002:0000b400* ltoa_
Module: D:\watcom/lib386/os2\clib3r.lib(initfile)
0002:0000b460  __InitFiles_
Module: D:\watcom/lib386/os2\clib3r.lib(ioexit)
0002:0000b560* fcloseall_
0002:0000b570  __full_io_exit_
Module: D:\watcom/lib386/os2\clib3r.lib(umaskval)
0003:00048400  ___umaskval
Module: D:\watcom/lib386/os2\clib3r.lib(iomode)
0002:0000b580  __GetIOMode_
0002:0000b5a0  __SetIOMode_nogrow_
0003:00048404  ___NFiles
0003:00048408  ___init_mode
0003:00048458  ___io_mode
Module: D:\watcom/lib386/os2\clib3r.lib(isattos2)
0002:0000b5c0  isatty_
Module: D:\watcom/lib386/os2\clib3r.lib(stiomode)
0002:0000b5f0  __grow_iomode_
0002:0000b6c0+ __shrink_iomode_
0002:0000b750  __SetIOMode_
Module: D:\watcom/lib386/os2\clib3r.lib(flushall)
0002:0000b7c0  __flushall_
0002:0000b800* flushall_
Module: D:\watcom/lib386/os2\clib3r.lib(gtcheos2)
0002:0000b810  getche_
Module: D:\watcom/lib386/os2\clib3r.lib(istable)
0002:0000b840  __IsTable
Module: D:\watcom/lib386/os2\clib3r.lib(mbtowc)
0002:0000b950  mbtowc_
Module: D:\watcom/lib386/os2\clib3r.lib(fdfs386)
0002:0000ba0c  __FDFS
Module: D:\watcom/lib386/os2\clib3r.lib(i8m)
0002:0000ba58* __I8M
0002:0000ba58  __U8M
Module: D:\watcom/lib386/os2\clib3r.lib(fsync)
0002:0000ba80  fsync_
Module: D:\watcom/lib386/os2\clib3r.lib(qwrit)
0002:0000bab0  __qwrite_
Module: D:\watcom/lib386/os2\clib3r.lib(fputc)
0002:0000bb50  fputc_
Module: D:\watcom/lib386/os2\clib3r.lib(mthrdini)
0002:0000bc40  __InitThreadData_
0003:0004845c  ___ThreadDataSize
Module: D:\watcom/lib386/os2\clib3r.lib(mthread)
0002:0000bcb0+ __CloseSemaphore_
0002:0000bcf0+ __AccessSemaphore_
0002:0000bd50+ __ReleaseSemaphore_
0002:0000bdb0+ __AccessIOB_
0002:0000bdc0+ __ReleaseIOB_
0002:0000bdd0+ __AccessFileH_
0002:0000bde0+ __ReleaseFileH_
0002:0000bdf0+ __AccessNHeap_
0002:0000be00+ __ReleaseNHeap_
0002:0000be10+ __AccessFHeap_
0002:0000be20+ __ReleaseFHeap_
0002:0000be30+ __AccessTDList_
0002:0000be40+ __ReleaseTDList_
0002:0000be50+ __MultipleThread_
0002:0000bea0  __AllocInitThreadData_
0002:0000bef0  __FreeInitThreadData_
0002:0000bf00  __OS2AddThread_
0002:0000bf70  __OS2RemoveThread_
0002:0000bfc0  __InitMultipleThread_
0003:00048460+ ___AccessSema4
0003:00048464+ ___ReleaseSema4
0003:00048468+ ___CloseSema4
Module: D:\watcom/lib386/os2\clib3r.lib(trdalloc)
0002:0000c160  __InitThreadProcessing_
0002:0000c180  __FiniThreadProcessing_
0003:00049338  ___ThreadData
Module: D:\watcom/lib386/os2\clib3r.lib(locmktim)
0002:0000c1e0  __local_mktime_
Module: D:\watcom/lib386/os2\clib3r.lib(gmtime)
0002:0000c3a0  __brktime_
0002:0000c4a0+ _gmtime_
0002:0000c4c0* gmtime_
Module: D:\watcom/lib386/os2\clib3r.lib(tzset)
0003:0004846c  ___start_dst
0003:00048490  ___end_dst
0003:000485b8* _tzname
0003:000485c0  _timezone
0003:000485c4  _daylight
0003:000485c8  ___dst_adjust
0002:0000c4f0* __DontCacheOSTZ_
0002:0000c510* __CacheOSTZ_
0002:0000c780+ __parse_tz_
0002:0000c8f0  tzset_
Module: D:\watcom/lib386/os2\clib3r.lib(timeutil)
0002:0000ca60  __isindst_
Module: D:\watcom/lib386/os2\clib3r.lib(ddgrpo32)
0002:0000ce90  __disallow_single_dgroup_
Module: D:\watcom/lib386/os2\clib3r.lib(atouni)
0002:0000d0e0  _atouni_
Module: D:\watcom/lib386/os2\clib3r.lib(maxthrds)
0003:000485d0  ___MaxThreads
Module: D:\watcom/lib386/os2\clib3r.lib(dosseg)
0000:00001234  __DOSseg__
Module: D:\watcom/lib386\math387r.lib(efgfmt)
0002:0000d11a  _EFG_Format_
Module: D:\watcom/lib386\math387r.lib(cnvs2d)
0002:0000d27f  __cnvs2d_
Module: D:\watcom/lib386/os2\clib3r.lib(8087cw)
0003:000485d4  __8087cw
Module: D:\watcom/lib386/os2\clib3r.lib(init8087)
0002:0000d290  __x87id
Module: D:\watcom/lib386/os2\clib3r.lib(clearenv)
0002:0000d2d0  clearenv_
Module: D:\watcom/lib386/os2\clib3r.lib(alphabet)
0003:00000248  ___Alphabet
Module: D:\watcom/lib386/os2\clib3r.lib(xmsgo32)
0002:0000d370+ __exit_with_msg_
0002:0000d3a0  __fatal_runtime_error_
Module: D:\watcom/lib386/os2\clib3r.lib(nrealloc)
0002:0000d3c0  realloc_
0002:0000d3d0+ _nrealloc_
Module: D:\watcom/lib386/os2\clib3r.lib(hdlman)
0003:000485d8  ___NHandles
Module: D:\watcom/lib386/os2\clib3r.lib(iomodtty)
0002:0000d450  __ChkTTYIOMode_
0002:0000d4a0* __IOMode_
Module: D:\watcom/lib386/os2\clib3r.lib(getchos2)
0002:0000d4c0  getch_
Module: D:\watcom/lib386/os2\clib3r.lib(putchos2)
0002:0000d580  putch_
Module: D:\watcom/lib386/os2\clib3r.lib(trdlist)
0002:0000d630  __GetThreadData_
0002:0000d750  __ReallocThreadData_
0002:0000d8c0  __AddThreadData_
0002:0000d940  __RemoveThreadData_
0002:0000d9a0* __ResizeThreadDataList_
0002:0000d9f0  __FreeThreadDataList_
0002:0000da20* __ActiveThreads_
Module: D:\watcom/lib386/os2\clib3r.lib(calloc)
0002:0000da40  calloc_
Module: D:\watcom/lib386/os2\clib3r.lib(thrdmax)
0002:0000da60  __GETMAXTHREADS
Module: D:\watcom/lib386/os2\clib3r.lib(leapyear)
0002:0000da70  __leapyear_
0003:00000270  ___diyr
0003:0000028a  ___dilyr
Module: D:\watcom/lib386\math387r.lib(ldcvt)
0002:0000db88  _LDScale10x_
0002:0000e1bb  __LDcvt_
Module: D:\watcom/lib386\math387r.lib(strtod)
0002:0000eb8e+ __Strtold_
0002:0000ecfd  strtod_
Module: D:\watcom/lib386/os2\clib3r.lib(enterdb)
0002:0000ee50  __EnterWVIDEO_
0003:00048684+ ___WD_Present
Module: D:\watcom/lib386/os2\clib3r.lib(nmsize)
0002:0000ee80* _msize_
0002:0000ee90  _nmsize_
Module: D:\watcom/lib386/os2\clib3r.lib(nexpand)
0002:0000eea0* _expand_
0002:0000eeb0+ __HeapManager_expand_
0002:0000f070  _nexpand_
Module: D:\watcom/lib386/os2\clib3r.lib(thunk)
0002:0000f0cc  __TNK
0002:0000f0b8* __TNC
Module: D:\watcom/lib386/os2\clib3r.lib(far16fun)
0002:0000f11c  __Far16Func2
0002:0000f165* __Far16Func
0002:0000f1b3* __Far16Pascal2
0002:0000f1fa* __Far16Pascal
0002:0000f246* __Far16Cdecl2
0002:0000f294* __Far16Cdecl
0002:0000f2e7  __FlatToFar16
0002:0000f2f0* __Far16ToFlat
Module: D:\watcom/lib386\math387r.lib(ldclass)
0002:0000f2f9  __LDClass_
0002:0000f349* _FLClass_
Module: D:\watcom/lib386/os2\clib3r.lib(bufld386)
0002:0000f358  __ZBuf2LD
Module: D:\watcom/lib386\math387r.lib(inf_nan)
0002:0000f3fb* ___f_infinity
0002:0000f3ff* ___f_posqnan
0002:0000f403  ___d_infinity
0002:0000f40b  ___d_posqnan
0002:0000f413* ___ld_infinity
0002:0000f41b* ___ld_posqnan
Module: D:\watcom/lib386/os2\clib3r.lib(hugeval)
0002:0000f430  __HugeValue
Module: D:\watcom/lib386/os2\clib3r.lib(stk)
0002:0000f449  __STK
0002:0000f439* __CHK
0002:0000f478* __GRO
0002:0000f468* __STKOVERFLOW_
Module: D:\watcom/lib386/os2\clib3r.lib(itsto32)
0002:0000f4a0  __init_threadstksize_


                        +----------------------+
                        |   Imported Symbols   |
                        +----------------------+

Symbol                              Module
======                              ======

WinQueryFocus                       PMWIN
WinPostMsg                          PMWIN
DosRequestMutexSem                  DOSCALLS
DosReleaseMutexSem                  DOSCALLS
DosScanEnv                          DOSCALLS
WinQueryDlgItemText                 PMWIN
WinWindowFromID                     PMWIN
WinGetPS                            PMWIN
GpiQueryTextBox                     PMGPI
WinReleasePS                        PMWIN
WinCreateWindow                     PMWIN
WinQueryWindowPos                   PMWIN
WinDestroyWindow                    PMWIN
WinSetPresParam                     PMWIN
WinBeginEnumWindows                 PMWIN
WinGetNextWindow                    PMWIN
WinEndEnumWindows                   PMWIN
WinSetDlgItemText                   PMWIN
WinSetWindowText                    PMWIN
WinQuerySysValue                    PMWIN
WinIsWindowVisible                  PMWIN
WinSetWindowPos                     PMWIN
WinEnableWindowUpdate               PMWIN
WinSendDlgItemMsg                   PMWIN
WinEnableWindow                     PMWIN
WinSetWindowULong                   PMWIN
WinQueryWindow                      PMWIN
WinMapWindowPoints                  PMWIN
WinSetFocus                         PMWIN
WinQueryWindowULong                 PMWIN
WinQueryDlgItemShort                PMWIN
WinDefDlgProc                       PMWIN
WinDismissDlg                       PMWIN
WinQueryAnchorBlock                 PMWIN
WinStopTimer                        PMWIN
WinStartTimer                       PMWIN
WinShowPointer                      PMWIN
WinDefWindowProc                    PMWIN
WinLoadDlg                          PMWIN
DosResetEventSem                    DOSCALLS
WinInvalidateRect                   PMWIN
DiveSetDestinationPalette           dive
WinSetWindowBits                    PMWIN
WinProcessDlg                       PMWIN
DiveSetupBlitter                    dive
GpiCreateRegion                     PMGPI
WinQueryVisibleRegion               PMWIN
GpiQueryRegionRects                 PMGPI
GpiDestroyRegion                    PMGPI
WinBeginPaint                       PMWIN
WinQueryWindowRect                  PMWIN
WinDrawText                         PMWIN
WinEndPaint                         PMWIN
GpiCreateLogColorTable              PMGPI
WinFillRect                         PMWIN
DosLoadModule                       DOSCALLS
DosQueryProcAddr                    DOSCALLS
DosFreeModule                       DOSCALLS
DiveQueryCaps                       dive
DiveOpen                            dive
DiveClose                           dive
DiveAllocImageBuffer                dive
DiveFreeImageBuffer                 dive
DosCreateMutexSem                   DOSCALLS
DosCloseMutexSem                    DOSCALLS
DiveAcquireFrameBuffer              dive
DiveDeacquireFrameBuffer            dive
DosSleep                            DOSCALLS
DiveEndImageBufferAccess            dive
DosWaitEventSem                     DOSCALLS
DiveBlitImage                       dive
DiveBeginImageBufferAccess          dive
DosSetPriority                      DOSCALLS
WinInitialize                       PMWIN
WinCreateMsgQueue                   PMWIN
WinDestroyMsgQueue                  PMWIN
WinTerminate                        PMWIN
WinSubclassWindow                   PMWIN
WinSendMsg                          PMWIN
WinSetVisibleRegionNotify           PMWIN
DosCreateEventSem                   DOSCALLS
WinGetMsg                           PMWIN
WinDispatchMsg                      PMWIN
DosCloseEventSem                    DOSCALLS
DosWaitThread                       DOSCALLS
WinRegisterClass                    PMWIN
WinQuerySysModalWindow              PMWIN
WinSetSysModalWindow                PMWIN
WinPostQueueMsg                     PMWIN
DosQuerySysInfo                     DOSCALLS
DosPostEventSem                     DOSCALLS
DosCreateDir                        DOSCALLS
DosExit                             DOSCALLS
DosAllocMem                         DOSCALLS
DosOpen                             DOSCALLS
DosClose                            DOSCALLS
DosSetFilePtr                       DOSCALLS
DosCreateThread                     DOSCALLS
DosGetDateTime                      DOSCALLS
DosGetInfoBlocks                    DOSCALLS
DosQueryModuleName                  DOSCALLS
DosDevConfig                        DOSCALLS
DosRead                             DOSCALLS
DosFreeMem                          DOSCALLS
DosQueryDBCSEnv                     NLS
DosQueryCp                          DOSCALLS
DosQueryHType                       DOSCALLS
DosSetRelMaxFH                      DOSCALLS
DosResetBuffer                      DOSCALLS
DosWrite                            DOSCALLS
KBD16CHARIN                         KBDCALLS
VIO16WRTTTY                         VIOCALLS
DosFlatToSel                        DOSCALLS
DosSelToFlat                        DOSCALLS


                        +--------------------+
                        |   Libraries Used   |
                        +--------------------+

D:\os2tk45\lib\mmpm2.lib
D:\watcom/lib386/os2\clib3r.lib
D:\watcom/lib386\math387r.lib
D:\watcom/lib386/os2\emu387.lib
D:\os2tk45\lib\os2386.lib


                        +-----------------------+
                        |   Linker Statistics   |
                        +-----------------------+

Stack size:  0000 (0.)
Memory size:  00058b13 (363283.)
Link time: 00:00.76
