Open Watcom Linker Version 1.6
Portions Copyright (c) 1985-2002 Sybase, Inc. All Rights Reserved.
Created on:       08/09/15 22:46:05
Executable Image: ifsim.dll
creating an OS/2 and eComStation dynamic link library
symbol __set_commode_ removed
symbol _heapenable_ removed
symbol __set_handles_ removed
symbol _grow_handles_ removed


                        +------------+
                        |   Groups   |
                        +------------+

Group                           Address              Size
=====                           =======              ====

DGROUP                          0003:00000000        0001a080



                        +--------------+
                        |   Segments   |
                        +--------------+

Segment                Class          Group          Address         Size
=======                =====          =====          =======         ====

_TEXT16                CODE           AUTO           0001:00000000   00000068
BEGTEXT                CODE           AUTO           0002:00000000   00000007
_TEXT                  CODE           AUTO           0002:00000010   0000df6b
_NULL                  BEGDATA        DGROUP         0003:00000000   00000004
_AFTERNULL             BEGDATA        DGROUP         0003:00000004   00000000
CONST                  DATA           DGROUP         0003:00000004   000002d4
CONST2                 DATA           DGROUP         0003:000002d8   00000000
_DATA                  DATA           DGROUP         0003:000002d8   000006ec
XIB                    DATA           DGROUP         0003:000009c4   00000000
XI                     DATA           DGROUP         0003:000009c4   00000036
XIE                    DATA           DGROUP         0003:000009fa   00000000
YIB                    DATA           DGROUP         0003:000009fa   00000000
YI                     DATA           DGROUP         0003:000009fa   0000001e
YIE                    DATA           DGROUP         0003:00000a18   00000000
TIB                    DATA           DGROUP         0003:00000a18   00000000
TI                     DATA           DGROUP         0003:00000a18   00000000
TIE                    DATA           DGROUP         0003:00000a18   00000000
DATA                   DATA           DGROUP         0003:00000a18   00000000
_BSS                   BSS            DGROUP         0003:00000a20   0001965c
STACK                  STACK          DGROUP         0003:0001a080   00000000


                        +----------------+
                        |   Memory Map   |
                        +----------------+

* = unreferenced symbol
+ = symbol only referenced locally

Address        Symbol
=======        ======

Module: ifsim.obj(D:\WATCOM\Projects\SSaver\Modules\IFSIM\ifsim.c)
0003:00000a20+ _ampMP2
0003:00000b20+ _ampMP1
0003:00000c20+ _angle
0003:00000c98+ _m
0003:00000ce0+ _angle_inc
0003:00000d58+ _Rand
0003:000193f8+ _achUndoBuf
0003:000195f8+ _iNumEventsInRecord
0003:000195fc+ _bHWVideoPresent
0003:00019600+ _pfnHWVIDEOSetAttrib
0003:00019604+ _OverlayCaps
0003:00019638+ _pfnHWVIDEOSetup
0003:0001963c+ _pfnHWVIDEOBeginUpdate
0003:00019640+ _pfnHWVIDEOGetAttrib
0003:00019644+ _pfnHWVIDEOEndUpdate
0003:00019648+ _iBufferYSize
0003:0001964c+ _pfnHWVIDEOInit
0003:00019650+ _pfnHWVIDEOClose
0003:00019654+ _pfnHWVIDEOCaps
0003:00019658+ _hmodHWVideo
0003:0001965c+ _cp
0003:00019678+ _ModuleConfig
0003:00019694+ _bUseFrameRegulation
0003:00019698+ _hevBlitEvent
0003:0001969c+ _bShutdownRequest
0003:000196a0+ _iBufferXSize
0003:000196a4+ _hDive
0003:000196a8+ _tidBlitterThread
0003:000196ac+ _bVRNEnabled
0003:000196b0+ _hmtxUseNLSTextArray
0003:000196b4+ _hmtxUseDive
0003:000196b8+ _ulImage
0003:000196bc+ _hmqSaverThreadMsgQueue
0003:000196c0+ _ulAutoHiderTimerID
0003:000196c4+ _iSaverThreadState
0003:000196c8+ _bOnlyPreviewMode
0003:000196cc+ _apchNLSText
0003:000196f0+ _tidSaverThread
0003:000196f4+ _bPaused
0003:000196f8+ _bRunning
0003:000196fc+ _hwndSaverWindow
0002:000016f0+ fnConfigDialogProc
0002:00002040+ fnAutoHiderDlgProc
0002:00002100+ fnSaverWindowProc
0002:00002980+ SetupGraphics_
0002:00002eb0+ ShutdownGraphics_
0002:00002f20+ random_
0002:00002f50+ calc_ifs_
0002:00003030+ set_probability_
0002:00003080* rnd_
0002:000030b0+ fnBlitThread_
0002:00003b60+ fnSaverThread_
0002:00003ff0+ SSModule_GetModuleDesc
0002:000040c0+ SSModule_Configure
0002:00004140+ SSModule_StartSaving
0002:000041d0+ SSModule_StopSaving
0002:00004230+ SSModule_AskUserForPassword
0002:00004270+ SSModule_ShowWrongPasswordNotification
0002:000042a0+ SSModule_PauseSaving
0002:000042d0+ SSModule_ResumeSaving
0002:00004300+ SSModule_SetNLSText
0002:000043d0+ SSModule_SetCommonSetting
0002:000043f0  LibMain
0003:000002d8+ _bFirstKeyGoesToPwdWindow
0003:000002dc+ _DV
0003:000002e0+ _ulColorKey
0003:000002e4+ _aiCustomResWidth
0003:0000031c+ _aiCustomResHeight
0003:00019700+ _hmodOurDLLHandle
Module: framerate.obj(D:\WATCOM\Projects\SSaver\Modules\IFSIM\FrameRate.c)
0002:00004490* Initialize_ulInitTimeStamp_
0002:000044b0+ FrameRegulator_
0002:000045b0+ SetupFrameRegulation_
0002:000045f0  StartFrameRegulation_
0002:00004650  StopFrameRegulation_
0002:00004690  Initialize_FrameRegulation_
0002:000046a0  Uninitialize_FrameRegulation_
0003:00019704+ _flFRPollTime
0003:00019708+ _hevFRBlitNeededEvent
0003:0001970c+ _FrameRegulatorThread
0003:00019710+ _ulFRPollStartTime
0003:00019714+ _fFRShutdown
0003:00019718+ _ulInitTimeStamp
0003:0001971c+ _ulCurrTimeStamp
Module: msgx.obj(D:\WATCOM\Projects\SSaver\Modules\IFSIM\msgx.c)
0002:000046c0  fopenMessageFile_
0002:00004740* vfyMemMessageFile_
0002:00004760  sprintmsg_
0002:00004ac0* sprintmemmsg_
0002:00004e10+ _getMessage_
0002:00004ee0+ _getMemMessage_
0002:00004fd0+ memread_
0002:00004fe0+ _insertstring_
0002:00005040+ _deletestring_
0002:00005080+ _scrubfmt_
0002:00005120+ _scrubprecent_
0002:00005160+ _isfmtchar_
0002:00005360+ _findSubstitute_
Module: D:\watcom/lib386/os2\clib3r.lib(nmalloc)
0002:000053c0  malloc_
0002:000053d0  _nmalloc_
0003:00000354  ___nheapbeg
0003:00000358  ___MiniHeapRover
0003:0000035c  ___LargestSizeB4MiniHeapRover
Module: D:\watcom/lib386/os2\clib3r.lib(strncpy)
0002:000054d0  strncpy_
Module: D:\watcom/lib386/os2\clib3r.lib(sprintf)
0002:00005510  sprintf_
Module: D:\watcom/lib386/os2\clib3r.lib(nfree)
0002:00005540  free_
0002:00005550  _nfree_
0003:00019720  ___MiniHeapFreeRover
Module: D:\watcom/lib386/os2\clib3r.lib(getenv)
0002:00005660  getenv_
Module: D:\watcom/lib386/os2\clib3r.lib(snprintf)
0002:00005730+ vsnprintf_
0002:00005790  snprintf_
Module: D:\watcom/lib386/os2\clib3r.lib(fopen)
0002:000057c0+ __open_flags_
0002:00005a00+ _fsopen_
0002:00005a50  fopen_
0002:00005ae0* freopen_
Module: D:\watcom/lib386/os2\clib3r.lib(strncat)
0002:00005b50  strncat_
Module: D:\watcom/lib386/os2\clib3r.lib(fscanf)
0002:00005bd0+ vfscanf_
0002:00005c40  fscanf_
Module: D:\watcom/lib386/os2\clib3r.lib(fclose)
0002:00005c70  __doclose_
0002:00005d10  __shutdown_stream_
0002:00005d30  fclose_
0003:00019724+ ___RmTmpFileFn
Module: D:\watcom/lib386/os2\clib3r.lib(mkdiros2)
0002:00005d80  mkdir_
Module: D:\watcom/lib386/os2\clib3r.lib(fprintf)
0002:00005da0  fprintf_
Module: D:\watcom/lib386/os2\clib3r.lib(atoi)
0002:00005dd0  atoi_
Module: D:\watcom/lib386/os2\clib3r.lib(memset)
0002:00005e20  memset_
Module: D:\watcom/lib386/os2\clib3r.lib(rand)
0002:00005e40  rand_
0002:00005e70  srand_
Module: D:\watcom/lib386/os2\clib3r.lib(i8m)
0002:00005e84  __I8M
0002:00005e84  __U8M
Module: D:\watcom/lib386/os2\clib3r.lib(i8d)
0002:00005ea0  __I8D
0002:00005ef5* __U8D
Module: D:\watcom/lib386/os2\clib3r.lib(time)
0002:00005f90  time_
Module: D:\watcom/lib386/os2\clib3r.lib(register)
0002:00005fe0  __initthread_
0002:00005ff0  _beginthread_
0002:00006000  _endthread_
0002:00006010* __RegisterThreadData_
Module: D:\watcom/lib386\math387r.lib(fchop)
0002:00006054  __CHP
Module: D:\watcom/lib386/os2\clib3r.lib(dstrt386)
0002:0000606c  __DLLstart_
0002:0000606c* __DLLstartw_
Module: D:\watcom/lib386/os2\clib3r.lib(fltused)
0003:0000036c  _fltused_
Module: D:\watcom/lib386/os2\emu387.lib(386)
0002:000060c8  __init_387_emulator
0002:000060c9* __fini_387_emulator
Module: D:\watcom/lib386/os2\clib3r.lib(_8087)
0003:00000370  __8087
0003:00000371  __real87
Module: D:\watcom/lib386/os2\clib3r.lib(fread)
0002:000060d0  fread_
Module: D:\watcom/lib386/os2\clib3r.lib(_strcmp)
0002:00006300  strcmp_
Module: D:\watcom/lib386/os2\clib3r.lib(rewind)
0002:00006440  rewind_
Module: D:\watcom/lib386/os2\clib3r.lib(fseek)
0002:000064c0  fseek_
Module: D:\watcom/lib386/os2\clib3r.lib(strnicmp)
0002:000065f0  strnicmp_
Module: D:\watcom/lib386/os2\clib3r.lib(memmove)
0002:00006640  memmove_
Module: D:\watcom/lib386/os2\clib3r.lib(maino32)
0003:00000374  ___FirstThreadData
0003:00000378  ___GetThreadPtr
0003:0000037c  __AccessFileH
0003:00000380  __ReleaseFileH
0003:00000384  __AccessIOB
0003:00000388  __ReleaseIOB
0003:0000038c  __AccessNHeap
0003:00000390  __AccessFHeap
0003:00000394  __ReleaseNHeap
0003:00000398  __ReleaseFHeap
0002:0000669d  __threadstack_
0002:000066a4  __threadid_
0002:000066ad* __OS2MainInit_
0002:0000671c  __OS2Init_
0002:0000675a  __OS2Fini_
0002:00006765  __shutdown_stack_checking_
0002:0000677a  __exit_
0003:0000039c  __AccessTDList
0003:000003a0  __ReleaseTDList
0003:000003a4  ___sig_init_rtn
0003:000003a8  ___sig_fini_rtn
0003:000003ac  __threadstksize
0003:000003b0+ ___process_fini
0003:00019728  ___Is_DLL
0003:0001972c+ ___saved_CS
Module: D:\watcom/lib386/os2\clib3r.lib(nmemneed)
0002:000067d0  __nmemneed_
Module: D:\watcom/lib386/os2\clib3r.lib(mem)
0002:000067e0  __MemAllocator
0002:000068a0  __MemFree
Module: D:\watcom/lib386/os2\clib3r.lib(grownear)
0002:00006b60  __ExpandDGROUP_
Module: D:\watcom/lib386/os2\clib3r.lib(vsprintf)
0002:00006ba0  vsprintf_
Module: D:\watcom/lib386/os2\clib3r.lib(environ)
0003:00019830  ___env_mask
0003:00019834  _environ
0003:00019838* __wenviron
Module: D:\watcom/lib386/os2\clib3r.lib(mbterm)
0002:00006bc0  _mbterm_
Module: D:\watcom/lib386/os2\clib3r.lib(mbsnextc)
0002:00006c00  _mbsnextc_
Module: D:\watcom/lib386/os2\clib3r.lib(mbcupper)
0002:00006c40  _mbctoupper_
Module: D:\watcom/lib386/os2\clib3r.lib(mbsinc)
0002:00006c60  _mbsinc_
Module: D:\watcom/lib386/os2\clib3r.lib(prtf)
0002:00006c90  __prtf_
Module: D:\watcom/lib386/os2\clib3r.lib(comtflag)
0003:000003b4  __commode
Module: D:\watcom/lib386/os2\clib3r.lib(iob)
0003:000003b8  ___iob
0003:000005c0  __fmode
0003:0001983c  ___OpenStreams
0003:00019840  ___ClosedStreams
Module: D:\watcom/lib386/os2\clib3r.lib(seterrno)
0002:0000798b  __set_errno_
0002:00007999* __set_EDOM_
0002:000079a7  __set_ERANGE_
0002:000079b5* __set_EINVAL_
0002:000079c8  __set_doserrno_
Module: D:\watcom/lib386/os2\clib3r.lib(tolower)
0002:000079e0  tolower_
Module: D:\watcom/lib386/os2\clib3r.lib(openos2)
0002:00007b80* open_
0002:00007ba0  sopen_
Module: D:\watcom/lib386/os2\clib3r.lib(chktty)
0002:00007bd0  __chktty_
Module: D:\watcom/lib386/os2\clib3r.lib(freefp)
0002:00007c10  __freefp_
0002:00007c60  __purgefp_
Module: D:\watcom/lib386/os2\clib3r.lib(allocfp)
0002:00007c90  __allocfp_
Module: D:\watcom/lib386/os2\clib3r.lib(fgetc)
0002:00007d60  __fill_buffer_
0002:00007e40+ __filbuf_
0002:00007e70  fgetc_
Module: D:\watcom/lib386/os2\clib3r.lib(ungetc)
0002:00007f40  ungetc_
Module: D:\watcom/lib386/os2\clib3r.lib(scnf)
0002:00008bd0  __scnf_
Module: D:\watcom/lib386/os2\clib3r.lib(lseekos2)
0002:00008e40  __lseek_
Module: D:\watcom/lib386/os2\clib3r.lib(_clseos2)
0002:00008e80  __close_
Module: D:\watcom/lib386/os2\clib3r.lib(flush)
0002:00008ec0  __flush_
Module: D:\watcom/lib386/os2\clib3r.lib(dosret)
0002:00008fd0* _dosretax_
0002:00008fe0* _dosret0_
0002:00008ff0  __set_errno_dos_
Module: D:\watcom/lib386/os2\clib3r.lib(fprtf)
0002:00009040  __fprtf_
Module: D:\watcom/lib386/os2\clib3r.lib(istable)
0002:00009100  __IsTable
Module: D:\watcom/lib386/os2\clib3r.lib(__stos)
0002:00009210  __STOSB
0002:00009247* __STOSD
Module: D:\watcom/lib386/os2\clib3r.lib(gtctmos2)
0002:000092c0  __getctime_
Module: D:\watcom/lib386/os2\clib3r.lib(mktime)
0002:00009330  mktime_
Module: D:\watcom/lib386/os2\clib3r.lib(thredo32)
0002:00009460  __CBeginThread_
0002:00009500  __CEndThread_
Module: D:\watcom/lib386/os2\clib3r.lib(dmaino32)
0002:0000951c  __LibMain
Module: D:\watcom/lib386/os2\clib3r.lib(segdefns)
0002:00000003  ___begtext
0003:00000000* __nullarea
0003:000009c4  __Start_XI
0003:000009fa  __End_XI
0003:000009fa  __Start_YI
0003:00000a18  __End_YI
Module: D:\watcom/lib386/os2\clib3r.lib(setefg)
0002:00009750  __setEFGfmt_
Module: D:\watcom/lib386/os2\clib3r.lib(chk8087)
0002:00009770  _fpreset_
0002:00009790* __init_8087_
0002:000097b0  __chk8087_
Module: D:\watcom/lib386/os2\clib3r.lib(crwdata)
0003:0000070c  __osmajor
0003:0000070d  __osminor
0003:000006d0  __LpCmdLine
0003:000006d4  __LpPgmName
0003:000006d8  __LpDllName
0003:000006dc  __LpwCmdLine
0003:000006e0  __LpwPgmName
0003:000006e4  __LpwDllName
0003:000006c8* __dynend
0003:000006cc  __curbrk
0003:000006e8* __STACKLOW
0003:000006ec* __STACKTOP
0003:000006f0  __ASTACKSIZ
0003:000006f4  __ASTACKPTR
0003:000006f8  __cbyte
0003:000006fc  __cbyte2
0003:00000700* __child
0003:00000706  __Envptr
0003:0000070a* __Envseg
0003:00000704  __no87
0003:0000070e* ___FPE_handler
Module: D:\watcom/lib386/os2\clib3r.lib(qread)
0002:00009810  __qread_
Module: D:\watcom/lib386/os2\clib3r.lib(ioalloc)
0002:00009840  __ioalloc_
Module: D:\watcom/lib386/os2\clib3r.lib(lseek)
0002:000098e0  lseek_
Module: D:\watcom/lib386/os2\clib3r.lib(tellos2)
0002:00009910  tell_
Module: D:\watcom/lib386/os2\clib3r.lib(cinit)
0002:00009950  __CommonInit_
0003:00019b54  ___hmodule
Module: D:\watcom/lib386/os2\clib3r.lib(initrtns)
0002:00009970  __InitRtns
0002:000099c0  __FiniRtns
Module: D:\watcom/lib386/os2\clib3r.lib(amblksiz)
0003:00000714  __amblksiz
Module: D:\watcom/lib386/os2\clib3r.lib(heapen)
0003:00000718  ___heap_enabled
Module: D:\watcom/lib386/os2\clib3r.lib(nheapmin)
0002:00009a20  _heapshrink_
0002:00009a30* _heapmin_
0002:00009a40* _nheapmin_
0002:00009b00  _nheapshrink_
Module: D:\watcom/lib386/os2\clib3r.lib(setenvp)
0002:00009b40  __setenvp_
0002:00009c00  __freeenvp_
Module: D:\watcom/lib386/os2\clib3r.lib(mbisdbcs)
0003:00019b5c  ___IsDBCS
Module: D:\watcom/lib386/os2\clib3r.lib(mbislead)
0002:00009c60* _ismbblead_
0003:00019b60  ___MBCSIsTable
Module: D:\watcom/lib386/os2\clib3r.lib(toupper)
0002:00009c80  toupper_
Module: D:\watcom/lib386/os2\clib3r.lib(mbinit)
0002:00009cd0  __mbinit_
0003:0000071c  ___MBCodePage
Module: D:\watcom/lib386/os2\clib3r.lib(mbdtoupp)
0002:00009dd0  _mbdtoupper_
Module: D:\watcom/lib386/os2\clib3r.lib(wctomb)
0002:00009df0  wctomb_
Module: D:\watcom/lib386/os2\clib3r.lib(itoa)
0002:00009e20+ utoa_
0002:00009e70  itoa_
Module: D:\watcom/lib386/os2\clib3r.lib(strupr)
0002:00009ea0  strupr_
Module: D:\watcom/lib386/os2\clib3r.lib(noefgfmt)
0003:00000720  ___EFG_printf
0003:00000724  ___EFG_scanf
Module: D:\watcom/lib386/os2\clib3r.lib(lltoa)
0002:00009f10  ulltoa_
0002:00009f80* lltoa_
Module: D:\watcom/lib386/os2\clib3r.lib(ltoa)
0002:00009fb0  ultoa_
0002:0000a000* ltoa_
Module: D:\watcom/lib386/os2\clib3r.lib(initfile)
0002:0000a060  __InitFiles_
Module: D:\watcom/lib386/os2\clib3r.lib(ioexit)
0002:0000a160* fcloseall_
0002:0000a170  __full_io_exit_
Module: D:\watcom/lib386/os2\clib3r.lib(umaskval)
0003:00000728  ___umaskval
Module: D:\watcom/lib386/os2\clib3r.lib(iomode)
0002:0000a180  __GetIOMode_
0002:0000a1a0  __SetIOMode_nogrow_
0003:0000072c  ___NFiles
0003:00000730  ___init_mode
0003:00000780  ___io_mode
Module: D:\watcom/lib386/os2\clib3r.lib(isattos2)
0002:0000a1c0  isatty_
Module: D:\watcom/lib386/os2\clib3r.lib(stiomode)
0002:0000a1f0  __grow_iomode_
0002:0000a2c0+ __shrink_iomode_
0002:0000a350  __SetIOMode_
Module: D:\watcom/lib386/os2\clib3r.lib(flushall)
0002:0000a3c0  __flushall_
0002:0000a400* flushall_
Module: D:\watcom/lib386/os2\clib3r.lib(gtcheos2)
0002:0000a410  getche_
Module: D:\watcom/lib386/os2\clib3r.lib(mbtowc)
0002:0000a440  mbtowc_
Module: D:\watcom/lib386/os2\clib3r.lib(fdfs386)
0002:0000a4fc  __FDFS
Module: D:\watcom/lib386/os2\clib3r.lib(fsync)
0002:0000a550  fsync_
Module: D:\watcom/lib386/os2\clib3r.lib(qwrit)
0002:0000a580  __qwrite_
Module: D:\watcom/lib386/os2\clib3r.lib(fputc)
0002:0000a620  fputc_
Module: D:\watcom/lib386/os2\clib3r.lib(locmktim)
0002:0000a710  __local_mktime_
Module: D:\watcom/lib386/os2\clib3r.lib(gmtime)
0002:0000a8d0  __brktime_
0002:0000a9d0+ _gmtime_
0002:0000a9f0* gmtime_
Module: D:\watcom/lib386/os2\clib3r.lib(tzset)
0003:00000784  ___start_dst
0003:000007a8  ___end_dst
0003:000008d0* _tzname
0003:000008d8  _timezone
0003:000008dc  _daylight
0003:000008e0  ___dst_adjust
0002:0000aa20* __DontCacheOSTZ_
0002:0000aa40* __CacheOSTZ_
0002:0000acb0+ __parse_tz_
0002:0000ae20  tzset_
Module: D:\watcom/lib386/os2\clib3r.lib(timeutil)
0002:0000af90  __isindst_
Module: D:\watcom/lib386/os2\clib3r.lib(mthrdini)
0002:0000b2f0  __InitThreadData_
0003:000008e8  ___ThreadDataSize
Module: D:\watcom/lib386/os2\clib3r.lib(mthread)
0002:0000b360+ __CloseSemaphore_
0002:0000b3a0+ __AccessSemaphore_
0002:0000b400+ __ReleaseSemaphore_
0002:0000b460+ __AccessIOB_
0002:0000b470+ __ReleaseIOB_
0002:0000b480+ __AccessFileH_
0002:0000b490+ __ReleaseFileH_
0002:0000b4a0+ __AccessNHeap_
0002:0000b4b0+ __ReleaseNHeap_
0002:0000b4c0+ __AccessFHeap_
0002:0000b4d0+ __ReleaseFHeap_
0002:0000b4e0+ __AccessTDList_
0002:0000b4f0+ __ReleaseTDList_
0002:0000b500+ __MultipleThread_
0002:0000b550  __AllocInitThreadData_
0002:0000b5a0  __FreeInitThreadData_
0002:0000b5b0  __OS2AddThread_
0002:0000b620  __OS2RemoveThread_
0002:0000b670  __InitMultipleThread_
0003:000008ec+ ___AccessSema4
0003:000008f0+ ___ReleaseSema4
0003:000008f4+ ___CloseSema4
Module: D:\watcom/lib386/os2\clib3r.lib(trdalloc)
0002:0000b810  __InitThreadProcessing_
0002:0000b830  __FiniThreadProcessing_
0003:00019db8  ___ThreadData
Module: D:\watcom/lib386/os2\clib3r.lib(ddgrpo32)
0002:0000b960  __disallow_single_dgroup_
Module: D:\watcom/lib386/os2\clib3r.lib(atouni)
0002:0000bbb0  _atouni_
Module: D:\watcom/lib386/os2\clib3r.lib(maxthrds)
0003:000008f8  ___MaxThreads
Module: D:\watcom/lib386/os2\clib3r.lib(dosseg)
0000:00001234  __DOSseg__
Module: D:\watcom/lib386\math387r.lib(efgfmt)
0002:0000bbea  _EFG_Format_
Module: D:\watcom/lib386\math387r.lib(cnvs2d)
0002:0000bd4f  __cnvs2d_
Module: D:\watcom/lib386/os2\clib3r.lib(8087cw)
0003:000008fc  __8087cw
Module: D:\watcom/lib386/os2\clib3r.lib(init8087)
0002:0000bd60  __x87id
Module: D:\watcom/lib386/os2\clib3r.lib(clearenv)
0002:0000bda0  clearenv_
Module: D:\watcom/lib386/os2\clib3r.lib(alphabet)
0003:0000027c  ___Alphabet
Module: D:\watcom/lib386/os2\clib3r.lib(xmsgo32)
0002:0000be40+ __exit_with_msg_
0002:0000be70  __fatal_runtime_error_
Module: D:\watcom/lib386/os2\clib3r.lib(nrealloc)
0002:0000be90  realloc_
0002:0000bea0+ _nrealloc_
Module: D:\watcom/lib386/os2\clib3r.lib(hdlman)
0003:00000900  ___NHandles
Module: D:\watcom/lib386/os2\clib3r.lib(iomodtty)
0002:0000bf20  __ChkTTYIOMode_
0002:0000bf70* __IOMode_
Module: D:\watcom/lib386/os2\clib3r.lib(getchos2)
0002:0000bf90  getch_
Module: D:\watcom/lib386/os2\clib3r.lib(putchos2)
0002:0000c050  putch_
Module: D:\watcom/lib386/os2\clib3r.lib(leapyear)
0002:0000c0b0  __leapyear_
0003:000002a4  ___diyr
0003:000002be  ___dilyr
Module: D:\watcom/lib386/os2\clib3r.lib(trdlist)
0002:0000c140  __GetThreadData_
0002:0000c260  __ReallocThreadData_
0002:0000c3d0  __AddThreadData_
0002:0000c450  __RemoveThreadData_
0002:0000c4b0* __ResizeThreadDataList_
0002:0000c500  __FreeThreadDataList_
0002:0000c530* __ActiveThreads_
Module: D:\watcom/lib386/os2\clib3r.lib(calloc)
0002:0000c550  calloc_
Module: D:\watcom/lib386/os2\clib3r.lib(thrdmax)
0002:0000c570  __GETMAXTHREADS
Module: D:\watcom/lib386\math387r.lib(ldcvt)
0002:0000c65b  _LDScale10x_
0002:0000cc8e  __LDcvt_
Module: D:\watcom/lib386\math387r.lib(strtod)
0002:0000d661+ __Strtold_
0002:0000d7d0  strtod_
Module: D:\watcom/lib386/os2\clib3r.lib(enterdb)
0002:0000d920  __EnterWVIDEO_
0003:000009ac+ ___WD_Present
Module: D:\watcom/lib386/os2\clib3r.lib(nmsize)
0002:0000d950* _msize_
0002:0000d960  _nmsize_
Module: D:\watcom/lib386/os2\clib3r.lib(nexpand)
0002:0000d970* _expand_
0002:0000d980+ __HeapManager_expand_
0002:0000db40  _nexpand_
Module: D:\watcom/lib386/os2\clib3r.lib(thunk)
0002:0000db9c  __TNK
0002:0000db88* __TNC
Module: D:\watcom/lib386/os2\clib3r.lib(far16fun)
0002:0000dbec  __Far16Func2
0002:0000dc35* __Far16Func
0002:0000dc83* __Far16Pascal2
0002:0000dcca* __Far16Pascal
0002:0000dd16* __Far16Cdecl2
0002:0000dd64* __Far16Cdecl
0002:0000ddb7  __FlatToFar16
0002:0000ddc0* __Far16ToFlat
Module: D:\watcom/lib386\math387r.lib(ldclass)
0002:0000ddc9  __LDClass_
0002:0000de19* _FLClass_
Module: D:\watcom/lib386/os2\clib3r.lib(bufld386)
0002:0000de28  __ZBuf2LD
Module: D:\watcom/lib386\math387r.lib(inf_nan)
0002:0000decb* ___f_infinity
0002:0000decf* ___f_posqnan
0002:0000ded3  ___d_infinity
0002:0000dedb  ___d_posqnan
0002:0000dee3* ___ld_infinity
0002:0000deeb* ___ld_posqnan
Module: D:\watcom/lib386/os2\clib3r.lib(hugeval)
0002:0000df00  __HugeValue
Module: D:\watcom/lib386/os2\clib3r.lib(stk)
0002:0000df19  __STK
0002:0000df09* __CHK
0002:0000df48* __GRO
0002:0000df38* __STKOVERFLOW_
Module: D:\watcom/lib386/os2\clib3r.lib(itsto32)
0002:0000df70  __init_threadstksize_


                        +----------------------+
                        |   Imported Symbols   |
                        +----------------------+

Symbol                              Module
======                              ======

WinQueryFocus                       PMWIN
WinPostMsg                          PMWIN
DosRequestMutexSem                  DOSCALLS
DosReleaseMutexSem                  DOSCALLS
DosScanEnv                          DOSCALLS
WinQueryDlgItemText                 PMWIN
WinWindowFromID                     PMWIN
WinGetPS                            PMWIN
GpiQueryTextBox                     PMGPI
WinReleasePS                        PMWIN
WinCreateWindow                     PMWIN
WinQueryWindowPos                   PMWIN
WinDestroyWindow                    PMWIN
WinSetPresParam                     PMWIN
WinBeginEnumWindows                 PMWIN
WinGetNextWindow                    PMWIN
WinEndEnumWindows                   PMWIN
WinSetDlgItemText                   PMWIN
WinSetWindowText                    PMWIN
WinQuerySysValue                    PMWIN
WinIsWindowVisible                  PMWIN
WinSetWindowPos                     PMWIN
WinEnableWindowUpdate               PMWIN
WinSendDlgItemMsg                   PMWIN
WinEnableWindow                     PMWIN
WinSetWindowULong                   PMWIN
WinQueryWindow                      PMWIN
WinMapWindowPoints                  PMWIN
WinSetFocus                         PMWIN
WinQueryWindowULong                 PMWIN
WinQueryDlgItemShort                PMWIN
WinDefDlgProc                       PMWIN
WinDismissDlg                       PMWIN
WinQueryAnchorBlock                 PMWIN
WinStopTimer                        PMWIN
WinStartTimer                       PMWIN
WinShowPointer                      PMWIN
WinDefWindowProc                    PMWIN
WinLoadDlg                          PMWIN
WinSetWindowBits                    PMWIN
WinBeginPaint                       PMWIN
WinQueryWindowRect                  PMWIN
GpiCreateLogColorTable              PMGPI
WinFillRect                         PMWIN
WinEndPaint                         PMWIN
WinProcessDlg                       PMWIN
DosResetEventSem                    DOSCALLS
DiveSetupBlitter                    dive
GpiCreateRegion                     PMGPI
WinQueryVisibleRegion               PMWIN
GpiQueryRegionRects                 PMGPI
GpiDestroyRegion                    PMGPI
DiveSetDestinationPalette           dive
DosLoadModule                       DOSCALLS
DosQueryProcAddr                    DOSCALLS
DosFreeModule                       DOSCALLS
DiveQueryCaps                       dive
DiveOpen                            dive
DiveAllocImageBuffer                dive
DosCreateMutexSem                   DOSCALLS
DiveClose                           dive
DiveFreeImageBuffer                 dive
DosCloseMutexSem                    DOSCALLS
DiveSetSourcePalette                dive
DosSleep                            DOSCALLS
DiveBeginImageBufferAccess          dive
DiveEndImageBufferAccess            dive
DosWaitEventSem                     DOSCALLS
DiveBlitImage                       dive
DosSetPriority                      DOSCALLS
WinInitialize                       PMWIN
WinCreateMsgQueue                   PMWIN
WinRegisterClass                    PMWIN
WinDestroyMsgQueue                  PMWIN
WinTerminate                        PMWIN
WinSubclassWindow                   PMWIN
WinSendMsg                          PMWIN
WinInvalidateRect                   PMWIN
WinSetVisibleRegionNotify           PMWIN
DosCreateEventSem                   DOSCALLS
WinGetMsg                           PMWIN
WinDispatchMsg                      PMWIN
DosCloseEventSem                    DOSCALLS
DosWaitThread                       DOSCALLS
WinQuerySysModalWindow              PMWIN
WinSetSysModalWindow                PMWIN
WinPostQueueMsg                     PMWIN
DosQuerySysInfo                     DOSCALLS
DosPostEventSem                     DOSCALLS
DosCreateDir                        DOSCALLS
DosExit                             DOSCALLS
DosAllocMem                         DOSCALLS
DosOpen                             DOSCALLS
DosClose                            DOSCALLS
DosSetFilePtr                       DOSCALLS
DosGetDateTime                      DOSCALLS
DosCreateThread                     DOSCALLS
DosGetInfoBlocks                    DOSCALLS
DosQueryModuleName                  DOSCALLS
DosDevConfig                        DOSCALLS
DosRead                             DOSCALLS
DosFreeMem                          DOSCALLS
DosQueryDBCSEnv                     NLS
DosQueryCp                          DOSCALLS
DosQueryHType                       DOSCALLS
DosSetRelMaxFH                      DOSCALLS
DosResetBuffer                      DOSCALLS
DosWrite                            DOSCALLS
KBD16CHARIN                         KBDCALLS
VIO16WRTTTY                         VIOCALLS
DosFlatToSel                        DOSCALLS
DosSelToFlat                        DOSCALLS


                        +--------------------+
                        |   Libraries Used   |
                        +--------------------+

D:\os2tk45\lib\mmpm2.lib
D:\watcom/lib386/os2\clib3r.lib
D:\watcom/lib386\math387r.lib
D:\watcom/lib386/os2\emu387.lib
D:\os2tk45\lib\os2386.lib


                        +-----------------------+
                        |   Linker Statistics   |
                        +-----------------------+

Stack size:  0000 (0.)
Memory size:  00028063 (163939.)
Link time: 00:00.07
