Open Watcom Linker Version 2.0 beta Sep 27 2013 00:47:42 (32-bit)
Copyright (c) 2002-2013 Open Watcom Contributors. All Rights Reserved.
Portions Copyright (c) 1985-2002 Sybase, Inc. All Rights Reserved.
Created on:       16/12/04 16:42:04
Executable Image: WPSSDesk.dll
creating an OS/2 and eComStation dynamic link library
symbol __set_commode_ removed
symbol _heapenable_ removed
symbol __set_handles_ removed
symbol _grow_handles_ removed


                        +------------+
                        |   Groups   |
                        +------------+

Group                           Address              Size
=====                           =======              ====

DGROUP                          0003:00000000        00003770



                        +--------------+
                        |   Segments   |
                        +--------------+

Segment                Class          Group          Address         Size
=======                =====          =====          =======         ====

_TEXT16                CODE           AUTO           0001:00000000   00000068
BEGTEXT                CODE           AUTO           0002:00000000   00000007
_TEXT                  CODE           AUTO           0002:00000010   0001090b
_NULL                  BEGDATA        DGROUP         0003:00000000   00000004
_AFTERNULL             BEGDATA        DGROUP         0003:00000004   00000000
CONST                  DATA           DGROUP         0003:00000004   00001558
CONST2                 DATA           DGROUP         0003:0000155c   00000000
_DATA                  DATA           DGROUP         0003:0000155c   00001028
XIB                    DATA           DGROUP         0003:00002584   00000000
XI                     DATA           DGROUP         0003:00002584   00000036
XIE                    DATA           DGROUP         0003:000025ba   00000000
YIB                    DATA           DGROUP         0003:000025ba   00000000
YI                     DATA           DGROUP         0003:000025ba   00000018
YIE                    DATA           DGROUP         0003:000025d2   00000000
TIB                    DATA           DGROUP         0003:000025d2   00000000
TI                     DATA           DGROUP         0003:000025d2   00000000
TIE                    DATA           DGROUP         0003:000025d2   00000000
DATA                   DATA           DGROUP         0003:000025d2   00000000
_BSS                   BSS            DGROUP         0003:000025d4   00001194
STACK                  STACK          DGROUP         0003:00003770   00000000


                        +----------------+
                        |   Memory Map   |
                        +----------------+

* = unreferenced symbol
+ = symbol only referenced locally

Address        Symbol
=======        ======

Module: WPSSDesktop.obj(K:\usr\local\src\DDS_v20\wpssdesktop\WPSSDesktop.c)
0003:000025d4+ _achHomeDirectory
0003:000029d4+ _achLocalHelpFileName
0003:00002dd4+ _pfnOldNotebookWindowProc
0003:00002dd8+ _ulSettingsPage3ID
0003:00002ddc+ _ulSettingsPage2ID
0003:00002de0+ _hmodThisDLL
0003:00002de4+ _ulSettingsPage1ID
0003:000015ac  WPSSDesktopClassData
0003:00001670  WPSSDesktopCClassData
0003:00001f1c  M_WPSSDesktopClassData
0003:00001f28  M_WPSSDesktopCClassData
0002:00000fa0  WPSSDesktopNewClass
0002:000011d0  M_WPSSDesktopNewClass
0002:00001da0+ wpssdesktop_wpssAddScreenSaver3Page
0002:00001f60+ wpssdesktop_wpssAddScreenSaver2Page
0002:000020e0+ wpssdesktop_wpssAddScreenSaver1Page
0002:00002260+ wpssdesktop_wpssStartScreenSaverNow
0002:00002270+ wpssdesktop_wpssStartScreenSaverModulePreview
0002:00002290+ wpssdesktop_wpssConfigureScreenSaverModule
0002:000022b0+ wpssdesktop_wpssStopScreenSaverModulePreview
0002:000022c0+ wpssdesktop_wpssSetScreenSaverEnabled
0002:00002300+ wpssdesktop_wpssQueryScreenSaverEnabled
0002:00002320+ wpssdesktop_wpssSetScreenSaverTimeout
0002:00002360+ wpssdesktop_wpssQueryScreenSaverTimeout
0002:00002390+ wpssdesktop_wpssSetAutoStartAtStartup
0002:000023b0+ wpssdesktop_wpssQueryAutoStartAtStartup
0002:000023d0+ wpssdesktop_wpssEncryptScreenSaverPassword
0002:000023e0+ wpssdesktop_wpssSetScreenSaverPasswordProtected
0002:00002420+ wpssdesktop_wpssQueryScreenSaverPasswordProtected
0002:00002450+ wpssdesktop_wpssSetScreenSaverEncryptedPassword
0002:000024a0+ wpssdesktop_wpssQueryScreenSaverEncryptedPassword
0002:000024e0+ wpssdesktop_wpssSetDelayedPasswordProtection
0002:00002520+ wpssdesktop_wpssQueryDelayedPasswordProtection
0002:00002540+ wpssdesktop_wpssSetDelayedPasswordProtectionTimeout
0002:00002580+ wpssdesktop_wpssQueryDelayedPasswordProtectionTimeout
0002:000025a0+ wpssdesktop_wpssSetScreenSaverModule
0002:000025f0+ wpssdesktop_wpssQueryScreenSaverModule
0002:00002630+ wpssdesktop_wpssSetScreenSaverPreviewEnabled
0002:00002650+ wpssdesktop_wpssQueryScreenSaverPreviewEnabled
0002:00002670+ wpssdesktop_wpssQueryNumOfAvailableScreenSaverModules
0002:000026c0+ wpssdesktop_wpssQueryInfoAboutAvailableScreenSaverModules
0002:000027c0+ wpssdesktop_wpssSetUseDPMSStandby
0002:00002800+ wpssdesktop_wpssQueryUseDPMSStandby
0002:00002820+ wpssdesktop_wpssSetDPMSStandbyTimeout
0002:00002860+ wpssdesktop_wpssQueryDPMSStandbyTimeout
0002:00002880+ wpssdesktop_wpssSetUseDPMSSuspend
0002:000028c0+ wpssdesktop_wpssQueryUseDPMSSuspend
0002:000028e0+ wpssdesktop_wpssSetDPMSSuspendTimeout
0002:00002920+ wpssdesktop_wpssQueryDPMSSuspendTimeout
0002:00002940+ wpssdesktop_wpssSetUseDPMSOff
0002:00002980+ wpssdesktop_wpssQueryUseDPMSOff
0002:000029a0+ wpssdesktop_wpssSetDPMSOffTimeout
0002:000029e0+ wpssdesktop_wpssQueryDPMSOffTimeout
0002:00002a00+ wpssdesktop_wpssSetUseCurrentSecurityPassword
0002:00002a40+ wpssdesktop_wpssQueryUseCurrentSecurityPassword
0002:00002a60+ wpssdesktop_wpssSetWakeByKeyboardOnly
0002:00002aa0+ wpssdesktop_wpssQueryWakeByKeyboardOnly
0002:00002ac0+ wpssdesktop_wpssSetFirstKeyEventGoesToPwdWindow
0002:00002b00+ wpssdesktop_wpssQueryFirstKeyEventGoesToPwdWindow
0002:00002b20+ wpssdesktop_wpssSetDisableVIOPopupsWhileSaving
0002:00002b60+ wpssdesktop_wpssQueryDisableVIOPopupsWhileSaving
0002:00002b80+ wpssdesktop_wpSaveState
0002:00002c00+ wpssdesktop_wpRestoreState
0002:00002ce0+ wpssdesktop_wpAddDesktopLockup1Page
0002:00002d00+ wpssdesktop_wpAddDesktopLockup2Page
0002:00002d20+ wpssdesktop_wpAddDesktopLockup3Page
0002:00002d40+ wpssdesktop_wpSetAutoLockup
0002:00002d80+ wpssdesktop_wpSetLockupOnStartup
0002:00002dc0+ wpssdesktop_wpSetup
0002:00002ef0+ wpssdesktop_wpMenuItemSelected
0002:00002f50+ wpssdesktop_wpOpen
0002:00002fc0+ wpssdesktopM_wpssclsInitializeScreenSaver
0002:00003080+ wpssdesktopM_wpssclsUninitializeScreenSaver
0002:00003090+ wpssdesktopM_wpclsInitData
0002:000030b0+ wpssdesktopM_wpclsUnInitData
0002:000030d0+ wpssdesktopM_wpclsQueryTitle
0002:000030e0+ wpssdesktopM_wpclsQuerySettingsPageSize
0002:00006950+ PreviewWindowProc
0002:00007aa0+ fnwpNLSEnabledNotebookWindowProc
0002:00007bb0+ fnwpNLSEnabledControlWindowProc
0002:00007c90+ fnwpScreenSaverSettingsPage1
0002:00008780+ fnwpScreenSaverSettingsPage2
0002:00008e80+ fnwpScreenSaverSettingsPage3
0002:000098b0  LibMain
0003:00002050+ _bWindowClassRegistered
0003:00002054+ _bFirstOpen
0003:00002058+ _hwndSettingsPage1
0003:0000205c+ _hwndSettingsPage2
0003:00002060+ _hwndSettingsPage3
0003:00002064+ _hwndSettingsNotebook
Module: MSGX.obj(K:\usr\local\src\DDS_v20\wpssdesktop\MSGX.c)
0002:000098e0  fopenMessageFile_
0002:00009960* vfyMemMessageFile_
0002:00009980  sprintmsg_
0002:00009ce0* sprintmemmsg_
0002:0000a020+ _getMessage_
0002:0000a0f0+ _getMemMessage_
0002:0000a1e0+ memread_
0002:0000a1f0+ _insertstring_
0002:0000a250+ _deletestring_
0002:0000a290+ _scrubfmt_
0002:0000a330+ _scrubprecent_
0002:0000a370+ _isfmtchar_
0002:0000a5a0+ _findSubstitute_
Module: g:\WATCOM/lib386/os2\clib3r.lib(nmalloc.c)
0002:0000a600  _nmalloc_
0002:0000a600  malloc_
0003:00002068  ___nheapbeg
0003:0000206c  ___MiniHeapRover
0003:00002070  ___LargestSizeB4MiniHeapRover
Module: g:\WATCOM/lib386/os2\clib3r.lib(nfree.c)
0002:0000a700  _nfree_
0002:0000a700  free_
0003:00002e20  ___MiniHeapFreeRover
Module: g:\WATCOM/lib386/os2\clib3r.lib(sprintf.c)
0002:0000a810  sprintf_
Module: g:\WATCOM/lib386/os2\clib3r.lib(memset.c)
0002:0000a840  memset_
Module: g:\WATCOM/lib386/os2\clib3r.lib(fclose.c)
0002:0000a860  __doclose_
0002:0000a900  __shutdown_stream_
0002:0000a920  fclose_
0003:00002e24+ ___RmTmpFileFn
Module: g:\WATCOM/lib386/os2\clib3r.lib(strncpy.c)
0002:0000a970  strncpy_
Module: g:\WATCOM/lib386/os2\clib3r.lib(stricmp.c)
0002:0000a9b0  stricmp_
Module: g:\WATCOM/lib386/os2\clib3r.lib(_strcmp)
0002:0000a9f0  strcmp_
Module: g:\WATCOM/lib386/os2\clib3r.lib(dstrt386)
0002:0000ab2e  __DLLstart_
0002:0000ab2e* __DLLstartw_
Module: g:\WATCOM/lib386/os2\clib3r.lib(fopen.c)
0002:0000ab90+ __open_flags_
0002:0000ada0+ _fsopen_
0002:0000adf0  fopen_
0002:0000ae80* freopen_
Module: g:\WATCOM/lib386/os2\clib3r.lib(fread.c)
0002:0000aef0  fread_
Module: g:\WATCOM/lib386/os2\clib3r.lib(rewind.c)
0002:0000b0d0  rewind_
Module: g:\WATCOM/lib386/os2\clib3r.lib(fseek.c)
0002:0000b140  fseek_
Module: g:\WATCOM/lib386/os2\clib3r.lib(strnicmp.c)
0002:0000b250  strnicmp_
Module: g:\WATCOM/lib386/os2\clib3r.lib(memmove.c)
0002:0000b2a0  memmove_
Module: g:\WATCOM/lib386/os2\clib3r.lib(fltused.c)
0003:00002074  _fltused_
Module: g:\WATCOM/lib386/os2\emu387.lib(386)
0002:0000b2f4  __init_387_emulator
0002:0000b2f5* __fini_387_emulator
Module: g:\WATCOM/lib386/os2\clib3r.lib(_8087)
0003:00002078  __8087
0003:00002079  __real87
Module: g:\WATCOM/lib386/os2\clib3r.lib(maino32.c)
0003:0000207c  ___FirstThreadData
0003:00002080  ___GetThreadPtr
0003:00002084  __AccessFileH
0003:00002088  __ReleaseFileH
0003:0000208c  __AccessIOB
0003:00002090  __ReleaseIOB
0003:00002094  __AccessNHeap
0003:00002098  __AccessFHeap
0003:0000209c  __ReleaseNHeap
0003:000020a0  __ReleaseFHeap
0002:0000b2fc  __threadstack_
0002:0000b303  __threadid_
0002:0000b30a* __OS2MainInit_
0002:0000b379  __OS2Init_
0002:0000b3b7  __OS2Fini_
0002:0000b3bf  __shutdown_stack_checking_
0002:0000b3d4  __exit_
0003:000020a4  __AccessTDList
0003:000020a8  __ReleaseTDList
0003:000020ac  ___sig_init_rtn
0003:000020b0  ___sig_fini_rtn
0003:000020b4  __threadstksize
0003:000020b8+ ___process_fini
0003:00002e28  ___Is_DLL
0003:00002e2c+ ___saved_CS
Module: g:\WATCOM/lib386/os2\clib3r.lib(nmemneed.c)
0002:0000b420  __nmemneed_
Module: g:\WATCOM/lib386/os2\clib3r.lib(mem.c)
0002:0000b430  __MemAllocator
0002:0000b4e0  __MemFree
Module: g:\WATCOM/lib386/os2\clib3r.lib(grownear.c)
0002:0000b780  __ExpandDGROUP_
Module: g:\WATCOM/lib386/os2\clib3r.lib(vsprintf.c)
0002:0000b7c0  vsprintf_
Module: g:\WATCOM/lib386/os2\clib3r.lib(__stos)
0002:0000b7e0  __STOSB
0002:0000b817* __STOSD
Module: g:\WATCOM/lib386/os2\clib3r.lib(__lseek.c)
0002:0000b890  __lseek_
Module: g:\WATCOM/lib386/os2\clib3r.lib(_clseos2.c)
0002:0000b8c0  __close_
Module: g:\WATCOM/lib386/os2\clib3r.lib(flush.c)
0002:0000b900  __flush_
Module: g:\WATCOM/lib386/os2\clib3r.lib(freefp.c)
0002:0000ba00  __freefp_
0002:0000ba50  __purgefp_
Module: g:\WATCOM/lib386/os2\clib3r.lib(iob.c)
0003:000020bc  ___iob
0003:000022c4  __fmode
0003:00002f30  ___OpenStreams
0003:00002f34  ___ClosedStreams
Module: g:\WATCOM/lib386/os2\clib3r.lib(dmaino32.c)
0002:0000ba7e  __LibMain
Module: g:\WATCOM/lib386/os2\clib3r.lib(segdefns)
0002:00000003  ___begtext
0003:00000000* __nullarea
0003:00002584  __Start_XI
0003:000025ba  __End_XI
0003:000025ba  __Start_YI
0003:000025d2  __End_YI
Module: g:\WATCOM/lib386/os2\clib3r.lib(comtflag.c)
0003:000022c8  __commode
Module: g:\WATCOM/lib386/os2\clib3r.lib(seterrno.c)
0002:0000bc95  __set_errno_
0002:0000bca3* __set_EDOM_
0002:0000bcb1  __set_ERANGE_
0002:0000bcbf* __set_EINVAL_
0002:0000bcd2  __set_doserrno_
Module: g:\WATCOM/lib386/os2\clib3r.lib(tolower.c)
0002:0000bce0  tolower_
Module: g:\WATCOM/lib386/os2\clib3r.lib(openos2.c)
0002:0000beb0* open_
0002:0000bed0  sopen_
Module: g:\WATCOM/lib386/os2\clib3r.lib(chktty.c)
0002:0000bf00  __chktty_
Module: g:\WATCOM/lib386/os2\clib3r.lib(allocfp.c)
0002:0000bf40  __allocfp_
Module: g:\WATCOM/lib386/os2\clib3r.lib(qread.c)
0002:0000c010  __qread_
Module: g:\WATCOM/lib386/os2\clib3r.lib(ioalloc.c)
0002:0000c040  __ioalloc_
Module: g:\WATCOM/lib386/os2\clib3r.lib(fgetc.c)
0002:0000c0e0  __fill_buffer_
0002:0000c1e0* fgetc_
Module: g:\WATCOM/lib386/os2\clib3r.lib(lseek.c)
0002:0000c2a0  lseek_
Module: g:\WATCOM/lib386/os2\clib3r.lib(tell.c)
0002:0000c2d0  tell_
Module: g:\WATCOM/lib386/os2\clib3r.lib(setefg.c)
0002:0000c2f0  __setEFGfmt_
Module: g:\WATCOM/lib386/os2\clib3r.lib(chk8087.c)
0002:0000c310  _fpreset_
0002:0000c330* __init_8087_
0002:0000c340  __chk8087_
Module: g:\WATCOM/lib386/os2\clib3r.lib(crwdata)
0003:0000230e  __osmajor
0003:0000230f  __osminor
0003:000022dc  __LpDllName
0003:000022e0  __LpwCmdLine
0003:000022e4  __LpwPgmName
0003:000022e8  __LpwDllName
0003:000022d4  __LpCmdLine
0003:000022d8  __LpPgmName
0003:000022cc* __dynend
0003:000022d0  __curbrk
0003:000022ec* __STACKLOW
0003:000022f0* __STACKTOP
0003:000022f4  __ASTACKSIZ
0003:000022f8  __ASTACKPTR
0003:000022fc  __cbyte
0003:00002300  __cbyte2
0003:00002304* __child
0003:0000230a  __Envptr
0003:00002308  __no87
0003:00002310* ___FPE_handler
Module: g:\WATCOM/lib386/os2\clib3r.lib(cinit.c)
0002:0000c390  __CommonInit_
0003:00003248  ___hmodule
Module: g:\WATCOM/lib386/os2\clib3r.lib(initrtns.c)
0002:0000c3b0  __InitRtns
0002:0000c400  __FiniRtns
Module: g:\WATCOM/lib386/os2\clib3r.lib(amblksiz.c)
0003:00002314  __amblksiz
Module: g:\WATCOM/lib386/os2\clib3r.lib(heapen.c)
0003:00002318  ___heap_enabled
Module: g:\WATCOM/lib386/os2\clib3r.lib(nheapmin.c)
0002:0000c460  _nheapshrink_
0002:0000c460* _nheapmin_
0002:0000c460* _heapmin_
0002:0000c460  _heapshrink_
Module: g:\WATCOM/lib386/os2\clib3r.lib(prtf.c)
0002:0000c550  __prtf_
Module: g:\WATCOM/lib386/os2\clib3r.lib(dosret.c)
0002:0000d220* _dosretax_
0002:0000d230* _dosret0_
0002:0000d240  __set_errno_dos_
0002:0000d270* __set_errno_dos_reterr_
Module: g:\WATCOM/lib386/os2\clib3r.lib(iomode.c)
0002:0000d280  __GetIOMode_
0002:0000d2a0  __SetIOMode_nogrow_
0003:00002420  ___NFiles
0003:00002424  ___init_mode
0003:00002474  ___io_mode
Module: g:\WATCOM/lib386/os2\clib3r.lib(fsync.c)
0002:0000d2c0  fsync_
Module: g:\WATCOM/lib386/os2\clib3r.lib(qwrit.c)
0002:0000d2f0  __qwrite_
Module: g:\WATCOM/lib386/os2\clib3r.lib(initfile.c)
0002:0000d3c0  __InitFiles_
Module: g:\WATCOM/lib386/os2\clib3r.lib(ioexit.c)
0002:0000d4c0* fcloseall_
0002:0000d4d0  __full_io_exit_
Module: g:\WATCOM/lib386/os2\clib3r.lib(mthread.c)
0002:0000d520+ __CloseSemaphore_
0002:0000d590+ __AccessIOB_
0002:0000d5a0+ __ReleaseIOB_
0002:0000d5b0+ __AccessFileH_
0002:0000d5c0+ __ReleaseFileH_
0002:0000d5d0+ __AccessNHeap_
0002:0000d5e0+ __ReleaseNHeap_
0002:0000d5f0+ __AccessFHeap_
0002:0000d600+ __ReleaseFHeap_
0002:0000d610+ __AccessTDList_
0002:0000d620+ __AccessSemaphore_
0002:0000d680+ __ReleaseTDList_
0002:0000d690+ __ReleaseSemaphore_
0002:0000d6c0+ __MultipleThread_
0002:0000d700  __AllocInitThreadData_
0002:0000d750  __FreeInitThreadData_
0002:0000d760  __OS2AddThread_
0002:0000d7d0  __OS2RemoveThread_
0002:0000d820  __InitMultipleThread_
0003:00002478+ ___AccessSema4
0003:0000247c+ ___ReleaseSema4
0003:00002480+ ___CloseSema4
Module: g:\WATCOM/lib386/os2\clib3r.lib(ddgrpo32.c)
0002:0000da80  __disallow_single_dgroup_
Module: g:\WATCOM/lib386/os2\clib3r.lib(atouni.c)
0002:0000dcd0  _atouni_
Module: g:\WATCOM/lib386/os2\clib3r.lib(trdalloc.c)
0002:0000dd10  __InitThreadProcessing_
0002:0000dd30  __FiniThreadProcessing_
0003:00003658  ___ThreadData
Module: g:\WATCOM/lib386/os2\clib3r.lib(maxthrds.c)
0003:00002484  ___MaxThreads
Module: g:\WATCOM/lib386/os2\clib3r.lib(dosseg)
0000:00001234  __DOSseg__
Module: g:\WATCOM/lib386/os2\clib3r.lib(umaskval.c)
0003:00002488  ___umaskval
Module: g:\WATCOM/lib386/os2\clib3r.lib(os2fil64.c)
0003:0000248c  ___os2_DosOpenL
0003:00002490+ ___os2_DosSetFilePtrL
0003:00002494+ ___os2_DosSetFileSizeL
0003:00002498+ ___os2_DosSetFileLocksL
Module: g:\WATCOM/lib386/os2\clib3r.lib(isattos2.c)
0002:0000de80  isatty_
Module: g:\WATCOM/lib386/os2\clib3r.lib(stiomode.c)
0002:0000deb0  __grow_iomode_
0002:0000df80+ __shrink_iomode_
0002:0000e000  __SetIOMode_
Module: g:\WATCOM/lib386/os2\clib3r.lib(flushall.c)
0002:0000e070  __flushall_
0002:0000e0b0* flushall_
Module: g:\WATCOM/lib386/os2\clib3r.lib(gtcheos2.c)
0002:0000e0c0  getche_
Module: g:\WATCOM/lib386/os2\clib3r.lib(noefgfmt.c)
0003:0000249c  ___EFG_printf
0003:000024a0  ___EFG_scanf
Module: g:\WATCOM/lib386\math387r.lib(efgfmt.c)
0002:0000e132  _EFG_Format_
Module: g:\WATCOM/lib386\math387r.lib(cnvs2d.c)
0002:0000e29c  __cnvs2d_
Module: g:\WATCOM/lib386/os2\clib3r.lib(8087cw.c)
0003:000024a4  __8087cw
Module: g:\WATCOM/lib386/os2\clib3r.lib(init8087)
0002:0000e2ac  __x87id
Module: g:\WATCOM/lib386/os2\clib3r.lib(wctomb.c)
0002:0000e2e0  wctomb_
Module: g:\WATCOM/lib386/os2\clib3r.lib(itoa.c)
0002:0000e310+ utoa_
0002:0000e360  itoa_
Module: g:\WATCOM/lib386/os2\clib3r.lib(strupr.c)
0002:0000e390  strupr_
Module: g:\WATCOM/lib386/os2\clib3r.lib(lltoa.c)
0002:0000e3b0  ulltoa_
0002:0000e420* lltoa_
Module: g:\WATCOM/lib386/os2\clib3r.lib(ltoa.c)
0002:0000e450  ultoa_
0002:0000e4a0* ltoa_
Module: g:\WATCOM/lib386/os2\clib3r.lib(mbisdbcs.c)
0003:000024a8  ___IsDBCS
Module: g:\WATCOM/lib386/os2\clib3r.lib(mbislead.c)
0002:0000e4d0* _ismbblead_
0003:00003660  ___MBCSIsTable
Module: g:\WATCOM/lib386/os2\clib3r.lib(xmsgo32.c)
0002:0000e4f0+ __exit_with_msg_
0002:0000e540  __fatal_runtime_error_
Module: g:\WATCOM/lib386/os2\clib3r.lib(trdlist.c)
0002:0000e5b0  __GetThreadData_
0002:0000e6c0  __ReallocThreadData_
0002:0000e830  __AddThreadData_
0002:0000e8b0  __RemoveThreadData_
0002:0000e910* __ResizeThreadDataList_
0002:0000e960  __FreeThreadDataList_
0002:0000e990* __ActiveThreads_
Module: g:\WATCOM/lib386/os2\clib3r.lib(mthrdini.c)
0002:0000e9b0  __InitThreadData_
0003:000024ac  ___ThreadDataSize
Module: g:\WATCOM/lib386/os2\clib3r.lib(calloc.c)
0002:0000e9d0  calloc_
Module: g:\WATCOM/lib386/os2\clib3r.lib(register.c)
0002:0000ea00  __initthread_
0002:0000ea10* _beginthread_
0002:0000ea20  _endthread_
0002:0000ea30* __RegisterThreadData_
Module: g:\WATCOM/lib386/os2\clib3r.lib(thrdmax.c)
0002:0000ea80  __GETMAXTHREADS
Module: g:\WATCOM/lib386/os2\clib3r.lib(nrealloc.c)
0002:0000ea90* _nrealloc_
0002:0000ea90  realloc_
Module: g:\WATCOM/lib386/os2\clib3r.lib(hdlman.c)
0003:000024bc  ___NHandles
Module: g:\WATCOM/lib386/os2\clib3r.lib(iomodtty.c)
0002:0000eb10  __ChkTTYIOMode_
0002:0000eb50* __IOMode_
Module: g:\WATCOM/lib386/os2\clib3r.lib(getchos2.c)
0002:0000eb70  getch_
Module: g:\WATCOM/lib386/os2\clib3r.lib(putchos2.c)
0002:0000ec30  putch_
Module: g:\WATCOM/lib386/os2\clib3r.lib(rtcntrl.c)
0002:0000ec80* _SetLD64bit_
0002:0000ec90* _SetLD80bit_
0002:0000eca0  _LDisDouble_
Module: g:\WATCOM/lib386\math387r.lib(ldcvt.c)
0002:0000ed8f  _LDScale10x_
0002:0000f336  __LDcvt_
Module: g:\WATCOM/lib386\math387r.lib(strtod.c)
0002:0000fc97+ __Strtold_
0002:0000fdfe  strtod_
Module: g:\WATCOM/lib386/os2\clib3r.lib(alphabet.c)
0003:00001534  ___Alphabet
Module: g:\WATCOM/lib386/os2\clib3r.lib(mbinit.c)
0002:0000ff7c  __mbinit_
0003:0000256c+ ___MBCodePage
Module: g:\WATCOM/lib386/os2\clib3r.lib(enterdb.c)
0002:00010080  __EnterWVIDEO_
0003:00002570+ ___WD_Present
Module: g:\WATCOM/lib386/os2\clib3r.lib(thredo32.c)
0002:00010150  __CBeginThread_
0002:000101f0  __CEndThread_
Module: g:\WATCOM/lib386/os2\clib3r.lib(nmsize.c)
0002:00010210  _nmsize_
0002:00010210* _msize_
Module: g:\WATCOM/lib386/os2\clib3r.lib(nexpand.c)
0002:00010220  _nexpand_
0002:00010220* _expand_
0002:00010260+ __HeapManager_expand_
Module: g:\WATCOM/lib386/os2\clib3r.lib(thunk)
0002:00010438  __TNK
0002:00010424* __TNC
Module: g:\WATCOM/lib386/os2\clib3r.lib(far16fun)
0002:00010488  __Far16Func2
0002:000104d1* __Far16Func
0002:0001051f* __Far16Pascal2
0002:00010566* __Far16Pascal
0002:000105b2* __Far16Cdecl2
0002:00010600* __Far16Cdecl
0002:00010653  __FlatToFar16
0002:0001065c* __Far16ToFlat
Module: g:\WATCOM/lib386\math387r.lib(ldclass.c)
0002:00010665  __LDClass_
0002:000106b5* _FLClass_
Module: g:\WATCOM/lib386/os2\clib3r.lib(istable.c)
0002:000106d0  __IsTable
Module: g:\WATCOM/lib386\math387r.lib(bufld386)
0002:000107d4  __ZBuf2LD
Module: g:\WATCOM/lib386\math387r.lib(inf_nan.c)
0002:00010877* ___f_infinity
0002:0001087b* ___f_posqnan
0002:0001087f  ___d_infinity
0002:00010887  ___d_posqnan
0002:0001088f* ___ld_infinity
0002:00010897* ___ld_posqnan
Module: g:\WATCOM/lib386/os2\clib3r.lib(hugeval.c)
0002:000108a0  __HugeValue
Module: g:\WATCOM/lib386/os2\clib3r.lib(stk)
0002:000108b9  __STK
0002:000108a9* __CHK
0002:000108e8* __GRO
0002:000108d8* __STKOVERFLOW_
Module: g:\WATCOM/lib386/os2\clib3r.lib(itsto32.c)
0002:00010910  __init_threadstksize_


                        +----------------------+
                        |   Imported Symbols   |
                        +----------------------+

Symbol                              Module
======                              ======

somva_SOMObject_somDispatch         som
WPDesktopNewClass                   PMWP
somBuildClass                       som
WPObjectClassData                   PMWP
somParentNumResolve                 som
WPDesktopClassData                  PMWP
SOMClassClassData                   som
M_WPDesktopNewClass                 PMWP
M_WPObjectClassData                 PMWP
DosFindFirst                        DOSCALLS
DosFindClose                        DOSCALLS
UniCreateUconvObject                uconv
UniUconvToUcs                       uconv
UniCreateLocaleObject               libuni
UniQueryLocaleItem                  libuni
UniFreeLocaleObject                 libuni
UniFreeUconvObject                  uconv
UniStrlen                           libuni
UniUconvFromUcs                     uconv
UniFreeMem                          libuni
DosScanEnv                          DOSCALLS
SSCore_SetNLSText                   SSCore
WinSendMsg                          PMWIN
WinInvalidateRect                   PMWIN
SSCore_StartSavingNow               SSCore
SSCore_StartModulePreview           SSCore
SSCore_ConfigureModule              SSCore
SSCore_StopModulePreview            SSCore
SSCore_GetCurrentSettings           SSCore
SSCore_SetCurrentSettings           SSCore
SSCore_EncryptPassword              SSCore
SSCore_GetListOfModules             SSCore
SSCore_FreeListOfModules            SSCore
PrfQueryProfileString               PMSHAPI
DosQuerySysInfo                     DOSCALLS
WinQueryAnchorBlock                 PMWIN
SSCore_Initialize                   SSCore
SSCore_Uninitialize                 SSCore
WinQueryDlgItemText                 PMWIN
WinWindowFromID                     PMWIN
WinGetPS                            PMWIN
GpiQueryTextBox                     PMGPI
WinReleasePS                        PMWIN
WinCreateWindow                     PMWIN
WinQueryWindowPos                   PMWIN
WinDestroyWindow                    PMWIN
WinQueryWindowULong                 PMWIN
WinSetPresParam                     PMWIN
WinBeginEnumWindows                 PMWIN
WinGetNextWindow                    PMWIN
WinEndEnumWindows                   PMWIN
WinQuerySysValue                    PMWIN
WinIsWindowVisible                  PMWIN
WinSetWindowPos                     PMWIN
WinEnableWindowUpdate               PMWIN
WinSendDlgItemMsg                   PMWIN
SSCore_GetInfo                      SSCore
WinEnableWindow                     PMWIN
WinShowWindow                       PMWIN
WinSetDlgItemText                   PMWIN
WinMessageBox                       PMWIN
WinBeginPaint                       PMWIN
WinQueryWindowRect                  PMWIN
WinDrawText                         PMWIN
WinEndPaint                         PMWIN
WinDefWindowProc                    PMWIN
WinQueryWindow                      PMWIN
DrgAccessDraginfo                   PMDRAG
DrgQueryDragitemPtr                 PMDRAG
DrgVerifyType                       PMDRAG
DrgVerifyRMF                        PMDRAG
DrgQueryStrName                     PMDRAG
DrgFreeDraginfo                     PMDRAG
WinQueryWindowPtr                   PMWIN
WinSubclassWindow                   PMWIN
WinSetWindowULong                   PMWIN
WinDefDlgProc                       PMWIN
WinGetMsg                           PMWIN
WinDispatchMsg                      PMWIN
WinQuerySysPointer                  PMWIN
WinSetPointer                       PMWIN
WinRegisterClass                    PMWIN
DosExit                             DOSCALLS
DosAllocMem                         DOSCALLS
DosSetFilePtr                       DOSCALLS
DosClose                            DOSCALLS
DosGetInfoBlocks                    DOSCALLS
DosQueryModuleName                  DOSCALLS
DosOpen                             DOSCALLS
DosRead                             DOSCALLS
DosDevConfig                        DOSCALLS
DosFreeMem                          DOSCALLS
DosResetBuffer                      DOSCALLS
DosWrite                            DOSCALLS
DosCloseMutexSem                    DOSCALLS
DosReleaseMutexSem                  DOSCALLS
DosCreateMutexSem                   DOSCALLS
DosRequestMutexSem                  DOSCALLS
DosLoadModule                       DOSCALLS
DosQueryProcAddr                    DOSCALLS
DosQueryModuleHandle                DOSCALLS
DosQueryHType                       DOSCALLS
DosSetRelMaxFH                      DOSCALLS
KBD16CHARIN                         KBDCALLS
VIO16WRTTTY                         VIOCALLS
DosQueryDBCSEnv                     NLS
DosQueryCp                          DOSCALLS
DosPostEventSem                     DOSCALLS
DosCreateEventSem                   DOSCALLS
DosCreateThread                     DOSCALLS
DosCloseEventSem                    DOSCALLS
DosWaitEventSem                     DOSCALLS
DosFlatToSel                        DOSCALLS
DosSelToFlat                        DOSCALLS


                        +--------------------+
                        |   Libraries Used   |
                        +--------------------+

..\SSCore.lib
G:\OS2TK45\som\lib\somtk.lib
G:\OS2TK45\lib\libuls.lib
G:\OS2TK45\lib\libconv.lib
g:\WATCOM/lib386/os2\emu387.lib
g:\WATCOM/lib386\math387r.lib
g:\WATCOM/lib386/os2\clib3r.lib
G:\OS2TK45\lib\os2386.lib


                        +-----------------------+
                        |   Linker Statistics   |
                        +-----------------------+

Stack size:  0000 (0.)
Memory size:  000140f3 (82163.)
Link time: 00:00.80
